Archive member included to satisfy reference by file (symbol)

c:/st/stm32cubeide_1.7.0/stm32cubeide/plugins/com.st.stm32cube.ide.mcu.externaltools.gnu-tools-for-stm32.9-2020-q2-update.win32_2.0.0.202105311346/tools/bin/../lib/gcc/arm-none-eabi/9.3.1/../../../../arm-none-eabi/lib/thumb/v7-m/nofp\libc_nano.a(lib_a-errno.o)
                              ./Core/Src/syscalls.o (__errno)
c:/st/stm32cubeide_1.7.0/stm32cubeide/plugins/com.st.stm32cube.ide.mcu.externaltools.gnu-tools-for-stm32.9-2020-q2-update.win32_2.0.0.202105311346/tools/bin/../lib/gcc/arm-none-eabi/9.3.1/../../../../arm-none-eabi/lib/thumb/v7-m/nofp\libc_nano.a(lib_a-exit.o)
                              c:/st/stm32cubeide_1.7.0/stm32cubeide/plugins/com.st.stm32cube.ide.mcu.externaltools.gnu-tools-for-stm32.9-2020-q2-update.win32_2.0.0.202105311346/tools/bin/../lib/gcc/arm-none-eabi/9.3.1/../../../../arm-none-eabi/lib/thumb/v7-m/nofp/crt0.o (exit)
c:/st/stm32cubeide_1.7.0/stm32cubeide/plugins/com.st.stm32cube.ide.mcu.externaltools.gnu-tools-for-stm32.9-2020-q2-update.win32_2.0.0.202105311346/tools/bin/../lib/gcc/arm-none-eabi/9.3.1/../../../../arm-none-eabi/lib/thumb/v7-m/nofp\libc_nano.a(lib_a-impure.o)
                              c:/st/stm32cubeide_1.7.0/stm32cubeide/plugins/com.st.stm32cube.ide.mcu.externaltools.gnu-tools-for-stm32.9-2020-q2-update.win32_2.0.0.202105311346/tools/bin/../lib/gcc/arm-none-eabi/9.3.1/../../../../arm-none-eabi/lib/thumb/v7-m/nofp\libc_nano.a(lib_a-exit.o) (_global_impure_ptr)
c:/st/stm32cubeide_1.7.0/stm32cubeide/plugins/com.st.stm32cube.ide.mcu.externaltools.gnu-tools-for-stm32.9-2020-q2-update.win32_2.0.0.202105311346/tools/bin/../lib/gcc/arm-none-eabi/9.3.1/../../../../arm-none-eabi/lib/thumb/v7-m/nofp\libc_nano.a(lib_a-init.o)
                              c:/st/stm32cubeide_1.7.0/stm32cubeide/plugins/com.st.stm32cube.ide.mcu.externaltools.gnu-tools-for-stm32.9-2020-q2-update.win32_2.0.0.202105311346/tools/bin/../lib/gcc/arm-none-eabi/9.3.1/../../../../arm-none-eabi/lib/thumb/v7-m/nofp/crt0.o (__libc_init_array)
c:/st/stm32cubeide_1.7.0/stm32cubeide/plugins/com.st.stm32cube.ide.mcu.externaltools.gnu-tools-for-stm32.9-2020-q2-update.win32_2.0.0.202105311346/tools/bin/../lib/gcc/arm-none-eabi/9.3.1/../../../../arm-none-eabi/lib/thumb/v7-m/nofp\libc_nano.a(lib_a-memset.o)
                              c:/st/stm32cubeide_1.7.0/stm32cubeide/plugins/com.st.stm32cube.ide.mcu.externaltools.gnu-tools-for-stm32.9-2020-q2-update.win32_2.0.0.202105311346/tools/bin/../lib/gcc/arm-none-eabi/9.3.1/../../../../arm-none-eabi/lib/thumb/v7-m/nofp/crt0.o (memset)
c:/st/stm32cubeide_1.7.0/stm32cubeide/plugins/com.st.stm32cube.ide.mcu.externaltools.gnu-tools-for-stm32.9-2020-q2-update.win32_2.0.0.202105311346/tools/bin/../lib/gcc/arm-none-eabi/9.3.1/../../../../arm-none-eabi/lib/thumb/v7-m/nofp\libc_nano.a(lib_a-sprintf.o)
                              ./Core/Src/ServerCommunication/app_http.o (sprintf)
c:/st/stm32cubeide_1.7.0/stm32cubeide/plugins/com.st.stm32cube.ide.mcu.externaltools.gnu-tools-for-stm32.9-2020-q2-update.win32_2.0.0.202105311346/tools/bin/../lib/gcc/arm-none-eabi/9.3.1/../../../../arm-none-eabi/lib/thumb/v7-m/nofp\libc_nano.a(lib_a-strlen.o)
                              ./Core/Src/Peripheral/app_uart.o (strlen)
c:/st/stm32cubeide_1.7.0/stm32cubeide/plugins/com.st.stm32cube.ide.mcu.externaltools.gnu-tools-for-stm32.9-2020-q2-update.win32_2.0.0.202105311346/tools/bin/../lib/gcc/arm-none-eabi/9.3.1/../../../../arm-none-eabi/lib/thumb/v7-m/nofp\libc_nano.a(lib_a-nano-svfprintf.o)
                              c:/st/stm32cubeide_1.7.0/stm32cubeide/plugins/com.st.stm32cube.ide.mcu.externaltools.gnu-tools-for-stm32.9-2020-q2-update.win32_2.0.0.202105311346/tools/bin/../lib/gcc/arm-none-eabi/9.3.1/../../../../arm-none-eabi/lib/thumb/v7-m/nofp\libc_nano.a(lib_a-sprintf.o) (_svfprintf_r)
c:/st/stm32cubeide_1.7.0/stm32cubeide/plugins/com.st.stm32cube.ide.mcu.externaltools.gnu-tools-for-stm32.9-2020-q2-update.win32_2.0.0.202105311346/tools/bin/../lib/gcc/arm-none-eabi/9.3.1/../../../../arm-none-eabi/lib/thumb/v7-m/nofp\libc_nano.a(lib_a-nano-vfprintf_i.o)
                              c:/st/stm32cubeide_1.7.0/stm32cubeide/plugins/com.st.stm32cube.ide.mcu.externaltools.gnu-tools-for-stm32.9-2020-q2-update.win32_2.0.0.202105311346/tools/bin/../lib/gcc/arm-none-eabi/9.3.1/../../../../arm-none-eabi/lib/thumb/v7-m/nofp\libc_nano.a(lib_a-nano-svfprintf.o) (_printf_i)
c:/st/stm32cubeide_1.7.0/stm32cubeide/plugins/com.st.stm32cube.ide.mcu.externaltools.gnu-tools-for-stm32.9-2020-q2-update.win32_2.0.0.202105311346/tools/bin/../lib/gcc/arm-none-eabi/9.3.1/../../../../arm-none-eabi/lib/thumb/v7-m/nofp\libc_nano.a(lib_a-memchr-stub.o)
[...]
Memory Configuration

Name             Origin             Length             Attributes
RAM              0x0000000020000000 0x0000000000010000 xrw
FLASH            0x000000000801e000 0x000000000000c800 xr
*default*        0x0000000000000000 0xffffffffffffffff

Linker script and memory map

LOAD c:/st/stm32cubeide_1.7.0/stm32cubeide/plugins/com.st.stm32cube.ide.mcu.externaltools.gnu-tools-for-stm32.9-2020-q2-update.win32_2.0.0.202105311346/tools/bin/../lib/gcc/arm-none-eabi/9.3.1/thumb/v7-m/nofp/crti.o
LOAD c:/st/stm32cubeide_1.7.0/stm32cubeide/plugins/com.st.stm32cube.ide.mcu.externaltools.gnu-tools-for-stm32.9-2020-q2-update.win32_2.0.0.202105311346/tools/bin/../lib/gcc/arm-none-eabi/9.3.1/thumb/v7-m/nofp/crtbegin.o
LOAD c:/st/stm32cubeide_1.7.0/stm32cubeide/plugins/com.st.stm32cube.ide.mcu.externaltools.gnu-tools-for-stm32.9-2020-q2-update.win32_2.0.0.202105311346/tools/bin/../lib/gcc/arm-none-eabi/9.3.1/../../../../arm-none-eabi/lib/thumb/v7-m/nofp/crt0.o
LOAD ./Core/Src/Component/app_25LC512.o
LOAD ./Core/Src/Component/app_sim7600.o
LOAD ./Core/Src/Peripheral/app_gpio.o
LOAD ./Core/Src/Peripheral/app_i2c.o
LOAD ./Core/Src/Peripheral/app_spi.o
LOAD ./Core/Src/Peripheral/app_system_clock_config.o
LOAD ./Core/Src/Peripheral/app_timer.o
LOAD ./Core/Src/Peripheral/app_uart.o
LOAD ./Core/Src/ServerCommunication/app_http.o
LOAD ./Core/Src/Utility/app_string.o
LOAD ./Core/Src/app_ATProcessing.o
LOAD ./Core/Src/app_scheduler.o
LOAD ./Core/Src/app_version.o
LOAD ./Core/Src/flash.o
LOAD ./Core/Src/fota_fsm.o
LOAD ./Core/Src/main.o
LOAD ./Core/Src/stm32f1xx_hal_msp.o
LOAD ./Core/Src/stm32f1xx_it.o
LOAD ./Core/Src/syscalls.o
LOAD ./Core/Src/sysmem.o
LOAD ./Core/Src/system_stm32f1xx.o
LOAD ./Core/Startup/startup_stm32f103retx.o
LOAD ./Drivers/STM32F1xx_HAL_Driver/Src/stm32f1xx_hal.o
LOAD ./Drivers/STM32F1xx_HAL_Driver/Src/stm32f1xx_hal_cortex.o
LOAD ./Drivers/STM32F1xx_HAL_Driver/Src/stm32f1xx_hal_dma.o
LOAD ./Drivers/STM32F1xx_HAL_Driver/Src/stm32f1xx_hal_exti.o
LOAD ./Drivers/STM32F1xx_HAL_Driver/Src/stm32f1xx_hal_flash.o
LOAD ./Drivers/STM32F1xx_HAL_Driver/Src/stm32f1xx_hal_flash_ex.o
LOAD ./Drivers/STM32F1xx_HAL_Driver/Src/stm32f1xx_hal_gpio.o
LOAD ./Drivers/STM32F1xx_HAL_Driver/Src/stm32f1xx_hal_gpio_ex.o
LOAD ./Drivers/STM32F1xx_HAL_Driver/Src/stm32f1xx_hal_i2c.o
LOAD ./Drivers/STM32F1xx_HAL_Driver/Src/stm32f1xx_hal_pwr.o
LOAD ./Drivers/STM32F1xx_HAL_Driver/Src/stm32f1xx_hal_rcc.o
LOAD ./Drivers/STM32F1xx_HAL_Driver/Src/stm32f1xx_hal_rcc_ex.o
LOAD ./Drivers/STM32F1xx_HAL_Driver/Src/stm32f1xx_hal_spi.o
LOAD ./Drivers/STM32F1xx_HAL_Driver/Src/stm32f1xx_hal_tim.o
LOAD ./Drivers/STM32F1xx_HAL_Driver/Src/stm32f1xx_hal_tim_ex.o
LOAD ./Drivers/STM32F1xx_HAL_Driver/Src/stm32f1xx_hal_uart.o
START GROUP
LOAD c:/st/stm32cubeide_1.7.0/stm32cubeide/plugins/com.st.stm32cube.ide.mcu.externaltools.gnu-tools-for-stm32.9-2020-q2-update.win32_2.0.0.202105311346/tools/bin/../lib/gcc/arm-none-eabi/9.3.1/../../../../arm-none-eabi/lib/thumb/v7-m/nofp\libc_nano.a
LOAD c:/st/stm32cubeide_1.7.0/stm32cubeide/plugins/com.st.stm32cube.ide.mcu.externaltools.gnu-tools-for-stm32.9-2020-q2-update.win32_2.0.0.202105311346/tools/bin/../lib/gcc/arm-none-eabi/9.3.1/../../../../arm-none-eabi/lib/thumb/v7-m/nofp\libm.a
END GROUP
START GROUP
LOAD c:/st/stm32cubeide_1.7.0/stm32cubeide/plugins/com.st.stm32cube.ide.mcu.externaltools.gnu-tools-for-stm32.9-2020-q2-update.win32_2.0.0.202105311346/tools/bin/../lib/gcc/arm-none-eabi/9.3.1/thumb/v7-m/nofp\libgcc.a
LOAD c:/st/stm32cubeide_1.7.0/stm32cubeide/plugins/com.st.stm32cube.ide.mcu.externaltools.gnu-tools-for-stm32.9-2020-q2-update.win32_2.0.0.202105311346/tools/bin/../lib/gcc/arm-none-eabi/9.3.1/../../../../arm-none-eabi/lib/thumb/v7-m/nofp\libc_nano.a
END GROUP
START GROUP
LOAD c:/st/stm32cubeide_1.7.0/stm32cubeide/plugins/com.st.stm32cube.ide.mcu.externaltools.gnu-tools-for-stm32.9-2020-q2-update.win32_2.0.0.202105311346/tools/bin/../lib/gcc/arm-none-eabi/9.3.1/thumb/v7-m/nofp\libgcc.a
LOAD c:/st/stm32cubeide_1.7.0/stm32cubeide/plugins/com.st.stm32cube.ide.mcu.externaltools.gnu-tools-for-stm32.9-2020-q2-update.win32_2.0.0.202105311346/tools/bin/../lib/gcc/arm-none-eabi/9.3.1/../../../../arm-none-eabi/lib/thumb/v7-m/nofp\libc_nano.a
LOAD c:/st/stm32cubeide_1.7.0/stm32cubeide/plugins/com.st.stm32cube.ide.mcu.externaltools.gnu-tools-for-stm32.9-2020-q2-update.win32_2.0.0.202105311346/tools/bin/../lib/gcc/arm-none-eabi/9.3.1/../../../../arm-none-eabi/lib/thumb/v7-m/nofp\libnosys.a
END GROUP
START GROUP
LOAD c:/st/stm32cubeide_1.7.0/stm32cubeide/plugins/com.st.stm32cube.ide.mcu.externaltools.gnu-tools-for-stm32.9-2020-q2-update.win32_2.0.0.202105311346/tools/bin/../lib/gcc/arm-none-eabi/9.3.1/thumb/v7-m/nofp\libgcc.a
LOAD c:/st/stm32cubeide_1.7.0/stm32cubeide/plugins/com.st.stm32cube.ide.mcu.externaltools.gnu-tools-for-stm32.9-2020-q2-update.win32_2.0.0.202105311346/tools/bin/../lib/gcc/arm-none-eabi/9.3.1/../../../../arm-none-eabi/lib/thumb/v7-m/nofp\libc_nano.a
LOAD c:/st/stm32cubeide_1.7.0/stm32cubeide/plugins/com.st.stm32cube.ide.mcu.externaltools.gnu-tools-for-stm32.9-2020-q2-update.win32_2.0.0.202105311346/tools/bin/../lib/gcc/arm-none-eabi/9.3.1/../../../../arm-none-eabi/lib/thumb/v7-m/nofp\libnosys.a
END GROUP
LOAD c:/st/stm32cubeide_1.7.0/stm32cubeide/plugins/com.st.stm32cube.ide.mcu.externaltools.gnu-tools-for-stm32.9-2020-q2-update.win32_2.0.0.202105311346/tools/bin/../lib/gcc/arm-none-eabi/9.3.1/thumb/v7-m/nofp/crtend.o
LOAD c:/st/stm32cubeide_1.7.0/stm32cubeide/plugins/com.st.stm32cube.ide.mcu.externaltools.gnu-tools-for-stm32.9-2020-q2-update.win32_2.0.0.202105311346/tools/bin/../lib/gcc/arm-none-eabi/9.3.1/thumb/v7-m/nofp/crtn.o
                0x0000000020010000                _estack = (ORIGIN (RAM) + LENGTH (RAM))
                0x0000000000000200                _Min_Heap_Size = 0x200
                0x0000000000000400                _Min_Stack_Size = 0x400

.isr_vector     0x000000000801e000      0x1e4
                0x000000000801e000                . = ALIGN (0x4)
 *(.isr_vector)
 .isr_vector    0x000000000801e000      0x1e4 ./Core/Startup/startup_stm32f103retx.o
                0x000000000801e000                g_pfnVectors
                0x000000000801e1e4                . = ALIGN (0x4)

.text           0x000000000801e1e4     0x59d0
                0x000000000801e1e4                . = ALIGN (0x4)
 *(.text)
 .text          0x000000000801e1e4       0x40 c:/st/stm32cubeide_1.7.0/stm32cubeide/plugins/com.st.stm32cube.ide.mcu.externaltools.gnu-tools-for-stm32.9-2020-q2-update.win32_2.0.0.202105311346/tools/bin/../lib/gcc/arm-none-eabi/9.3.1/thumb/v7-m/nofp/crtbegin.o
 .text          0x000000000801e224       0x10 c:/st/stm32cubeide_1.7.0/stm32cubeide/plugins/com.st.stm32cube.ide.mcu.externaltools.gnu-tools-for-stm32.9-2020-q2-update.win32_2.0.0.202105311346/tools/bin/../lib/gcc/arm-none-eabi/9.3.1/../../../../arm-none-eabi/lib/thumb/v7-m/nofp\libc_nano.a(lib_a-strlen.o)
                0x000000000801e224                strlen
 *(.text*)
 .text.MC25LC512_CS
                0x000000000801e234       0x22 ./Core/Src/Component/app_25LC512.o
                0x000000000801e234                MC25LC512_CS
 *fill*         0x000000000801e256        0x2 
 .text.MC25LC512_WriteEnableOrDisable
                0x000000000801e258       0x68 ./Core/Src/Component/app_25LC512.o
                0x000000000801e258                MC25LC512_WriteEnableOrDisable
 .text.MC25LC512_Initialize
                0x000000000801e2c0       0x14 ./Core/Src/Component/app_25LC512.o
                0x000000000801e2c0                MC25LC512_Initialize
 .text.is_Sim7600_TimeOutFlag
                0x000000000801e2d4       0x14 ./Core/Src/Component/app_sim7600.o
                0x000000000801e2d4                is_Sim7600_TimeOutFlag
 .text.Set_Sim7600_Timeout_Flag
                0x000000000801e2e8       0x18 ./Core/Src/Component/app_sim7600.o
                0x000000000801e2e8                Set_Sim7600_Timeout_Flag
 .text.Clear_Sim7600_Timeout_Flag
                0x000000000801e300       0x18 ./Core/Src/Component/app_sim7600.o
                0x000000000801e300                Clear_Sim7600_Timeout_Flag
 .text.Sim7600_State_Display
                0x000000000801e318       0xe4 ./Core/Src/Component/app_sim7600.o
                0x000000000801e318                Sim7600_State_Display
 .text.Sim7600_Run
                0x000000000801e3fc       0x3c ./Core/Src/Component/app_sim7600.o
                0x000000000801e3fc                Sim7600_Run
 .text.Power_Signal_Low
                0x000000000801e438       0x18 ./Core/Src/Component/app_sim7600.o
                0x000000000801e438                Power_Signal_Low
 .text.Power_Signal_High
                0x000000000801e450       0x18 ./Core/Src/Component/app_sim7600.o
                0x000000000801e450                Power_Signal_High
 .text.Reset_Signal_Low
                0x000000000801e468       0x18 ./Core/Src/Component/app_sim7600.o
                0x000000000801e468                Reset_Signal_Low
 .text.Reset_Signal_High
                0x000000000801e480       0x18 ./Core/Src/Component/app_sim7600.o
                0x000000000801e480                Reset_Signal_High
 .text.Sim7600_Power_On
                0x000000000801e498       0x40 ./Core/Src/Component/app_sim7600.o
                0x000000000801e498                Sim7600_Power_On
 .text.Sim7600_Wait_For_Power_On_Respone
                0x000000000801e4d8       0x1c ./Core/Src/Component/app_sim7600.o
                0x000000000801e4d8                Sim7600_Wait_For_Power_On_Respone
 .text.Sim7600_Reset
                0x000000000801e4f4       0x44 ./Core/Src/Component/app_sim7600.o
                0x000000000801e4f4                Sim7600_Reset
 .text.Sim7600_Wait_For_Reset_Respone
                0x000000000801e538       0x1c ./Core/Src/Component/app_sim7600.o
                0x000000000801e538                Sim7600_Wait_For_Reset_Respone
 .text.Sim7600_Start_Up
                0x000000000801e554       0x28 ./Core/Src/Component/app_sim7600.o
                0x000000000801e554                Sim7600_Start_Up
 .text.Sim7600_Wait_For_Start_Up_Respone
                0x000000000801e57c       0x3c ./Core/Src/Component/app_sim7600.o
                0x000000000801e57c                Sim7600_Wait_For_Start_Up_Respone
 .text.Sim7600_Setting
                0x000000000801e5b8       0x2c ./Core/Src/Component/app_sim7600.o
                0x000000000801e5b8                Sim7600_Setting
 .text.Sim7600_Wait_For_Setting_Respone
                0x000000000801e5e4       0x88 ./Core/Src/Component/app_sim7600.o
                0x000000000801e5e4                Sim7600_Wait_For_Setting_Respone
 .text.Sim7600_Get_Imei
                0x000000000801e66c       0x1c ./Core/Src/Component/app_sim7600.o
                0x000000000801e66c                Sim7600_Get_Imei
 .text.Sim7600_Wait_For_Get_Imei_Respone
                0x000000000801e688       0x4c ./Core/Src/Component/app_sim7600.o
                0x000000000801e688                Sim7600_Wait_For_Get_Imei_Respone
 .text.SIM7600_Set_State
                0x000000000801e6d4       0x20 ./Core/Src/Component/app_sim7600.o
                0x000000000801e6d4                SIM7600_Set_State
 .text.Get_Imei
                0x000000000801e6f4       0x48 ./Core/Src/Component/app_sim7600.o
                0x000000000801e6f4                Get_Imei
 .text.Reset_SimConfiguration_State
                0x000000000801e73c        0xe ./Core/Src/Component/app_sim7600.o
                0x000000000801e73c                Reset_SimConfiguration_State
 *fill*         0x000000000801e74a        0x2 
 .text.GPIO_Init
                0x000000000801e74c       0x78 ./Core/Src/Peripheral/app_gpio.o
                0x000000000801e74c                GPIO_Init
 .text.Sim7600_GPIO_Init
                0x000000000801e7c4       0x64 ./Core/Src/Peripheral/app_gpio.o
                0x000000000801e7c4                Sim7600_GPIO_Init
 .text.SPI2_Init
                0x000000000801e828       0x84 ./Core/Src/Peripheral/app_spi.o
                0x000000000801e828                SPI2_Init
 .text.ResetChipSelect
                0x000000000801e8ac       0x18 ./Core/Src/Peripheral/app_spi.o
                0x000000000801e8ac                ResetChipSelect
 .text.SetChipSelect
                0x000000000801e8c4       0x18 ./Core/Src/Peripheral/app_spi.o
                0x000000000801e8c4                SetChipSelect
 .text.SystemClock_Config
                0x000000000801e8dc       0x8c ./Core/Src/Peripheral/app_system_clock_config.o
                0x000000000801e8dc                SystemClock_Config
 .text.Timer_Init
                0x000000000801e968       0x7c ./Core/Src/Peripheral/app_timer.o
                0x000000000801e968                Timer_Init
 .text.HAL_TIM_PeriodElapsedCallback
                0x000000000801e9e4       0x14 ./Core/Src/Peripheral/app_timer.o
                0x000000000801e9e4                HAL_TIM_PeriodElapsedCallback
 .text.UART_SIM7600_Init
                0x000000000801e9f8       0x58 ./Core/Src/Peripheral/app_uart.o
                0x000000000801e9f8                UART_SIM7600_Init
 .text.UART_SIM7600_Transmit
                0x000000000801ea50       0x58 ./Core/Src/Peripheral/app_uart.o
                0x000000000801ea50                UART_SIM7600_Transmit
 .text.UART_SIM7600_Received_Buffer_Available
                0x000000000801eaa8       0x2c ./Core/Src/Peripheral/app_uart.o
                0x000000000801eaa8                UART_SIM7600_Received_Buffer_Available
 .text.UART_SIM7600_Read_Received_Buffer
                0x000000000801ead4       0x5c ./Core/Src/Peripheral/app_uart.o
                0x000000000801ead4                UART_SIM7600_Read_Received_Buffer
 .text.UART_DEBUG_Init
                0x000000000801eb30       0x54 ./Core/Src/Peripheral/app_uart.o
                0x000000000801eb30                UART_DEBUG_Init
 .text.UART_DEBUG_Transmit
                0x000000000801eb84       0x3c ./Core/Src/Peripheral/app_uart.o
                0x000000000801eb84                UART_DEBUG_Transmit
 .text.UART_DEBUG_Transmit_Size
                0x000000000801ebc0       0x30 ./Core/Src/Peripheral/app_uart.o
                0x000000000801ebc0                UART_DEBUG_Transmit_Size
 .text.Start_Receive_IT
                0x000000000801ebf0       0x24 ./Core/Src/Peripheral/app_uart.o
                0x000000000801ebf0                Start_Receive_IT
 .text.HAL_UART_RxCpltCallback
                0x000000000801ec14       0x60 ./Core/Src/Peripheral/app_uart.o
                0x000000000801ec14                HAL_UART_RxCpltCallback
 .text.HAL_UART_TxCpltCallback
                0x000000000801ec74       0x1c ./Core/Src/Peripheral/app_uart.o
                0x000000000801ec74                HAL_UART_TxCpltCallback
 .text.Clear_Reiceive_Buffer
                0x000000000801ec90       0x2c ./Core/Src/Peripheral/app_uart.o
                0x000000000801ec90                Clear_Reiceive_Buffer
 .text.HTTP_Display_State
                0x000000000801ecbc       0xec ./Core/Src/ServerCommunication/app_http.o
                0x000000000801ecbc                HTTP_Display_State
 .text.HTTP_Run
                0x000000000801eda8       0x48 ./Core/Src/ServerCommunication/app_http.o
                0x000000000801eda8                HTTP_Run
 .text.HTTP_Init
                0x000000000801edf0       0x48 ./Core/Src/ServerCommunication/app_http.o
                0x000000000801edf0                HTTP_Init
 .text.HTTP_Wait_For_Init
                0x000000000801ee38       0x34 ./Core/Src/ServerCommunication/app_http.o
                0x000000000801ee38                HTTP_Wait_For_Init
 .text.HTTP_Para
                0x000000000801ee6c       0x58 ./Core/Src/ServerCommunication/app_http.o
                0x000000000801ee6c                HTTP_Para
 .text.HTTP_Wait_For_Para
                0x000000000801eec4       0x34 ./Core/Src/ServerCommunication/app_http.o
                0x000000000801eec4                HTTP_Wait_For_Para
 .text.HTTP_Action
                0x000000000801eef8       0x4c ./Core/Src/ServerCommunication/app_http.o
                0x000000000801eef8                HTTP_Action
 .text.HTTP_Wait_For_Action
                0x000000000801ef44       0x94 ./Core/Src/ServerCommunication/app_http.o
                0x000000000801ef44                HTTP_Wait_For_Action
 .text.HTTP_Read
                0x000000000801efd8       0xe4 ./Core/Src/ServerCommunication/app_http.o
                0x000000000801efd8                HTTP_Read
 .text.HTTP_Wait_For_Read
                0x000000000801f0bc       0xb0 ./Core/Src/ServerCommunication/app_http.o
                0x000000000801f0bc                HTTP_Wait_For_Read
 .text.HTTP_Term
                0x000000000801f16c       0x38 ./Core/Src/ServerCommunication/app_http.o
                0x000000000801f16c                HTTP_Term
 .text.HTTP_Wait_For_Term
                0x000000000801f1a4       0x34 ./Core/Src/ServerCommunication/app_http.o
                0x000000000801f1a4                HTTP_Wait_For_Term
 .text.HTTP_Done
                0x000000000801f1d8        0xc ./Core/Src/ServerCommunication/app_http.o
                0x000000000801f1d8                HTTP_Done
 .text.is_Http_TimeOutFlag
                0x000000000801f1e4       0x14 ./Core/Src/ServerCommunication/app_http.o
                0x000000000801f1e4                is_Http_TimeOutFlag
 .text.Set_Http_Timeout_Flag
                0x000000000801f1f8       0x18 ./Core/Src/ServerCommunication/app_http.o
                0x000000000801f1f8                Set_Http_Timeout_Flag
 .text.Clear_Http_Timeout_Flag
                0x000000000801f210       0x18 ./Core/Src/ServerCommunication/app_http.o
                0x000000000801f210                Clear_Http_Timeout_Flag
 .text.HTTP_Firmware_Version
                0x000000000801f228       0xec ./Core/Src/ServerCommunication/app_http.o
                0x000000000801f228                HTTP_Firmware_Version
 .text.is_Firmware_Line_Data_Correct
                0x000000000801f314       0xcc ./Core/Src/ServerCommunication/app_http.o
                0x000000000801f314                is_Firmware_Line_Data_Correct
 .text.HTTP_Firmware_Data
                0x000000000801f3e0      0x5c8 ./Core/Src/ServerCommunication/app_http.o
                0x000000000801f3e0                HTTP_Firmware_Data
 .text.HTTP_Get_Content_Length
                0x000000000801f9a8       0x74 ./Core/Src/ServerCommunication/app_http.o
                0x000000000801f9a8                HTTP_Get_Content_Length
 .text.HTTP_Set_State
                0x000000000801fa1c       0x20 ./Core/Src/ServerCommunication/app_http.o
                0x000000000801fa1c                HTTP_Set_State
 .text.Clear_Http_Command
                0x000000000801fa3c       0x18 ./Core/Src/ServerCommunication/app_http.o
                0x000000000801fa3c                Clear_Http_Command
 .text.HTTP_Return_Content_Length
                0x000000000801fa54       0x14 ./Core/Src/ServerCommunication/app_http.o
                0x000000000801fa54                HTTP_Return_Content_Length
 .text.isReceiveData
                0x000000000801fa68       0x70 ./Core/Src/Utility/app_string.o
                0x000000000801fa68                isReceiveData
 .text.isReceiveData_New
                0x000000000801fad8       0x90 ./Core/Src/Utility/app_string.o
                0x000000000801fad8                isReceiveData_New
 .text.Char2Hex
                0x000000000801fb68       0x3c ./Core/Src/Utility/app_string.o
                0x000000000801fb68                Char2Hex
 .text.AT_Processing
                0x000000000801fba4      0x224 ./Core/Src/app_ATProcessing.o
                0x000000000801fba4                AT_Processing
 .text.Get_AT_Result
                0x000000000801fdc8       0x14 ./Core/Src/app_ATProcessing.o
                0x000000000801fdc8                Get_AT_Result
 .text.Clear_AT_Result
                0x000000000801fddc       0x18 ./Core/Src/app_ATProcessing.o
                0x000000000801fddc                Clear_AT_Result
 .text.Get_New_Task_ID
                0x000000000801fdf4       0x30 ./Core/Src/app_scheduler.o
                0x000000000801fdf4                Get_New_Task_ID
 .text.SCH_Update
                0x000000000801fe24       0x50 ./Core/Src/app_scheduler.o
                0x000000000801fe24                SCH_Update
 .text.SCH_Add_Task
                0x000000000801fe74      0x2ac ./Core/Src/app_scheduler.o
                0x000000000801fe74                SCH_Add_Task
 .text.SCH_Delete_Task
                0x0000000008020120      0x1e8 ./Core/Src/app_scheduler.o
                0x0000000008020120                SCH_Delete_Task
 .text.SCH_Dispatch_Tasks
                0x0000000008020308       0x50 ./Core/Src/app_scheduler.o
                0x0000000008020308                SCH_Dispatch_Tasks
 .text.__NVIC_SystemReset
                0x0000000008020358       0x2c ./Core/Src/app_version.o
 .text.Jump_To_Current_Firmware
                0x0000000008020384       0x1c ./Core/Src/app_version.o
                0x0000000008020384                Jump_To_Current_Firmware
 .text.Jump_To_Factory_Firmware
                0x00000000080203a0       0x1c ./Core/Src/app_version.o
                0x00000000080203a0                Jump_To_Factory_Firmware
 .text.Get_Update_Firmware_Status
                0x00000000080203bc       0x14 ./Core/Src/app_version.o
                0x00000000080203bc                Get_Update_Firmware_Status
 .text.Flash_Lock
                0x00000000080203d0        0xc ./Core/Src/flash.o
                0x00000000080203d0                Flash_Lock
 .text.Flash_Unlock
                0x00000000080203dc        0xc ./Core/Src/flash.o
                0x00000000080203dc                Flash_Unlock
 .text.Flash_Erase
                0x00000000080203e8       0x48 ./Core/Src/flash.o
                0x00000000080203e8                Flash_Erase
 .text.Flash_Write_Int
                0x0000000008020430       0x5c ./Core/Src/flash.o
                0x0000000008020430                Flash_Write_Int
 .text.Flash_Write_Char
                0x000000000802048c       0xa0 ./Core/Src/flash.o
                0x000000000802048c                Flash_Write_Char
 .text.FSM_Display_State
                0x000000000802052c       0x4c ./Core/Src/fota_fsm.o
                0x000000000802052c                FSM_Display_State
 .text.FSM_Run  0x0000000008020578       0x30 ./Core/Src/fota_fsm.o
                0x0000000008020578                FSM_Run
 .text.Start_Simcom
                0x00000000080205a8       0x1c ./Core/Src/fota_fsm.o
                0x00000000080205a8                Start_Simcom
 .text.Version_Checking_Http
                0x00000000080205c4       0x78 ./Core/Src/fota_fsm.o
                0x00000000080205c4                Version_Checking_Http
 .text.main     0x000000000802063c       0x3c ./Core/Src/main.o
                0x000000000802063c                main
 .text.Error_Handler
                0x0000000008020678        0xa ./Core/Src/main.o
                0x0000000008020678                Error_Handler
 *fill*         0x0000000008020682        0x2 
 .text.HAL_MspInit
                0x0000000008020684       0x64 ./Core/Src/stm32f1xx_hal_msp.o
                0x0000000008020684                HAL_MspInit
 .text.HAL_SPI_MspInit
                0x00000000080206e8       0x80 ./Core/Src/stm32f1xx_hal_msp.o
                0x00000000080206e8                HAL_SPI_MspInit
 .text.HAL_TIM_Base_MspInit
                0x0000000008020768       0x4c ./Core/Src/stm32f1xx_hal_msp.o
                0x0000000008020768                HAL_TIM_Base_MspInit
 .text.HAL_UART_MspInit
                0x00000000080207b4      0x120 ./Core/Src/stm32f1xx_hal_msp.o
                0x00000000080207b4                HAL_UART_MspInit
 .text.NMI_Handler
                0x00000000080208d4        0x6 ./Core/Src/stm32f1xx_it.o
                0x00000000080208d4                NMI_Handler
 .text.HardFault_Handler
                0x00000000080208da        0x6 ./Core/Src/stm32f1xx_it.o
                0x00000000080208da                HardFault_Handler
 .text.MemManage_Handler
                0x00000000080208e0        0x6 ./Core/Src/stm32f1xx_it.o
                0x00000000080208e0                MemManage_Handler
 .text.BusFault_Handler
                0x00000000080208e6        0x6 ./Core/Src/stm32f1xx_it.o
                0x00000000080208e6                BusFault_Handler
 .text.UsageFault_Handler
                0x00000000080208ec        0x6 ./Core/Src/stm32f1xx_it.o
                0x00000000080208ec                UsageFault_Handler
 .text.SVC_Handler
                0x00000000080208f2        0xc ./Core/Src/stm32f1xx_it.o
                0x00000000080208f2                SVC_Handler
 .text.DebugMon_Handler
                0x00000000080208fe        0xc ./Core/Src/stm32f1xx_it.o
                0x00000000080208fe                DebugMon_Handler
 .text.PendSV_Handler
                0x000000000802090a        0xc ./Core/Src/stm32f1xx_it.o
                0x000000000802090a                PendSV_Handler
 .text.SysTick_Handler
                0x0000000008020916        0xc ./Core/Src/stm32f1xx_it.o
                0x0000000008020916                SysTick_Handler
 *fill*         0x0000000008020922        0x2 
 .text.TIM3_IRQHandler
                0x0000000008020924       0x14 ./Core/Src/stm32f1xx_it.o
                0x0000000008020924                TIM3_IRQHandler
 .text.USART1_IRQHandler
                0x0000000008020938       0x14 ./Core/Src/stm32f1xx_it.o
                0x0000000008020938                USART1_IRQHandler
 .text._sbrk    0x000000000802094c       0x6c ./Core/Src/sysmem.o
                0x000000000802094c                _sbrk
 .text.SystemInit
                0x00000000080209b8       0x1c ./Core/Src/system_stm32f1xx.o
                0x00000000080209b8                SystemInit
 .text.Reset_Handler
                0x00000000080209d4       0x48 ./Core/Startup/startup_stm32f103retx.o
                0x00000000080209d4                Reset_Handler
 .text.Default_Handler
                0x0000000008020a1c        0x2 ./Core/Startup/startup_stm32f103retx.o
                0x0000000008020a1c                RTC_Alarm_IRQHandler
                0x0000000008020a1c                EXTI2_IRQHandler
                0x0000000008020a1c                TIM8_TRG_COM_IRQHandler
                0x0000000008020a1c                TIM8_CC_IRQHandler
                0x0000000008020a1c                TIM1_CC_IRQHandler
                0x0000000008020a1c                TIM6_IRQHandler
                0x0000000008020a1c                PVD_IRQHandler
                0x0000000008020a1c                SDIO_IRQHandler
                0x0000000008020a1c                EXTI3_IRQHandler
                0x0000000008020a1c                EXTI0_IRQHandler
                0x0000000008020a1c                I2C2_EV_IRQHandler
                0x0000000008020a1c                ADC1_2_IRQHandler
                0x0000000008020a1c                SPI1_IRQHandler
                0x0000000008020a1c                TAMPER_IRQHandler
                0x0000000008020a1c                TIM8_UP_IRQHandler
                0x0000000008020a1c                DMA2_Channel2_IRQHandler
                0x0000000008020a1c                DMA1_Channel4_IRQHandler
                0x0000000008020a1c                USART3_IRQHandler
                0x0000000008020a1c                RTC_IRQHandler
                0x0000000008020a1c                DMA1_Channel7_IRQHandler
                0x0000000008020a1c                CAN1_RX1_IRQHandler
                0x0000000008020a1c                UART5_IRQHandler
                0x0000000008020a1c                ADC3_IRQHandler
                0x0000000008020a1c                TIM4_IRQHandler
                0x0000000008020a1c                DMA2_Channel1_IRQHandler
                0x0000000008020a1c                I2C1_EV_IRQHandler
                0x0000000008020a1c                DMA1_Channel6_IRQHandler
                0x0000000008020a1c                UART4_IRQHandler
                0x0000000008020a1c                RCC_IRQHandler
                0x0000000008020a1c                TIM1_TRG_COM_IRQHandler
                0x0000000008020a1c                DMA1_Channel1_IRQHandler
                0x0000000008020a1c                Default_Handler
                0x0000000008020a1c                EXTI15_10_IRQHandler
                0x0000000008020a1c                TIM7_IRQHandler
                0x0000000008020a1c                TIM5_IRQHandler
                0x0000000008020a1c                EXTI9_5_IRQHandler
                0x0000000008020a1c                SPI2_IRQHandler
                0x0000000008020a1c                DMA1_Channel5_IRQHandler
                0x0000000008020a1c                EXTI4_IRQHandler
                0x0000000008020a1c                USB_LP_CAN1_RX0_IRQHandler
                0x0000000008020a1c                USB_HP_CAN1_TX_IRQHandler
                0x0000000008020a1c                DMA1_Channel3_IRQHandler
                0x0000000008020a1c                FSMC_IRQHandler
                0x0000000008020a1c                TIM1_UP_IRQHandler
                0x0000000008020a1c                WWDG_IRQHandler
                0x0000000008020a1c                TIM2_IRQHandler
                0x0000000008020a1c                TIM1_BRK_IRQHandler
                0x0000000008020a1c                EXTI1_IRQHandler
                0x0000000008020a1c                DMA2_Channel4_5_IRQHandler
                0x0000000008020a1c                USART2_IRQHandler
                0x0000000008020a1c                I2C2_ER_IRQHandler
                0x0000000008020a1c                DMA1_Channel2_IRQHandler
                0x0000000008020a1c                TIM8_BRK_IRQHandler
                0x0000000008020a1c                CAN1_SCE_IRQHandler
                0x0000000008020a1c                FLASH_IRQHandler
                0x0000000008020a1c                SPI3_IRQHandler
                0x0000000008020a1c                I2C1_ER_IRQHandler
                0x0000000008020a1c                USBWakeUp_IRQHandler
                0x0000000008020a1c                DMA2_Channel3_IRQHandler
 *fill*         0x0000000008020a1e        0x2 
 .text.HAL_Init
                0x0000000008020a20       0x2c ./Drivers/STM32F1xx_HAL_Driver/Src/stm32f1xx_hal.o
                0x0000000008020a20                HAL_Init
 .text.HAL_InitTick
                0x0000000008020a4c       0x60 ./Drivers/STM32F1xx_HAL_Driver/Src/stm32f1xx_hal.o
                0x0000000008020a4c                HAL_InitTick
 .text.HAL_IncTick
                0x0000000008020aac       0x24 ./Drivers/STM32F1xx_HAL_Driver/Src/stm32f1xx_hal.o
                0x0000000008020aac                HAL_IncTick
 .text.HAL_GetTick
                0x0000000008020ad0       0x14 ./Drivers/STM32F1xx_HAL_Driver/Src/stm32f1xx_hal.o
                0x0000000008020ad0                HAL_GetTick
 .text.HAL_Delay
                0x0000000008020ae4       0x48 ./Drivers/STM32F1xx_HAL_Driver/Src/stm32f1xx_hal.o
                0x0000000008020ae4                HAL_Delay
 .text.__NVIC_SetPriorityGrouping
                0x0000000008020b2c       0x48 ./Drivers/STM32F1xx_HAL_Driver/Src/stm32f1xx_hal_cortex.o
 .text.__NVIC_GetPriorityGrouping
                0x0000000008020b74       0x1c ./Drivers/STM32F1xx_HAL_Driver/Src/stm32f1xx_hal_cortex.o
 .text.__NVIC_EnableIRQ
                0x0000000008020b90       0x38 ./Drivers/STM32F1xx_HAL_Driver/Src/stm32f1xx_hal_cortex.o
 .text.__NVIC_SetPriority
                0x0000000008020bc8       0x54 ./Drivers/STM32F1xx_HAL_Driver/Src/stm32f1xx_hal_cortex.o
 .text.NVIC_EncodePriority
                0x0000000008020c1c       0x64 ./Drivers/STM32F1xx_HAL_Driver/Src/stm32f1xx_hal_cortex.o
 .text.SysTick_Config
                0x0000000008020c80       0x44 ./Drivers/STM32F1xx_HAL_Driver/Src/stm32f1xx_hal_cortex.o
 .text.HAL_NVIC_SetPriorityGrouping
                0x0000000008020cc4       0x16 ./Drivers/STM32F1xx_HAL_Driver/Src/stm32f1xx_hal_cortex.o
                0x0000000008020cc4                HAL_NVIC_SetPriorityGrouping
 .text.HAL_NVIC_SetPriority
                0x0000000008020cda       0x38 ./Drivers/STM32F1xx_HAL_Driver/Src/stm32f1xx_hal_cortex.o
                0x0000000008020cda                HAL_NVIC_SetPriority
 .text.HAL_NVIC_EnableIRQ
                0x0000000008020d12       0x1c ./Drivers/STM32F1xx_HAL_Driver/Src/stm32f1xx_hal_cortex.o
                0x0000000008020d12                HAL_NVIC_EnableIRQ
 .text.HAL_SYSTICK_Config
                0x0000000008020d2e       0x18 ./Drivers/STM32F1xx_HAL_Driver/Src/stm32f1xx_hal_cortex.o
                0x0000000008020d2e                HAL_SYSTICK_Config
 .text.HAL_DMA_Abort
                0x0000000008020d46       0x74 ./Drivers/STM32F1xx_HAL_Driver/Src/stm32f1xx_hal_dma.o
                0x0000000008020d46                HAL_DMA_Abort
 *fill*         0x0000000008020dba        0x2 
 .text.HAL_DMA_Abort_IT
                0x0000000008020dbc      0x210 ./Drivers/STM32F1xx_HAL_Driver/Src/stm32f1xx_hal_dma.o
                0x0000000008020dbc                HAL_DMA_Abort_IT
 .text.HAL_FLASH_Unlock
                0x0000000008020fcc       0x4c ./Drivers/STM32F1xx_HAL_Driver/Src/stm32f1xx_hal_flash.o
                0x0000000008020fcc                HAL_FLASH_Unlock
 .text.HAL_FLASH_Lock
                0x0000000008021018       0x20 ./Drivers/STM32F1xx_HAL_Driver/Src/stm32f1xx_hal_flash.o
                0x0000000008021018                HAL_FLASH_Lock
 .text.FLASH_WaitForLastOperation
                0x0000000008021038       0x8c ./Drivers/STM32F1xx_HAL_Driver/Src/stm32f1xx_hal_flash.o
                0x0000000008021038                FLASH_WaitForLastOperation
 .text.FLASH_SetErrorCode
                0x00000000080210c4       0xa0 ./Drivers/STM32F1xx_HAL_Driver/Src/stm32f1xx_hal_flash.o
 .text.HAL_FLASHEx_Erase
                0x0000000008021164       0xd8 ./Drivers/STM32F1xx_HAL_Driver/Src/stm32f1xx_hal_flash_ex.o
                0x0000000008021164                HAL_FLASHEx_Erase
 .text.FLASH_MassErase
                0x000000000802123c       0x38 ./Drivers/STM32F1xx_HAL_Driver/Src/stm32f1xx_hal_flash_ex.o
 .text.FLASH_PageErase
                0x0000000008021274       0x40 ./Drivers/STM32F1xx_HAL_Driver/Src/stm32f1xx_hal_flash_ex.o
                0x0000000008021274                FLASH_PageErase
 .text.HAL_GPIO_Init
                0x00000000080212b4      0x328 ./Drivers/STM32F1xx_HAL_Driver/Src/stm32f1xx_hal_gpio.o
                0x00000000080212b4                HAL_GPIO_Init
 .text.HAL_GPIO_WritePin
                0x00000000080215dc       0x30 ./Drivers/STM32F1xx_HAL_Driver/Src/stm32f1xx_hal_gpio.o
                0x00000000080215dc                HAL_GPIO_WritePin
 .text.HAL_RCC_OscConfig
                0x000000000802160c      0x500 ./Drivers/STM32F1xx_HAL_Driver/Src/stm32f1xx_hal_rcc.o
                0x000000000802160c                HAL_RCC_OscConfig
 .text.HAL_RCC_ClockConfig
                0x0000000008021b0c      0x1d4 ./Drivers/STM32F1xx_HAL_Driver/Src/stm32f1xx_hal_rcc.o
                0x0000000008021b0c                HAL_RCC_ClockConfig
 .text.HAL_RCC_GetSysClockFreq
                0x0000000008021ce0       0xc0 ./Drivers/STM32F1xx_HAL_Driver/Src/stm32f1xx_hal_rcc.o
                0x0000000008021ce0                HAL_RCC_GetSysClockFreq
 .text.HAL_RCC_GetHCLKFreq
                0x0000000008021da0       0x14 ./Drivers/STM32F1xx_HAL_Driver/Src/stm32f1xx_hal_rcc.o
                0x0000000008021da0                HAL_RCC_GetHCLKFreq
 .text.HAL_RCC_GetPCLK1Freq
                0x0000000008021db4       0x28 ./Drivers/STM32F1xx_HAL_Driver/Src/stm32f1xx_hal_rcc.o
                0x0000000008021db4                HAL_RCC_GetPCLK1Freq
 .text.HAL_RCC_GetPCLK2Freq
                0x0000000008021ddc       0x28 ./Drivers/STM32F1xx_HAL_Driver/Src/stm32f1xx_hal_rcc.o
                0x0000000008021ddc                HAL_RCC_GetPCLK2Freq
 .text.RCC_Delay
                0x0000000008021e04       0x3c ./Drivers/STM32F1xx_HAL_Driver/Src/stm32f1xx_hal_rcc.o
 .text.HAL_SPI_Init
                0x0000000008021e40      0x108 ./Drivers/STM32F1xx_HAL_Driver/Src/stm32f1xx_hal_spi.o
                0x0000000008021e40                HAL_SPI_Init
 .text.HAL_SPI_Transmit
                0x0000000008021f48      0x278 ./Drivers/STM32F1xx_HAL_Driver/Src/stm32f1xx_hal_spi.o
                0x0000000008021f48                HAL_SPI_Transmit
 .text.SPI_WaitFlagStateUntilTimeout
                0x00000000080221c0      0x110 ./Drivers/STM32F1xx_HAL_Driver/Src/stm32f1xx_hal_spi.o
 .text.SPI_EndRxTxTransaction
                0x00000000080222d0       0x3c ./Drivers/STM32F1xx_HAL_Driver/Src/stm32f1xx_hal_spi.o
 .text.HAL_TIM_Base_Init
                0x000000000802230c       0x9e ./Drivers/STM32F1xx_HAL_Driver/Src/stm32f1xx_hal_tim.o
                0x000000000802230c                HAL_TIM_Base_Init
 *fill*         0x00000000080223aa        0x2 
 .text.HAL_TIM_Base_Start_IT
                0x00000000080223ac       0xc0 ./Drivers/STM32F1xx_HAL_Driver/Src/stm32f1xx_hal_tim.o
                0x00000000080223ac                HAL_TIM_Base_Start_IT
 .text.HAL_TIM_IRQHandler
                0x000000000802246c      0x210 ./Drivers/STM32F1xx_HAL_Driver/Src/stm32f1xx_hal_tim.o
                0x000000000802246c                HAL_TIM_IRQHandler
 .text.HAL_TIM_OC_DelayElapsedCallback
                0x000000000802267c       0x12 ./Drivers/STM32F1xx_HAL_Driver/Src/stm32f1xx_hal_tim.o
                0x000000000802267c                HAL_TIM_OC_DelayElapsedCallback
 .text.HAL_TIM_IC_CaptureCallback
                0x000000000802268e       0x12 ./Drivers/STM32F1xx_HAL_Driver/Src/stm32f1xx_hal_tim.o
                0x000000000802268e                HAL_TIM_IC_CaptureCallback
 .text.HAL_TIM_PWM_PulseFinishedCallback
                0x00000000080226a0       0x12 ./Drivers/STM32F1xx_HAL_Driver/Src/stm32f1xx_hal_tim.o
                0x00000000080226a0                HAL_TIM_PWM_PulseFinishedCallback
 .text.HAL_TIM_TriggerCallback
                0x00000000080226b2       0x12 ./Drivers/STM32F1xx_HAL_Driver/Src/stm32f1xx_hal_tim.o
                0x00000000080226b2                HAL_TIM_TriggerCallback
 .text.TIM_Base_SetConfig
                0x00000000080226c4       0xf4 ./Drivers/STM32F1xx_HAL_Driver/Src/stm32f1xx_hal_tim.o
                0x00000000080226c4                TIM_Base_SetConfig
 .text.HAL_TIMEx_CommutCallback
                0x00000000080227b8       0x12 ./Drivers/STM32F1xx_HAL_Driver/Src/stm32f1xx_hal_tim_ex.o
                0x00000000080227b8                HAL_TIMEx_CommutCallback
 .text.HAL_TIMEx_BreakCallback
                0x00000000080227ca       0x12 ./Drivers/STM32F1xx_HAL_Driver/Src/stm32f1xx_hal_tim_ex.o
                0x00000000080227ca                HAL_TIMEx_BreakCallback
 .text.HAL_UART_Init
                0x00000000080227dc       0x9a ./Drivers/STM32F1xx_HAL_Driver/Src/stm32f1xx_hal_uart.o
                0x00000000080227dc                HAL_UART_Init
 .text.HAL_UART_Transmit
                0x0000000008022876      0x124 ./Drivers/STM32F1xx_HAL_Driver/Src/stm32f1xx_hal_uart.o
                0x0000000008022876                HAL_UART_Transmit
 .text.HAL_UART_Transmit_IT
                0x000000000802299a       0x88 ./Drivers/STM32F1xx_HAL_Driver/Src/stm32f1xx_hal_uart.o
                0x000000000802299a                HAL_UART_Transmit_IT
 .text.HAL_UART_Receive_IT
                0x0000000008022a22       0x60 ./Drivers/STM32F1xx_HAL_Driver/Src/stm32f1xx_hal_uart.o
                0x0000000008022a22                HAL_UART_Receive_IT
 *fill*         0x0000000008022a82        0x2 
 .text.HAL_UART_IRQHandler
                0x0000000008022a84      0x354 ./Drivers/STM32F1xx_HAL_Driver/Src/stm32f1xx_hal_uart.o
                0x0000000008022a84                HAL_UART_IRQHandler
 .text.HAL_UART_ErrorCallback
                0x0000000008022dd8       0x12 ./Drivers/STM32F1xx_HAL_Driver/Src/stm32f1xx_hal_uart.o
                0x0000000008022dd8                HAL_UART_ErrorCallback
 .text.HAL_UARTEx_RxEventCallback
                0x0000000008022dea       0x16 ./Drivers/STM32F1xx_HAL_Driver/Src/stm32f1xx_hal_uart.o
                0x0000000008022dea                HAL_UARTEx_RxEventCallback
 .text.UART_WaitOnFlagUntilTimeout
                0x0000000008022e00       0x94 ./Drivers/STM32F1xx_HAL_Driver/Src/stm32f1xx_hal_uart.o
 .text.UART_Start_Receive_IT
                0x0000000008022e94       0x72 ./Drivers/STM32F1xx_HAL_Driver/Src/stm32f1xx_hal_uart.o
                0x0000000008022e94                UART_Start_Receive_IT
 .text.UART_EndRxTransfer
                0x0000000008022f06       0x58 ./Drivers/STM32F1xx_HAL_Driver/Src/stm32f1xx_hal_uart.o
 .text.UART_DMAAbortOnError
                0x0000000008022f5e       0x28 ./Drivers/STM32F1xx_HAL_Driver/Src/stm32f1xx_hal_uart.o
 .text.UART_Transmit_IT
                0x0000000008022f86       0x9e ./Drivers/STM32F1xx_HAL_Driver/Src/stm32f1xx_hal_uart.o
 .text.UART_EndTransmit_IT
                0x0000000008023024       0x30 ./Drivers/STM32F1xx_HAL_Driver/Src/stm32f1xx_hal_uart.o
 .text.UART_Receive_IT
                0x0000000008023054      0x152 ./Drivers/STM32F1xx_HAL_Driver/Src/stm32f1xx_hal_uart.o
 *fill*         0x00000000080231a6        0x2 
 .text.UART_SetConfig
                0x00000000080231a8      0x11c ./Drivers/STM32F1xx_HAL_Driver/Src/stm32f1xx_hal_uart.o
 .text.__errno  0x00000000080232c4        0xc c:/st/stm32cubeide_1.7.0/stm32cubeide/plugins/com.st.stm32cube.ide.mcu.externaltools.gnu-tools-for-stm32.9-2020-q2-update.win32_2.0.0.202105311346/tools/bin/../lib/gcc/arm-none-eabi/9.3.1/../../../../arm-none-eabi/lib/thumb/v7-m/nofp\libc_nano.a(lib_a-errno.o)
                0x00000000080232c4                __errno
 .text.__libc_init_array
                0x00000000080232d0       0x48 c:/st/stm32cubeide_1.7.0/stm32cubeide/plugins/com.st.stm32cube.ide.mcu.externaltools.gnu-tools-for-stm32.9-2020-q2-update.win32_2.0.0.202105311346/tools/bin/../lib/gcc/arm-none-eabi/9.3.1/../../../../arm-none-eabi/lib/thumb/v7-m/nofp\libc_nano.a(lib_a-init.o)
                0x00000000080232d0                __libc_init_array
 .text.memset   0x0000000008023318       0x10 c:/st/stm32cubeide_1.7.0/stm32cubeide/plugins/com.st.stm32cube.ide.mcu.externaltools.gnu-tools-for-stm32.9-2020-q2-update.win32_2.0.0.202105311346/tools/bin/../lib/gcc/arm-none-eabi/9.3.1/../../../../arm-none-eabi/lib/thumb/v7-m/nofp\libc_nano.a(lib_a-memset.o)
                0x0000000008023318                memset
 .text.sprintf  0x0000000008023328       0x40 c:/st/stm32cubeide_1.7.0/stm32cubeide/plugins/com.st.stm32cube.ide.mcu.externaltools.gnu-tools-for-stm32.9-2020-q2-update.win32_2.0.0.202105311346/tools/bin/../lib/gcc/arm-none-eabi/9.3.1/../../../../arm-none-eabi/lib/thumb/v7-m/nofp\libc_nano.a(lib_a-sprintf.o)
                0x0000000008023328                siprintf
                0x0000000008023328                sprintf
 .text.__ssputs_r
                0x0000000008023368       0xb6 c:/st/stm32cubeide_1.7.0/stm32cubeide/plugins/com.st.stm32cube.ide.mcu.externaltools.gnu-tools-for-stm32.9-2020-q2-update.win32_2.0.0.202105311346/tools/bin/../lib/gcc/arm-none-eabi/9.3.1/../../../../arm-none-eabi/lib/thumb/v7-m/nofp\libc_nano.a(lib_a-nano-svfprintf.o)
                0x0000000008023368                __ssputs_r
 *fill*         0x000000000802341e        0x2 
 .text._svfprintf_r
                0x0000000008023420      0x200 c:/st/stm32cubeide_1.7.0/stm32cubeide/plugins/com.st.stm32cube.ide.mcu.externaltools.gnu-tools-for-stm32.9-2020-q2-update.win32_2.0.0.202105311346/tools/bin/../lib/gcc/arm-none-eabi/9.3.1/../../../../arm-none-eabi/lib/thumb/v7-m/nofp\libc_nano.a(lib_a-nano-svfprintf.o)
                0x0000000008023420                _svfiprintf_r
                0x0000000008023420                _svfprintf_r
 .text._printf_common
                0x0000000008023620       0xde c:/st/stm32cubeide_1.7.0/stm32cubeide/plugins/com.st.stm32cube.ide.mcu.externaltools.gnu-tools-for-stm32.9-2020-q2-update.win32_2.0.0.202105311346/tools/bin/../lib/gcc/arm-none-eabi/9.3.1/../../../../arm-none-eabi/lib/thumb/v7-m/nofp\libc_nano.a(lib_a-nano-vfprintf_i.o)
                0x0000000008023620                _printf_common
 *fill*         0x00000000080236fe        0x2 
 .text._printf_i
                0x0000000008023700      0x24c c:/st/stm32cubeide_1.7.0/stm32cubeide/plugins/com.st.stm32cube.ide.mcu.externaltools.gnu-tools-for-stm32.9-2020-q2-update.win32_2.0.0.202105311346/tools/bin/../lib/gcc/arm-none-eabi/9.3.1/../../../../arm-none-eabi/lib/thumb/v7-m/nofp\libc_nano.a(lib_a-nano-vfprintf_i.o)
                0x0000000008023700                _printf_i
 .text.memchr   0x000000000802394c       0x1c c:/st/stm32cubeide_1.7.0/stm32cubeide/plugins/com.st.stm32cube.ide.mcu.externaltools.gnu-tools-for-stm32.9-2020-q2-update.win32_2.0.0.202105311346/tools/bin/../lib/gcc/arm-none-eabi/9.3.1/../../../../arm-none-eabi/lib/thumb/v7-m/nofp\libc_nano.a(lib_a-memchr-stub.o)
                0x000000000802394c                memchr
 .text.memcpy   0x0000000008023968       0x1c c:/st/stm32cubeide_1.7.0/stm32cubeide/plugins/com.st.stm32cube.ide.mcu.externaltools.gnu-tools-for-stm32.9-2020-q2-update.win32_2.0.0.202105311346/tools/bin/../lib/gcc/arm-none-eabi/9.3.1/../../../../arm-none-eabi/lib/thumb/v7-m/nofp\libc_nano.a(lib_a-memcpy-stub.o)
                0x0000000008023968                memcpy
 .text.memmove  0x0000000008023984       0x34 c:/st/stm32cubeide_1.7.0/stm32cubeide/plugins/com.st.stm32cube.ide.mcu.externaltools.gnu-tools-for-stm32.9-2020-q2-update.win32_2.0.0.202105311346/tools/bin/../lib/gcc/arm-none-eabi/9.3.1/../../../../arm-none-eabi/lib/thumb/v7-m/nofp\libc_nano.a(lib_a-memmove.o)
                0x0000000008023984                memmove
 .text._free_r  0x00000000080239b8       0x98 c:/st/stm32cubeide_1.7.0/stm32cubeide/plugins/com.st.stm32cube.ide.mcu.externaltools.gnu-tools-for-stm32.9-2020-q2-update.win32_2.0.0.202105311346/tools/bin/../lib/gcc/arm-none-eabi/9.3.1/../../../../arm-none-eabi/lib/thumb/v7-m/nofp\libc_nano.a(lib_a-nano-freer.o)
                0x00000000080239b8                _free_r
 .text._malloc_r
                0x0000000008023a50       0xb4 c:/st/stm32cubeide_1.7.0/stm32cubeide/plugins/com.st.stm32cube.ide.mcu.externaltools.gnu-tools-for-stm32.9-2020-q2-update.win32_2.0.0.202105311346/tools/bin/../lib/gcc/arm-none-eabi/9.3.1/../../../../arm-none-eabi/lib/thumb/v7-m/nofp\libc_nano.a(lib_a-nano-mallocr.o)
                0x0000000008023a50                _malloc_r
 .text._realloc_r
                0x0000000008023b04       0x4c c:/st/stm32cubeide_1.7.0/stm32cubeide/plugins/com.st.stm32cube.ide.mcu.externaltools.gnu-tools-for-stm32.9-2020-q2-update.win32_2.0.0.202105311346/tools/bin/../lib/gcc/arm-none-eabi/9.3.1/../../../../arm-none-eabi/lib/thumb/v7-m/nofp\libc_nano.a(lib_a-nano-reallocr.o)
                0x0000000008023b04                _realloc_r
 .text._sbrk_r  0x0000000008023b50       0x20 c:/st/stm32cubeide_1.7.0/stm32cubeide/plugins/com.st.stm32cube.ide.mcu.externaltools.gnu-tools-for-stm32.9-2020-q2-update.win32_2.0.0.202105311346/tools/bin/../lib/gcc/arm-none-eabi/9.3.1/../../../../arm-none-eabi/lib/thumb/v7-m/nofp\libc_nano.a(lib_a-sbrkr.o)
                0x0000000008023b50                _sbrk_r
 .text.__malloc_lock
                0x0000000008023b70        0xc c:/st/stm32cubeide_1.7.0/stm32cubeide/plugins/com.st.stm32cube.ide.mcu.externaltools.gnu-tools-for-stm32.9-2020-q2-update.win32_2.0.0.202105311346/tools/bin/../lib/gcc/arm-none-eabi/9.3.1/../../../../arm-none-eabi/lib/thumb/v7-m/nofp\libc_nano.a(lib_a-mlock.o)
                0x0000000008023b70                __malloc_lock
 .text.__malloc_unlock
                0x0000000008023b7c        0xc c:/st/stm32cubeide_1.7.0/stm32cubeide/plugins/com.st.stm32cube.ide.mcu.externaltools.gnu-tools-for-stm32.9-2020-q2-update.win32_2.0.0.202105311346/tools/bin/../lib/gcc/arm-none-eabi/9.3.1/../../../../arm-none-eabi/lib/thumb/v7-m/nofp\libc_nano.a(lib_a-mlock.o)
                0x0000000008023b7c                __malloc_unlock
 .text._malloc_usable_size_r
                0x0000000008023b88       0x10 c:/st/stm32cubeide_1.7.0/stm32cubeide/plugins/com.st.stm32cube.ide.mcu.externaltools.gnu-tools-for-stm32.9-2020-q2-update.win32_2.0.0.202105311346/tools/bin/../lib/gcc/arm-none-eabi/9.3.1/../../../../arm-none-eabi/lib/thumb/v7-m/nofp\libc_nano.a(lib_a-nano-msizer.o)
                0x0000000008023b88                _malloc_usable_size_r
 .text.__retarget_lock_acquire_recursive
                0x0000000008023b98        0x2 c:/st/stm32cubeide_1.7.0/stm32cubeide/plugins/com.st.stm32cube.ide.mcu.externaltools.gnu-tools-for-stm32.9-2020-q2-update.win32_2.0.0.202105311346/tools/bin/../lib/gcc/arm-none-eabi/9.3.1/../../../../arm-none-eabi/lib/thumb/v7-m/nofp\libc_nano.a(lib_a-lock.o)
                0x0000000008023b98                __retarget_lock_acquire_recursive
 .text.__retarget_lock_release_recursive
                0x0000000008023b9a        0x2 c:/st/stm32cubeide_1.7.0/stm32cubeide/plugins/com.st.stm32cube.ide.mcu.externaltools.gnu-tools-for-stm32.9-2020-q2-update.win32_2.0.0.202105311346/tools/bin/../lib/gcc/arm-none-eabi/9.3.1/../../../../arm-none-eabi/lib/thumb/v7-m/nofp\libc_nano.a(lib_a-lock.o)
                0x0000000008023b9a                __retarget_lock_release_recursive
 *(.glue_7)
 .glue_7        0x0000000008023b9c        0x0 linker stubs
 *(.glue_7t)
 .glue_7t       0x0000000008023b9c        0x0 linker stubs
 *(.eh_frame)
 .eh_frame      0x0000000008023b9c        0x0 c:/st/stm32cubeide_1.7.0/stm32cubeide/plugins/com.st.stm32cube.ide.mcu.externaltools.gnu-tools-for-stm32.9-2020-q2-update.win32_2.0.0.202105311346/tools/bin/../lib/gcc/arm-none-eabi/9.3.1/thumb/v7-m/nofp/crtbegin.o
 *(.init)
 .init          0x0000000008023b9c        0x4 c:/st/stm32cubeide_1.7.0/stm32cubeide/plugins/com.st.stm32cube.ide.mcu.externaltools.gnu-tools-for-stm32.9-2020-q2-update.win32_2.0.0.202105311346/tools/bin/../lib/gcc/arm-none-eabi/9.3.1/thumb/v7-m/nofp/crti.o
                0x0000000008023b9c                _init
 .init          0x0000000008023ba0        0x8 c:/st/stm32cubeide_1.7.0/stm32cubeide/plugins/com.st.stm32cube.ide.mcu.externaltools.gnu-tools-for-stm32.9-2020-q2-update.win32_2.0.0.202105311346/tools/bin/../lib/gcc/arm-none-eabi/9.3.1/thumb/v7-m/nofp/crtn.o
 *(.fini)
 .fini          0x0000000008023ba8        0x4 c:/st/stm32cubeide_1.7.0/stm32cubeide/plugins/com.st.stm32cube.ide.mcu.externaltools.gnu-tools-for-stm32.9-2020-q2-update.win32_2.0.0.202105311346/tools/bin/../lib/gcc/arm-none-eabi/9.3.1/thumb/v7-m/nofp/crti.o
                0x0000000008023ba8                _fini
 .fini          0x0000000008023bac        0x8 c:/st/stm32cubeide_1.7.0/stm32cubeide/plugins/com.st.stm32cube.ide.mcu.externaltools.gnu-tools-for-stm32.9-2020-q2-update.win32_2.0.0.202105311346/tools/bin/../lib/gcc/arm-none-eabi/9.3.1/thumb/v7-m/nofp/crtn.o
                0x0000000008023bb4                . = ALIGN (0x4)
                0x0000000008023bb4                _etext = .

.vfp11_veneer   0x0000000008023bb4        0x0
 .vfp11_veneer  0x0000000008023bb4        0x0 linker stubs

.v4_bx          0x0000000008023bb4        0x0
 .v4_bx         0x0000000008023bb4        0x0 linker stubs

.iplt           0x0000000008023bb4        0x0
 .iplt          0x0000000008023bb4        0x0 c:/st/stm32cubeide_1.7.0/stm32cubeide/plugins/com.st.stm32cube.ide.mcu.externaltools.gnu-tools-for-stm32.9-2020-q2-update.win32_2.0.0.202105311346/tools/bin/../lib/gcc/arm-none-eabi/9.3.1/thumb/v7-m/nofp/crtbegin.o

.rodata         0x0000000008023bb4      0x6c4
                0x0000000008023bb4                . = ALIGN (0x4)
 *(.rodata)
 .rodata        0x0000000008023bb4      0x209 ./Core/Src/Component/app_sim7600.o
 *fill*         0x0000000008023dbd        0x3 
 .rodata        0x0000000008023dc0      0x2a7 ./Core/Src/ServerCommunication/app_http.o
 *fill*         0x0000000008024067        0x1 
 .rodata        0x0000000008024068       0xae ./Core/Src/app_ATProcessing.o
 *fill*         0x0000000008024116        0x2 
 .rodata        0x0000000008024118       0x2b ./Core/Src/flash.o
 *fill*         0x0000000008024143        0x1 
 .rodata        0x0000000008024144       0x72 ./Core/Src/fota_fsm.o
 *fill*         0x00000000080241b6        0x2 
 .rodata        0x00000000080241b8       0x16 ./Core/Src/main.o
 *fill*         0x00000000080241ce        0x2 
 .rodata        0x00000000080241d0       0x10 ./Drivers/STM32F1xx_HAL_Driver/Src/stm32f1xx_hal_rcc.o
 *(.rodata*)
 .rodata.PB_DONE
                0x00000000080241e0        0x8 ./Core/Src/app_ATProcessing.o
                0x00000000080241e0                PB_DONE
 .rodata.ERROR_1
                0x00000000080241e8        0x6 ./Core/Src/app_ATProcessing.o
                0x00000000080241e8                ERROR_1
 *fill*         0x00000000080241ee        0x2 
 .rodata.IMEI_CHECK
                0x00000000080241f0        0x9 ./Core/Src/app_ATProcessing.o
                0x00000000080241f0                IMEI_CHECK
 *fill*         0x00000000080241f9        0x3 
 .rodata.RECEIVE_RESPONSE
                0x00000000080241fc        0xd ./Core/Src/app_ATProcessing.o
                0x00000000080241fc                RECEIVE_RESPONSE
 *fill*         0x0000000008024209        0x3 
 .rodata.FIRMWARE_VERSION
                0x000000000802420c        0xc ./Core/Src/app_ATProcessing.o
                0x000000000802420c                FIRMWARE_VERSION
 .rodata.FIRMWARE_CHECKSUM
                0x0000000008024218        0x9 ./Core/Src/app_ATProcessing.o
                0x0000000008024218                FIRMWARE_CHECKSUM
 *fill*         0x0000000008024221        0x3 
 .rodata.FIRMWARE_DATA
                0x0000000008024224        0x8 ./Core/Src/app_ATProcessing.o
                0x0000000008024224                FIRMWARE_DATA
 .rodata.AHBPrescTable
                0x000000000802422c       0x10 ./Core/Src/system_stm32f1xx.o
                0x000000000802422c                AHBPrescTable
 .rodata.APBPrescTable
                0x000000000802423c        0x8 ./Core/Src/system_stm32f1xx.o
                0x000000000802423c                APBPrescTable
 .rodata._svfprintf_r.str1.1
                0x0000000008024244       0x11 c:/st/stm32cubeide_1.7.0/stm32cubeide/plugins/com.st.stm32cube.ide.mcu.externaltools.gnu-tools-for-stm32.9-2020-q2-update.win32_2.0.0.202105311346/tools/bin/../lib/gcc/arm-none-eabi/9.3.1/../../../../arm-none-eabi/lib/thumb/v7-m/nofp\libc_nano.a(lib_a-nano-svfprintf.o)
 .rodata._printf_i.str1.1
                0x0000000008024255       0x22 c:/st/stm32cubeide_1.7.0/stm32cubeide/plugins/com.st.stm32cube.ide.mcu.externaltools.gnu-tools-for-stm32.9-2020-q2-update.win32_2.0.0.202105311346/tools/bin/../lib/gcc/arm-none-eabi/9.3.1/../../../../arm-none-eabi/lib/thumb/v7-m/nofp\libc_nano.a(lib_a-nano-vfprintf_i.o)
                0x0000000008024278                . = ALIGN (0x4)
 *fill*         0x0000000008024277        0x1 

.rel.dyn        0x0000000008024278        0x0
 .rel.iplt      0x0000000008024278        0x0 c:/st/stm32cubeide_1.7.0/stm32cubeide/plugins/com.st.stm32cube.ide.mcu.externaltools.gnu-tools-for-stm32.9-2020-q2-update.win32_2.0.0.202105311346/tools/bin/../lib/gcc/arm-none-eabi/9.3.1/thumb/v7-m/nofp/crtbegin.o

.ARM.extab      0x0000000008024278        0x0
                0x0000000008024278                . = ALIGN (0x4)
 *(.ARM.extab* .gnu.linkonce.armextab.*)
                0x0000000008024278                . = ALIGN (0x4)

.ARM            0x0000000008024278        0x0
                0x0000000008024278                . = ALIGN (0x4)
                0x0000000008024278                __exidx_start = .
 *(.ARM.exidx*)
                0x0000000008024278                __exidx_end = .
                0x0000000008024278                . = ALIGN (0x4)

.preinit_array  0x0000000008024278        0x0
                0x0000000008024278                . = ALIGN (0x4)
                0x0000000008024278                PROVIDE (__preinit_array_start = .)
 *(.preinit_array*)
                0x0000000008024278                PROVIDE (__preinit_array_end = .)
                0x0000000008024278                . = ALIGN (0x4)

.init_array     0x0000000008024278        0x4
                0x0000000008024278                . = ALIGN (0x4)
                0x0000000008024278                PROVIDE (__init_array_start = .)
 *(SORT_BY_NAME(.init_array.*))
 *(.init_array*)
 .init_array    0x0000000008024278        0x4 c:/st/stm32cubeide_1.7.0/stm32cubeide/plugins/com.st.stm32cube.ide.mcu.externaltools.gnu-tools-for-stm32.9-2020-q2-update.win32_2.0.0.202105311346/tools/bin/../lib/gcc/arm-none-eabi/9.3.1/thumb/v7-m/nofp/crtbegin.o
                0x000000000802427c                PROVIDE (__init_array_end = .)
                0x000000000802427c                . = ALIGN (0x4)

.fini_array     0x000000000802427c        0x4
                0x000000000802427c                . = ALIGN (0x4)
                [!provide]                        PROVIDE (__fini_array_start = .)
 *(SORT_BY_NAME(.fini_array.*))
 *(.fini_array*)
 .fini_array    0x000000000802427c        0x4 c:/st/stm32cubeide_1.7.0/stm32cubeide/plugins/com.st.stm32cube.ide.mcu.externaltools.gnu-tools-for-stm32.9-2020-q2-update.win32_2.0.0.202105311346/tools/bin/../lib/gcc/arm-none-eabi/9.3.1/thumb/v7-m/nofp/crtbegin.o
                [!provide]                        PROVIDE (__fini_array_end = .)
                0x0000000008024280                . = ALIGN (0x4)
                0x0000000008024280                _sidata = LOADADDR (.data)

.data           0x0000000020000000      0x16c load address 0x0000000008024280
                0x0000000020000000                . = ALIGN (0x4)
                0x0000000020000000                _sdata = .
 *(.data)
 *(.data*)
 .data.sim7600_state
                0x0000000020000000        0x1 ./Core/Src/Component/app_sim7600.o
                0x0000000020000000                sim7600_state
 *fill*         0x0000000020000001        0x3 
 .data.setting_command
                0x0000000020000004       0x24 ./Core/Src/Component/app_sim7600.o
                0x0000000020000004                setting_command
 .data.Sim7600_State_Machine
                0x0000000020000028       0x50 ./Core/Src/Component/app_sim7600.o
                0x0000000020000028                Sim7600_State_Machine
 .data.UartTransmitReady
                0x0000000020000078        0x1 ./Core/Src/Peripheral/app_uart.o
                0x0000000020000078                UartTransmitReady
 .data.http_timeout_flag
                0x0000000020000079        0x1 ./Core/Src/ServerCommunication/app_http.o
                0x0000000020000079                http_timeout_flag
 .data.default_atcommand
                0x000000002000007a        0x1 ./Core/Src/ServerCommunication/app_http.o
                0x000000002000007a                default_atcommand
 .data.fota_check_version
                0x000000002000007b        0x1 ./Core/Src/ServerCommunication/app_http.o
                0x000000002000007b                fota_check_version
 .data.checksum_correct
                0x000000002000007c        0x1 ./Core/Src/ServerCommunication/app_http.o
                0x000000002000007c                checksum_correct
 *fill*         0x000000002000007d        0x3 
 .data.firmware_address
                0x0000000020000080        0x4 ./Core/Src/ServerCommunication/app_http.o
                0x0000000020000080                firmware_address
 .data.firmware_address_prev_offet
                0x0000000020000084        0x2 ./Core/Src/ServerCommunication/app_http.o
                0x0000000020000084                firmware_address_prev_offet
 .data.firmware_address_curr_offet
                0x0000000020000086        0x2 ./Core/Src/ServerCommunication/app_http.o
                0x0000000020000086                firmware_address_curr_offet
 .data.prev_num_byte
                0x0000000020000088        0x1 ./Core/Src/ServerCommunication/app_http.o
                0x0000000020000088                prev_num_byte
 *fill*         0x0000000020000089        0x3 
 .data.http_state_machine
                0x000000002000008c       0x58 ./Core/Src/ServerCommunication/app_http.o
                0x000000002000008c                http_state_machine
 .data.first_http_read
                0x00000000200000e4        0x1 ./Core/Src/ServerCommunication/app_http.o
                0x00000000200000e4                first_http_read
 .data.at_result
                0x00000000200000e5        0x1 ./Core/Src/app_ATProcessing.o
                0x00000000200000e5                at_result
 *fill*         0x00000000200000e6        0x2 
 .data.OK       0x00000000200000e8        0x4 ./Core/Src/app_ATProcessing.o
                0x00000000200000e8                OK
 .data.fsm_state_machine
                0x00000000200000ec       0x10 ./Core/Src/fota_fsm.o
                0x00000000200000ec                fsm_state_machine
 .data.SystemCoreClock
                0x00000000200000fc        0x4 ./Core/Src/system_stm32f1xx.o
                0x00000000200000fc                SystemCoreClock
 .data.uwTickPrio
                0x0000000020000100        0x4 ./Drivers/STM32F1xx_HAL_Driver/Src/stm32f1xx_hal.o
                0x0000000020000100                uwTickPrio
 .data.uwTickFreq
                0x0000000020000104        0x1 ./Drivers/STM32F1xx_HAL_Driver/Src/stm32f1xx_hal.o
                0x0000000020000104                uwTickFreq
 *fill*         0x0000000020000105        0x3 
 .data._impure_ptr
                0x0000000020000108        0x4 c:/st/stm32cubeide_1.7.0/stm32cubeide/plugins/com.st.stm32cube.ide.mcu.externaltools.gnu-tools-for-stm32.9-2020-q2-update.win32_2.0.0.202105311346/tools/bin/../lib/gcc/arm-none-eabi/9.3.1/../../../../arm-none-eabi/lib/thumb/v7-m/nofp\libc_nano.a(lib_a-impure.o)
                0x0000000020000108                _impure_ptr
 .data.impure_data
                0x000000002000010c       0x60 c:/st/stm32cubeide_1.7.0/stm32cubeide/plugins/com.st.stm32cube.ide.mcu.externaltools.gnu-tools-for-stm32.9-2020-q2-update.win32_2.0.0.202105311346/tools/bin/../lib/gcc/arm-none-eabi/9.3.1/../../../../arm-none-eabi/lib/thumb/v7-m/nofp\libc_nano.a(lib_a-impure.o)
 *(.RamFunc)
 *(.RamFunc*)
                0x000000002000016c                . = ALIGN (0x4)
                0x000000002000016c                _edata = .

.igot.plt       0x000000002000016c        0x0 load address 0x00000000080243ec
 .igot.plt      0x000000002000016c        0x0 c:/st/stm32cubeide_1.7.0/stm32cubeide/plugins/com.st.stm32cube.ide.mcu.externaltools.gnu-tools-for-stm32.9-2020-q2-update.win32_2.0.0.202105311346/tools/bin/../lib/gcc/arm-none-eabi/9.3.1/thumb/v7-m/nofp/crtbegin.o
                0x000000002000016c                . = ALIGN (0x4)

.bss            0x0000000020000170     0x4120 load address 0x00000000080243ec
                0x0000000020000170                _sbss = .
                0x0000000020000170                __bss_start__ = _sbss
 *(.bss)
 .bss           0x0000000020000170       0x1c c:/st/stm32cubeide_1.7.0/stm32cubeide/plugins/com.st.stm32cube.ide.mcu.externaltools.gnu-tools-for-stm32.9-2020-q2-update.win32_2.0.0.202105311346/tools/bin/../lib/gcc/arm-none-eabi/9.3.1/thumb/v7-m/nofp/crtbegin.o
 *(.bss*)
 .bss.imei_count
                0x000000002000018c        0x1 ./Core/Src/Component/app_sim7600.o
                0x000000002000018c                imei_count
 .bss.sim7600_timeout_flag
                0x000000002000018d        0x1 ./Core/Src/Component/app_sim7600.o
                0x000000002000018d                sim7600_timeout_flag
 .bss.setting_index
                0x000000002000018e        0x1 ./Core/Src/Component/app_sim7600.o
                0x000000002000018e                setting_index
 *fill*         0x000000002000018f        0x1 
 .bss.uwPrescalerValue
                0x0000000020000190        0x4 ./Core/Src/Peripheral/app_timer.o
                0x0000000020000190                uwPrescalerValue
 .bss.receiveBufferIndexHead
                0x0000000020000194        0x2 ./Core/Src/Peripheral/app_uart.o
                0x0000000020000194                receiveBufferIndexHead
 .bss.receiveBufferIndexTail
                0x0000000020000196        0x2 ./Core/Src/Peripheral/app_uart.o
                0x0000000020000196                receiveBufferIndexTail
 .bss.version_index
                0x0000000020000198        0x1 ./Core/Src/ServerCommunication/app_http.o
                0x0000000020000198                version_index
 .bss.http_num_ignore
                0x0000000020000199        0x1 ./Core/Src/ServerCommunication/app_http.o
                0x0000000020000199                http_num_ignore
 *fill*         0x000000002000019a        0x2 
 .bss.content_length
                0x000000002000019c        0x4 ./Core/Src/ServerCommunication/app_http.o
                0x000000002000019c                content_length
 .bss.prev_http_state
                0x00000000200001a0        0x1 ./Core/Src/ServerCommunication/app_http.o
                0x00000000200001a0                prev_http_state
 .bss.http_state
                0x00000000200001a1        0x1 ./Core/Src/ServerCommunication/app_http.o
                0x00000000200001a1                http_state
 .bss.checksum  0x00000000200001a2        0x1 ./Core/Src/ServerCommunication/app_http.o
                0x00000000200001a2                checksum
 *fill*         0x00000000200001a3        0x1 
 .bss.http_response_remain
                0x00000000200001a4        0x4 ./Core/Src/ServerCommunication/app_http.o
                0x00000000200001a4                http_response_remain
 .bss.firmware_index
                0x00000000200001a8        0x2 ./Core/Src/ServerCommunication/app_http.o
                0x00000000200001a8                firmware_index
 .bss.temp_version_name_index
                0x00000000200001aa        0x1 ./Core/Src/ServerCommunication/app_http.o
                0x00000000200001aa                temp_version_name_index
 .bss.prepare_record_version_name
                0x00000000200001ab        0x1 ./Core/Src/ServerCommunication/app_http.o
                0x00000000200001ab                prepare_record_version_name
 .bss.start_record_version_name
                0x00000000200001ac        0x1 ./Core/Src/ServerCommunication/app_http.o
                0x00000000200001ac                start_record_version_name
 .bss.prepare_record_firmware_data
                0x00000000200001ad        0x1 ./Core/Src/ServerCommunication/app_http.o
                0x00000000200001ad                prepare_record_firmware_data
 .bss.start_record_firmware_data
                0x00000000200001ae        0x1 ./Core/Src/ServerCommunication/app_http.o
                0x00000000200001ae                start_record_firmware_data
 *fill*         0x00000000200001af        0x1 
 .bss.temp_at_response_index
                0x00000000200001b0        0x2 ./Core/Src/ServerCommunication/app_http.o
                0x00000000200001b0                temp_at_response_index
 *fill*         0x00000000200001b2        0x2 
 .bss.data_respone
                0x00000000200001b4     0x1000 ./Core/Src/app_ATProcessing.o
 .bss.data_respone_length
                0x00000000200011b4        0x1 ./Core/Src/app_ATProcessing.o
 .bss.data_respone_index
                0x00000000200011b5        0x1 ./Core/Src/app_ATProcessing.o
 *fill*         0x00000000200011b6        0x2 
 .bss.newTaskID
                0x00000000200011b8        0x4 ./Core/Src/app_scheduler.o
 .bss.count_SCH_Update
                0x00000000200011bc        0x4 ./Core/Src/app_scheduler.o
                0x00000000200011bc                count_SCH_Update
 .bss.fsm_curr_state
                0x00000000200011c0        0x1 ./Core/Src/fota_fsm.o
                0x00000000200011c0                fsm_curr_state
 .bss.fsm_prev_state
                0x00000000200011c1        0x1 ./Core/Src/fota_fsm.o
                0x00000000200011c1                fsm_prev_state
 .bss.ret       0x00000000200011c2        0x1 ./Core/Src/fota_fsm.o
 *fill*         0x00000000200011c3        0x1 
 .bss.__sbrk_heap_end
                0x00000000200011c4        0x4 ./Core/Src/sysmem.o
 .bss.__malloc_free_list
                0x00000000200011c8        0x4 c:/st/stm32cubeide_1.7.0/stm32cubeide/plugins/com.st.stm32cube.ide.mcu.externaltools.gnu-tools-for-stm32.9-2020-q2-update.win32_2.0.0.202105311346/tools/bin/../lib/gcc/arm-none-eabi/9.3.1/../../../../arm-none-eabi/lib/thumb/v7-m/nofp\libc_nano.a(lib_a-nano-mallocr.o)
                0x00000000200011c8                __malloc_free_list
 .bss.__malloc_sbrk_start
                0x00000000200011cc        0x4 c:/st/stm32cubeide_1.7.0/stm32cubeide/plugins/com.st.stm32cube.ide.mcu.externaltools.gnu-tools-for-stm32.9-2020-q2-update.win32_2.0.0.202105311346/tools/bin/../lib/gcc/arm-none-eabi/9.3.1/../../../../arm-none-eabi/lib/thumb/v7-m/nofp\libc_nano.a(lib_a-nano-mallocr.o)
                0x00000000200011cc                __malloc_sbrk_start
 *(COMMON)
 COMMON         0x00000000200011d0       0x28 ./Core/Src/Component/app_sim7600.o
                0x00000000200011d0                phone_number_buffer
                0x00000000200011dc                deposit_buffer
                0x00000000200011e6                prev_sim7600_state
                0x00000000200011e8                imei_buffer
 COMMON         0x00000000200011f8       0x62 ./Core/Src/Peripheral/app_spi.o
                0x00000000200011f8                Spi2Handle
                0x0000000020001250                aSPIRxBuffer
 *fill*         0x000000002000125a        0x2 
 COMMON         0x000000002000125c       0x48 ./Core/Src/Peripheral/app_timer.o
                0x000000002000125c                htim3
 COMMON         0x00000000200012a4     0x108c ./Core/Src/Peripheral/app_uart.o
                0x00000000200012a4                huart3
                0x00000000200012e8                temp
                0x00000000200012ec                aUART_RxBuffer
                0x00000000200022ec                huart1
 COMMON         0x0000000020002330     0x1be2 ./Core/Src/ServerCommunication/app_http.o
                0x0000000020002330                log
                0x0000000020002364                temp_at_response_buffer
                0x0000000020002490                update_status
                0x0000000020002494                version
                0x000000002000249c                firmware_index_end
                0x00000000200024a0                temp_hex_2
                0x00000000200024a4                new_log
                0x00000000200024b0                firmware_data
                0x00000000200034b0                firmware_version_check
                0x00000000200034b4                http_at_command
                0x000000002000354a                line_buffer_index
                0x000000002000354c                temp_char
                0x000000002000354d                temp_hex_1
                0x000000002000354e                total_cabinet
                0x0000000020003550                line_buffer
                0x000000002000367c                temp_firmware_data_buffer
                0x0000000020003e7c                temp_version_name_buffer
                0x0000000020003ee0                logMsg
 *fill*         0x0000000020003f12        0x2 
 COMMON         0x0000000020003f14      0x348 ./Core/Src/app_scheduler.o
                0x0000000020003f14                array_Of_Task_ID
                0x0000000020003f3c                SCH_tasks_G
 COMMON         0x000000002000425c        0x4 ./Drivers/STM32F1xx_HAL_Driver/Src/stm32f1xx_hal.o
                0x000000002000425c                uwTick
 COMMON         0x0000000020004260       0x20 ./Drivers/STM32F1xx_HAL_Driver/Src/stm32f1xx_hal_flash.o
                0x0000000020004260                pFlash
 COMMON         0x0000000020004280        0x4 c:/st/stm32cubeide_1.7.0/stm32cubeide/plugins/com.st.stm32cube.ide.mcu.externaltools.gnu-tools-for-stm32.9-2020-q2-update.win32_2.0.0.202105311346/tools/bin/../lib/gcc/arm-none-eabi/9.3.1/../../../../arm-none-eabi/lib/thumb/v7-m/nofp\libc_nano.a(lib_a-reent.o)
                0x0000000020004280                errno
 COMMON         0x0000000020004284        0x9 c:/st/stm32cubeide_1.7.0/stm32cubeide/plugins/com.st.stm32cube.ide.mcu.externaltools.gnu-tools-for-stm32.9-2020-q2-update.win32_2.0.0.202105311346/tools/bin/../lib/gcc/arm-none-eabi/9.3.1/../../../../arm-none-eabi/lib/thumb/v7-m/nofp\libc_nano.a(lib_a-lock.o)
                0x0000000020004284                __lock___atexit_recursive_mutex
                0x0000000020004285                __lock___arc4random_mutex
                0x0000000020004286                __lock___env_recursive_mutex
                0x0000000020004287                __lock___sinit_recursive_mutex
                0x0000000020004288                __lock___malloc_recursive_mutex
                0x0000000020004289                __lock___at_quick_exit_mutex
                0x000000002000428a                __lock___dd_hash_mutex
                0x000000002000428b                __lock___tz_mutex
                0x000000002000428c                __lock___sfp_recursive_mutex
                0x0000000020004290                . = ALIGN (0x4)
 *fill*         0x000000002000428d        0x3 
                0x0000000020004290                _ebss = .
                0x0000000020004290                __bss_end__ = _ebss

._user_heap_stack
                0x0000000020004290      0x600 load address 0x00000000080243ec
                0x0000000020004290                . = ALIGN (0x8)
                [!provide]                        PROVIDE (end = .)
                0x0000000020004290                PROVIDE (_end = .)
                0x0000000020004490                . = (. + _Min_Heap_Size)
 *fill*         0x0000000020004290      0x200 
                0x0000000020004890                . = (. + _Min_Stack_Size)
 *fill*         0x0000000020004490      0x400 
                0x0000000020004890                . = ALIGN (0x8)

/DISCARD/
 libc.a(*)
 libm.a(*)
 libgcc.a(*)

.ARM.attributes
                0x0000000000000000       0x29
 *(.ARM.attributes)
 .ARM.attributes
                0x0000000000000000       0x1d c:/st/stm32cubeide_1.7.0/stm32cubeide/plugins/com.st.stm32cube.ide.mcu.externaltools.gnu-tools-for-stm32.9-2020-q2-update.win32_2.0.0.202105311346/tools/bin/../lib/gcc/arm-none-eabi/9.3.1/thumb/v7-m/nofp/crti.o
 .ARM.attributes
                0x000000000000001d       0x2d c:/st/stm32cubeide_1.7.0/stm32cubeide/plugins/com.st.stm32cube.ide.mcu.externaltools.gnu-tools-for-stm32.9-2020-q2-update.win32_2.0.0.202105311346/tools/bin/../lib/gcc/arm-none-eabi/9.3.1/thumb/v7-m/nofp/crtbegin.o
 .ARM.attributes
                0x000000000000004a       0x2d ./Core/Src/Component/app_25LC512.o
 .ARM.attributes
                0x0000000000000077       0x2d ./Core/Src/Component/app_sim7600.o
 .ARM.attributes
                0x00000000000000a4       0x2d ./Core/Src/Peripheral/app_gpio.o
 .ARM.attributes
                0x00000000000000d1       0x2d ./Core/Src/Peripheral/app_spi.o
 .ARM.attributes
                0x00000000000000fe       0x2d ./Core/Src/Peripheral/app_system_clock_config.o
 .ARM.attributes
                0x000000000000012b       0x2d ./Core/Src/Peripheral/app_timer.o
 .ARM.attributes
                0x0000000000000158       0x2d ./Core/Src/Peripheral/app_uart.o
 .ARM.attributes
                0x0000000000000185       0x2d ./Core/Src/ServerCommunication/app_http.o
 .ARM.attributes
                0x00000000000001b2       0x2d ./Core/Src/Utility/app_string.o
 .ARM.attributes
                0x00000000000001df       0x2d ./Core/Src/app_ATProcessing.o
 .ARM.attributes
                0x000000000000020c       0x2d ./Core/Src/app_scheduler.o
 .ARM.attributes
                0x0000000000000239       0x2d ./Core/Src/app_version.o
 .ARM.attributes
                0x0000000000000266       0x2d ./Core/Src/flash.o
 .ARM.attributes
                0x0000000000000293       0x2d ./Core/Src/fota_fsm.o
 .ARM.attributes
                0x00000000000002c0       0x2d ./Core/Src/main.o
 .ARM.attributes
                0x00000000000002ed       0x2d ./Core/Src/stm32f1xx_hal_msp.o
 .ARM.attributes
                0x000000000000031a       0x2d ./Core/Src/stm32f1xx_it.o
 .ARM.attributes
                0x0000000000000347       0x2d ./Core/Src/sysmem.o
 .ARM.attributes
                0x0000000000000374       0x2d ./Core/Src/system_stm32f1xx.o
 .ARM.attributes
                0x00000000000003a1       0x21 ./Core/Startup/startup_stm32f103retx.o
 .ARM.attributes
                0x00000000000003c2       0x2d ./Drivers/STM32F1xx_HAL_Driver/Src/stm32f1xx_hal.o
 .ARM.attributes
                0x00000000000003ef       0x2d ./Drivers/STM32F1xx_HAL_Driver/Src/stm32f1xx_hal_cortex.o
 .ARM.attributes
                0x000000000000041c       0x2d ./Drivers/STM32F1xx_HAL_Driver/Src/stm32f1xx_hal_dma.o
 .ARM.attributes
                0x0000000000000449       0x2d ./Drivers/STM32F1xx_HAL_Driver/Src/stm32f1xx_hal_flash.o
 .ARM.attributes
                0x0000000000000476       0x2d ./Drivers/STM32F1xx_HAL_Driver/Src/stm32f1xx_hal_flash_ex.o
 .ARM.attributes
                0x00000000000004a3       0x2d ./Drivers/STM32F1xx_HAL_Driver/Src/stm32f1xx_hal_gpio.o
 .ARM.attributes
                0x00000000000004d0       0x2d ./Drivers/STM32F1xx_HAL_Driver/Src/stm32f1xx_hal_rcc.o
 .ARM.attributes
                0x00000000000004fd       0x2d ./Drivers/STM32F1xx_HAL_Driver/Src/stm32f1xx_hal_spi.o
 .ARM.attributes
                0x000000000000052a       0x2d ./Drivers/STM32F1xx_HAL_Driver/Src/stm32f1xx_hal_tim.o
 .ARM.attributes
                0x0000000000000557       0x2d ./Drivers/STM32F1xx_HAL_Driver/Src/stm32f1xx_hal_tim_ex.o
 .ARM.attributes
                0x0000000000000584       0x2d ./Drivers/STM32F1xx_HAL_Driver/Src/stm32f1xx_hal_uart.o
 .ARM.attributes
                0x00000000000005b1       0x2d c:/st/stm32cubeide_1.7.0/stm32cubeide/plugins/com.st.stm32cube.ide.mcu.externaltools.gnu-tools-for-stm32.9-2020-q2-update.win32_2.0.0.202105311346/tools/bin/../lib/gcc/arm-none-eabi/9.3.1/../../../../arm-none-eabi/lib/thumb/v7-m/nofp\libc_nano.a(lib_a-errno.o)
 .ARM.attributes
                0x00000000000005de       0x2d c:/st/stm32cubeide_1.7.0/stm32cubeide/plugins/com.st.stm32cube.ide.mcu.externaltools.gnu-tools-for-stm32.9-2020-q2-update.win32_2.0.0.202105311346/tools/bin/../lib/gcc/arm-none-eabi/9.3.1/../../../../arm-none-eabi/lib/thumb/v7-m/nofp\libc_nano.a(lib_a-impure.o)
 .ARM.attributes
                0x000000000000060b       0x2d c:/st/stm32cubeide_1.7.0/stm32cubeide/plugins/com.st.stm32cube.ide.mcu.externaltools.gnu-tools-for-stm32.9-2020-q2-update.win32_2.0.0.202105311346/tools/bin/../lib/gcc/arm-none-eabi/9.3.1/../../../../arm-none-eabi/lib/thumb/v7-m/nofp\libc_nano.a(lib_a-init.o)
 .ARM.attributes
                0x0000000000000638       0x2d c:/st/stm32cubeide_1.7.0/stm32cubeide/plugins/com.st.stm32cube.ide.mcu.externaltools.gnu-tools-for-stm32.9-2020-q2-update.win32_2.0.0.202105311346/tools/bin/../lib/gcc/arm-none-eabi/9.3.1/../../../../arm-none-eabi/lib/thumb/v7-m/nofp\libc_nano.a(lib_a-memset.o)
 .ARM.attributes
                0x0000000000000665       0x2d c:/st/stm32cubeide_1.7.0/stm32cubeide/plugins/com.st.stm32cube.ide.mcu.externaltools.gnu-tools-for-stm32.9-2020-q2-update.win32_2.0.0.202105311346/tools/bin/../lib/gcc/arm-none-eabi/9.3.1/../../../../arm-none-eabi/lib/thumb/v7-m/nofp\libc_nano.a(lib_a-sprintf.o)
 .ARM.attributes
                0x0000000000000692       0x17 c:/st/stm32cubeide_1.7.0/stm32cubeide/plugins/com.st.stm32cube.ide.mcu.externaltools.gnu-tools-for-stm32.9-2020-q2-update.win32_2.0.0.202105311346/tools/bin/../lib/gcc/arm-none-eabi/9.3.1/../../../../arm-none-eabi/lib/thumb/v7-m/nofp\libc_nano.a(lib_a-strlen.o)
 .ARM.attributes
                0x00000000000006a9       0x2d c:/st/stm32cubeide_1.7.0/stm32cubeide/plugins/com.st.stm32cube.ide.mcu.externaltools.gnu-tools-for-stm32.9-2020-q2-update.win32_2.0.0.202105311346/tools/bin/../lib/gcc/arm-none-eabi/9.3.1/../../../../arm-none-eabi/lib/thumb/v7-m/nofp\libc_nano.a(lib_a-nano-svfprintf.o)
 .ARM.attributes
                0x00000000000006d6       0x2d c:/st/stm32cubeide_1.7.0/stm32cubeide/plugins/com.st.stm32cube.ide.mcu.externaltools.gnu-tools-for-stm32.9-2020-q2-update.win32_2.0.0.202105311346/tools/bin/../lib/gcc/arm-none-eabi/9.3.1/../../../../arm-none-eabi/lib/thumb/v7-m/nofp\libc_nano.a(lib_a-nano-vfprintf_i.o)
 .ARM.attributes
                0x0000000000000703       0x2d c:/st/stm32cubeide_1.7.0/stm32cubeide/plugins/com.st.stm32cube.ide.mcu.externaltools.gnu-tools-for-stm32.9-2020-q2-update.win32_2.0.0.202105311346/tools/bin/../lib/gcc/arm-none-eabi/9.3.1/../../../../arm-none-eabi/lib/thumb/v7-m/nofp\libc_nano.a(lib_a-memchr-stub.o)
 .ARM.attributes
                0x0000000000000730       0x2d c:/st/stm32cubeide_1.7.0/stm32cubeide/plugins/com.st.stm32cube.ide.mcu.externaltools.gnu-tools-for-stm32.9-2020-q2-update.win32_2.0.0.202105311346/tools/bin/../lib/gcc/arm-none-eabi/9.3.1/../../../../arm-none-eabi/lib/thumb/v7-m/nofp\libc_nano.a(lib_a-memcpy-stub.o)
 .ARM.attributes
                0x000000000000075d       0x2d c:/st/stm32cubeide_1.7.0/stm32cubeide/plugins/com.st.stm32cube.ide.mcu.externaltools.gnu-tools-for-stm32.9-2020-q2-update.win32_2.0.0.202105311346/tools/bin/../lib/gcc/arm-none-eabi/9.3.1/../../../../arm-none-eabi/lib/thumb/v7-m/nofp\libc_nano.a(lib_a-memmove.o)
 .ARM.attributes
                0x000000000000078a       0x2d c:/st/stm32cubeide_1.7.0/stm32cubeide/plugins/com.st.stm32cube.ide.mcu.externaltools.gnu-tools-for-stm32.9-2020-q2-update.win32_2.0.0.202105311346/tools/bin/../lib/gcc/arm-none-eabi/9.3.1/../../../../arm-none-eabi/lib/thumb/v7-m/nofp\libc_nano.a(lib_a-nano-freer.o)
 .ARM.attributes
                0x00000000000007b7       0x2d c:/st/stm32cubeide_1.7.0/stm32cubeide/plugins/com.st.stm32cube.ide.mcu.externaltools.gnu-tools-for-stm32.9-2020-q2-update.win32_2.0.0.202105311346/tools/bin/../lib/gcc/arm-none-eabi/9.3.1/../../../../arm-none-eabi/lib/thumb/v7-m/nofp\libc_nano.a(lib_a-nano-mallocr.o)
 .ARM.attributes
                0x00000000000007e4       0x2d c:/st/stm32cubeide_1.7.0/stm32cubeide/plugins/com.st.stm32cube.ide.mcu.externaltools.gnu-tools-for-stm32.9-2020-q2-update.win32_2.0.0.202105311346/tools/bin/../lib/gcc/arm-none-eabi/9.3.1/../../../../arm-none-eabi/lib/thumb/v7-m/nofp\libc_nano.a(lib_a-nano-reallocr.o)
 .ARM.attributes
                0x0000000000000811       0x2d c:/st/stm32cubeide_1.7.0/stm32cubeide/plugins/com.st.stm32cube.ide.mcu.externaltools.gnu-tools-for-stm32.9-2020-q2-update.win32_2.0.0.202105311346/tools/bin/../lib/gcc/arm-none-eabi/9.3.1/../../../../arm-none-eabi/lib/thumb/v7-m/nofp\libc_nano.a(lib_a-sbrkr.o)
 .ARM.attributes
                0x000000000000083e       0x2d c:/st/stm32cubeide_1.7.0/stm32cubeide/plugins/com.st.stm32cube.ide.mcu.externaltools.gnu-tools-for-stm32.9-2020-q2-update.win32_2.0.0.202105311346/tools/bin/../lib/gcc/arm-none-eabi/9.3.1/../../../../arm-none-eabi/lib/thumb/v7-m/nofp\libc_nano.a(lib_a-mlock.o)
 .ARM.attributes
                0x000000000000086b       0x2d c:/st/stm32cubeide_1.7.0/stm32cubeide/plugins/com.st.stm32cube.ide.mcu.externaltools.gnu-tools-for-stm32.9-2020-q2-update.win32_2.0.0.202105311346/tools/bin/../lib/gcc/arm-none-eabi/9.3.1/../../../../arm-none-eabi/lib/thumb/v7-m/nofp\libc_nano.a(lib_a-nano-msizer.o)
 .ARM.attributes
                0x0000000000000898       0x2d c:/st/stm32cubeide_1.7.0/stm32cubeide/plugins/com.st.stm32cube.ide.mcu.externaltools.gnu-tools-for-stm32.9-2020-q2-update.win32_2.0.0.202105311346/tools/bin/../lib/gcc/arm-none-eabi/9.3.1/../../../../arm-none-eabi/lib/thumb/v7-m/nofp\libc_nano.a(lib_a-reent.o)
 .ARM.attributes
                0x00000000000008c5       0x2d c:/st/stm32cubeide_1.7.0/stm32cubeide/plugins/com.st.stm32cube.ide.mcu.externaltools.gnu-tools-for-stm32.9-2020-q2-update.win32_2.0.0.202105311346/tools/bin/../lib/gcc/arm-none-eabi/9.3.1/../../../../arm-none-eabi/lib/thumb/v7-m/nofp\libc_nano.a(lib_a-lock.o)
 .ARM.attributes
                0x00000000000008f2       0x1d c:/st/stm32cubeide_1.7.0/stm32cubeide/plugins/com.st.stm32cube.ide.mcu.externaltools.gnu-tools-for-stm32.9-2020-q2-update.win32_2.0.0.202105311346/tools/bin/../lib/gcc/arm-none-eabi/9.3.1/thumb/v7-m/nofp/crtn.o
OUTPUT(fota-f103.elf elf32-littlearm)
LOAD linker stubs
LOAD c:/st/stm32cubeide_1.7.0/stm32cubeide/plugins/com.st.stm32cube.ide.mcu.externaltools.gnu-tools-for-stm32.9-2020-q2-update.win32_2.0.0.202105311346/tools/bin/../lib/gcc/arm-none-eabi/9.3.1/../../../../arm-none-eabi/lib/thumb/v7-m/nofp\libc.a
LOAD c:/st/stm32cubeide_1.7.0/stm32cubeide/plugins/com.st.stm32cube.ide.mcu.externaltools.gnu-tools-for-stm32.9-2020-q2-update.win32_2.0.0.202105311346/tools/bin/../lib/gcc/arm-none-eabi/9.3.1/../../../../arm-none-eabi/lib/thumb/v7-m/nofp\libm.a
LOAD c:/st/stm32cubeide_1.7.0/stm32cubeide/plugins/com.st.stm32cube.ide.mcu.externaltools.gnu-tools-for-stm32.9-2020-q2-update.win32_2.0.0.202105311346/tools/bin/../lib/gcc/arm-none-eabi/9.3.1/thumb/v7-m/nofp\libgcc.a

.debug_info     0x0000000000000000    0x159df
 .debug_info    0x0000000000000000      0xb3a ./Core/Src/Component/app_25LC512.o
 .debug_info    0x0000000000000b3a      0x641 ./Core/Src/Component/app_sim7600.o
 .debug_info    0x000000000000117b      0x5ec ./Core/Src/Peripheral/app_gpio.o
 .debug_info    0x0000000000001767      0x7ae ./Core/Src/Peripheral/app_spi.o
 .debug_info    0x0000000000001f15      0x2fd ./Core/Src/Peripheral/app_system_clock_config.o
 .debug_info    0x0000000000002212      0x78d ./Core/Src/Peripheral/app_timer.o
 .debug_info    0x000000000000299f     0x11e1 ./Core/Src/Peripheral/app_uart.o
 .debug_info    0x0000000000003b80     0x1561 ./Core/Src/ServerCommunication/app_http.o
 .debug_info    0x00000000000050e1      0xbff ./Core/Src/Utility/app_string.o
 .debug_info    0x0000000000005ce0      0x49c ./Core/Src/app_ATProcessing.o
 .debug_info    0x000000000000617c      0x3d4 ./Core/Src/app_scheduler.o
 .debug_info    0x0000000000006550      0xd29 ./Core/Src/app_version.o
 .debug_info    0x0000000000007279      0xd82 ./Core/Src/flash.o
 .debug_info    0x0000000000007ffb      0x3c7 ./Core/Src/fota_fsm.o
 .debug_info    0x00000000000083c2      0x219 ./Core/Src/main.o
 .debug_info    0x00000000000085db     0x14cd ./Core/Src/stm32f1xx_hal_msp.o
 .debug_info    0x0000000000009aa8      0xa22 ./Core/Src/stm32f1xx_it.o
 .debug_info    0x000000000000a4ca      0xa25 ./Core/Src/sysmem.o
 .debug_info    0x000000000000aeef      0x479 ./Core/Src/system_stm32f1xx.o
 .debug_info    0x000000000000b368       0x22 ./Core/Startup/startup_stm32f103retx.o
 .debug_info    0x000000000000b38a      0x7d0 ./Drivers/STM32F1xx_HAL_Driver/Src/stm32f1xx_hal.o
 .debug_info    0x000000000000bb5a      0xc42 ./Drivers/STM32F1xx_HAL_Driver/Src/stm32f1xx_hal_cortex.o
 .debug_info    0x000000000000c79c      0x81e ./Drivers/STM32F1xx_HAL_Driver/Src/stm32f1xx_hal_dma.o
 .debug_info    0x000000000000cfba      0x5f3 ./Drivers/STM32F1xx_HAL_Driver/Src/stm32f1xx_hal_flash.o
 .debug_info    0x000000000000d5ad      0x8a2 ./Drivers/STM32F1xx_HAL_Driver/Src/stm32f1xx_hal_flash_ex.o
 .debug_info    0x000000000000de4f      0x701 ./Drivers/STM32F1xx_HAL_Driver/Src/stm32f1xx_hal_gpio.o
 .debug_info    0x000000000000e550      0x88e ./Drivers/STM32F1xx_HAL_Driver/Src/stm32f1xx_hal_rcc.o
 .debug_info    0x000000000000edde     0x16cd ./Drivers/STM32F1xx_HAL_Driver/Src/stm32f1xx_hal_spi.o
 .debug_info    0x00000000000104ab     0x2a45 ./Drivers/STM32F1xx_HAL_Driver/Src/stm32f1xx_hal_tim.o
 .debug_info    0x0000000000012ef0     0x14d5 ./Drivers/STM32F1xx_HAL_Driver/Src/stm32f1xx_hal_tim_ex.o
 .debug_info    0x00000000000143c5     0x161a ./Drivers/STM32F1xx_HAL_Driver/Src/stm32f1xx_hal_uart.o

.debug_abbrev   0x0000000000000000     0x3f89
 .debug_abbrev  0x0000000000000000      0x220 ./Core/Src/Component/app_25LC512.o
 .debug_abbrev  0x0000000000000220      0x25f ./Core/Src/Component/app_sim7600.o
 .debug_abbrev  0x000000000000047f      0x1ec ./Core/Src/Peripheral/app_gpio.o
 .debug_abbrev  0x000000000000066b      0x189 ./Core/Src/Peripheral/app_spi.o
 .debug_abbrev  0x00000000000007f4      0x10b ./Core/Src/Peripheral/app_system_clock_config.o
 .debug_abbrev  0x00000000000008ff      0x19e ./Core/Src/Peripheral/app_timer.o
 .debug_abbrev  0x0000000000000a9d      0x304 ./Core/Src/Peripheral/app_uart.o
 .debug_abbrev  0x0000000000000da1      0x3e3 ./Core/Src/ServerCommunication/app_http.o
 .debug_abbrev  0x0000000000001184      0x23a ./Core/Src/Utility/app_string.o
 .debug_abbrev  0x00000000000013be      0x179 ./Core/Src/app_ATProcessing.o
 .debug_abbrev  0x0000000000001537      0x1c8 ./Core/Src/app_scheduler.o
 .debug_abbrev  0x00000000000016ff      0x279 ./Core/Src/app_version.o
 .debug_abbrev  0x0000000000001978      0x2a7 ./Core/Src/flash.o
 .debug_abbrev  0x0000000000001c1f      0x1d8 ./Core/Src/fota_fsm.o
 .debug_abbrev  0x0000000000001df7      0x130 ./Core/Src/main.o
 .debug_abbrev  0x0000000000001f27      0x206 ./Core/Src/stm32f1xx_hal_msp.o
 .debug_abbrev  0x000000000000212d      0x176 ./Core/Src/stm32f1xx_it.o
 .debug_abbrev  0x00000000000022a3      0x1bf ./Core/Src/sysmem.o
 .debug_abbrev  0x0000000000002462      0x14e ./Core/Src/system_stm32f1xx.o
 .debug_abbrev  0x00000000000025b0       0x12 ./Core/Startup/startup_stm32f103retx.o
 .debug_abbrev  0x00000000000025c2      0x1ed ./Drivers/STM32F1xx_HAL_Driver/Src/stm32f1xx_hal.o
 .debug_abbrev  0x00000000000027af      0x313 ./Drivers/STM32F1xx_HAL_Driver/Src/stm32f1xx_hal_cortex.o
 .debug_abbrev  0x0000000000002ac2      0x228 ./Drivers/STM32F1xx_HAL_Driver/Src/stm32f1xx_hal_dma.o
 .debug_abbrev  0x0000000000002cea      0x23e ./Drivers/STM32F1xx_HAL_Driver/Src/stm32f1xx_hal_flash.o
 .debug_abbrev  0x0000000000002f28      0x249 ./Drivers/STM32F1xx_HAL_Driver/Src/stm32f1xx_hal_flash_ex.o
 .debug_abbrev  0x0000000000003171      0x1e8 ./Drivers/STM32F1xx_HAL_Driver/Src/stm32f1xx_hal_gpio.o
 .debug_abbrev  0x0000000000003359      0x273 ./Drivers/STM32F1xx_HAL_Driver/Src/stm32f1xx_hal_rcc.o
 .debug_abbrev  0x00000000000035cc      0x26e ./Drivers/STM32F1xx_HAL_Driver/Src/stm32f1xx_hal_spi.o
 .debug_abbrev  0x000000000000383a      0x25e ./Drivers/STM32F1xx_HAL_Driver/Src/stm32f1xx_hal_tim.o
 .debug_abbrev  0x0000000000003a98      0x266 ./Drivers/STM32F1xx_HAL_Driver/Src/stm32f1xx_hal_tim_ex.o
 .debug_abbrev  0x0000000000003cfe      0x28b ./Drivers/STM32F1xx_HAL_Driver/Src/stm32f1xx_hal_uart.o

.debug_aranges  0x0000000000000000     0x14c0
 .debug_aranges
                0x0000000000000000       0x70 ./Core/Src/Component/app_25LC512.o
 .debug_aranges
                0x0000000000000070       0xe0 ./Core/Src/Component/app_sim7600.o
 .debug_aranges
                0x0000000000000150       0xd8 ./Core/Src/Peripheral/app_gpio.o
 .debug_aranges
                0x0000000000000228       0x30 ./Core/Src/Peripheral/app_spi.o
 .debug_aranges
                0x0000000000000258       0x20 ./Core/Src/Peripheral/app_system_clock_config.o
 .debug_aranges
                0x0000000000000278       0x28 ./Core/Src/Peripheral/app_timer.o
 .debug_aranges
                0x00000000000002a0       0x98 ./Core/Src/Peripheral/app_uart.o
 .debug_aranges
                0x0000000000000338      0x100 ./Core/Src/ServerCommunication/app_http.o
 .debug_aranges
                0x0000000000000438       0x38 ./Core/Src/Utility/app_string.o
 .debug_aranges
                0x0000000000000470       0x30 ./Core/Src/app_ATProcessing.o
 .debug_aranges
                0x00000000000004a0       0x40 ./Core/Src/app_scheduler.o
 .debug_aranges
                0x00000000000004e0       0x68 ./Core/Src/app_version.o
 .debug_aranges
                0x0000000000000548       0x58 ./Core/Src/flash.o
 .debug_aranges
                0x00000000000005a0       0x48 ./Core/Src/fota_fsm.o
 .debug_aranges
                0x00000000000005e8       0x28 ./Core/Src/main.o
 .debug_aranges
                0x0000000000000610       0x60 ./Core/Src/stm32f1xx_hal_msp.o
 .debug_aranges
                0x0000000000000670       0x70 ./Core/Src/stm32f1xx_it.o
 .debug_aranges
                0x00000000000006e0       0x20 ./Core/Src/sysmem.o
 .debug_aranges
                0x0000000000000700       0x28 ./Core/Src/system_stm32f1xx.o
 .debug_aranges
                0x0000000000000728       0x28 ./Core/Startup/startup_stm32f103retx.o
 .debug_aranges
                0x0000000000000750       0xe0 ./Drivers/STM32F1xx_HAL_Driver/Src/stm32f1xx_hal.o
 .debug_aranges
                0x0000000000000830      0x100 ./Drivers/STM32F1xx_HAL_Driver/Src/stm32f1xx_hal_cortex.o
 .debug_aranges
                0x0000000000000930       0x80 ./Drivers/STM32F1xx_HAL_Driver/Src/stm32f1xx_hal_dma.o
 .debug_aranges
                0x00000000000009b0       0x88 ./Drivers/STM32F1xx_HAL_Driver/Src/stm32f1xx_hal_flash.o
 .debug_aranges
                0x0000000000000a38       0x98 ./Drivers/STM32F1xx_HAL_Driver/Src/stm32f1xx_hal_flash_ex.o
 .debug_aranges
                0x0000000000000ad0       0x58 ./Drivers/STM32F1xx_HAL_Driver/Src/stm32f1xx_hal_gpio.o
 .debug_aranges
                0x0000000000000b28       0x90 ./Drivers/STM32F1xx_HAL_Driver/Src/stm32f1xx_hal_rcc.o
 .debug_aranges
                0x0000000000000bb8      0x1d0 ./Drivers/STM32F1xx_HAL_Driver/Src/stm32f1xx_hal_spi.o
 .debug_aranges
                0x0000000000000d88      0x3d0 ./Drivers/STM32F1xx_HAL_Driver/Src/stm32f1xx_hal_tim.o
 .debug_aranges
                0x0000000000001158      0x168 ./Drivers/STM32F1xx_HAL_Driver/Src/stm32f1xx_hal_tim_ex.o
 .debug_aranges
                0x00000000000012c0      0x200 ./Drivers/STM32F1xx_HAL_Driver/Src/stm32f1xx_hal_uart.o

.debug_ranges   0x0000000000000000     0x13c8
 .debug_ranges  0x0000000000000000       0x60 ./Core/Src/Component/app_25LC512.o
 .debug_ranges  0x0000000000000060       0xd0 ./Core/Src/Component/app_sim7600.o
 .debug_ranges  0x0000000000000130       0xc8 ./Core/Src/Peripheral/app_gpio.o
 .debug_ranges  0x00000000000001f8       0x20 ./Core/Src/Peripheral/app_spi.o
 .debug_ranges  0x0000000000000218       0x10 ./Core/Src/Peripheral/app_system_clock_config.o
 .debug_ranges  0x0000000000000228       0x18 ./Core/Src/Peripheral/app_timer.o
 .debug_ranges  0x0000000000000240       0x88 ./Core/Src/Peripheral/app_uart.o
 .debug_ranges  0x00000000000002c8       0xf0 ./Core/Src/ServerCommunication/app_http.o
 .debug_ranges  0x00000000000003b8       0x28 ./Core/Src/Utility/app_string.o