Archive member included to satisfy reference by file (symbol)

c:/st/stm32cubeide_1.7.0/stm32cubeide/plugins/com.st.stm32cube.ide.mcu.externaltools.gnu-tools-for-stm32.9-2020-q2-update.win32_2.0.0.202105311346/tools/bin/../lib/gcc/arm-none-eabi/9.3.1/../../../../arm-none-eabi/lib/thumb/v7-m/nofp\libc_nano.a(lib_a-errno.o)
                              ./Core/Src/syscalls.o (__errno)
c:/st/stm32cubeide_1.7.0/stm32cubeide/plugins/com.st.stm32cube.ide.mcu.externaltools.gnu-tools-for-stm32.9-2020-q2-update.win32_2.0.0.202105311346/tools/bin/../lib/gcc/arm-none-eabi/9.3.1/../../../../arm-none-eabi/lib/thumb/v7-m/nofp\libc_nano.a(lib_a-exit.o)
                              c:/st/stm32cubeide_1.7.0/stm32cubeide/plugins/com.st.stm32cube.ide.mcu.externaltools.gnu-tools-for-stm32.9-2020-q2-update.win32_2.0.0.202105311346/tools/bin/../lib/gcc/arm-none-eabi/9.3.1/../../../../arm-none-eabi/lib/thumb/v7-m/nofp/crt0.o (exit)
c:/st/stm32cubeide_1.7.0/stm32cubeide/plugins/com.st.stm32cube.ide.mcu.externaltools.gnu-tools-for-stm32.9-2020-q2-update.win32_2.0.0.202105311346/tools/bin/../lib/gcc/arm-none-eabi/9.3.1/../../../../arm-none-eabi/lib/thumb/v7-m/nofp\libc_nano.a(lib_a-impure.o)
                              c:/st/stm32cubeide_1.7.0/stm32cubeide/plugins/com.st.stm32cube.ide.mcu.externaltools.gnu-tools-for-stm32.9-2020-q2-update.win32_2.0.0.202105311346/tools/bin/../lib/gcc/arm-none-eabi/9.3.1/../../../../arm-none-eabi/lib/thumb/v7-m/nofp\libc_nano.a(lib_a-exit.o) (_global_impure_ptr)
c:/st/stm32cubeide_1.7.0/stm32cubeide/plugins/com.st.stm32cube.ide.mcu.externaltools.gnu-tools-for-stm32.9-2020-q2-update.win32_2.0.0.202105311346/tools/bin/../lib/gcc/arm-none-eabi/9.3.1/../../../../arm-none-eabi/lib/thumb/v7-m/nofp\libc_nano.a(lib_a-init.o)
                              c:/st/stm32cubeide_1.7.0/stm32cubeide/plugins/com.st.stm32cube.ide.mcu.externaltools.gnu-tools-for-stm32.9-2020-q2-update.win32_2.0.0.202105311346/tools/bin/../lib/gcc/arm-none-eabi/9.3.1/../../../../arm-none-eabi/lib/thumb/v7-m/nofp/crt0.o (__libc_init_array)
c:/st/stm32cubeide_1.7.0/stm32cubeide/plugins/com.st.stm32cube.ide.mcu.externaltools.gnu-tools-for-stm32.9-2020-q2-update.win32_2.0.0.202105311346/tools/bin/../lib/gcc/arm-none-eabi/9.3.1/../../../../arm-none-eabi/lib/thumb/v7-m/nofp\libc_nano.a(lib_a-memset.o)
                              c:/st/stm32cubeide_1.7.0/stm32cubeide/plugins/com.st.stm32cube.ide.mcu.externaltools.gnu-tools-for-stm32.9-2020-q2-update.win32_2.0.0.202105311346/tools/bin/../lib/gcc/arm-none-eabi/9.3.1/../../../../arm-none-eabi/lib/thumb/v7-m/nofp/crt0.o (memset)
c:/st/stm32cubeide_1.7.0/stm32cubeide/plugins/com.st.stm32cube.ide.mcu.externaltools.gnu-tools-for-stm32.9-2020-q2-update.win32_2.0.0.202105311346/tools/bin/../lib/gcc/arm-none-eabi/9.3.1/../../../../arm-none-eabi/lib/thumb/v7-m/nofp\libc_nano.a(lib_a-sprintf.o)
                              ./Core/Src/Component/app_i2c_lcd.o (sprintf)
c:/st/stm32cubeide_1.7.0/stm32cubeide/plugins/com.st.stm32cube.ide.mcu.externaltools.gnu-tools-for-stm32.9-2020-q2-update.win32_2.0.0.202105311346/tools/bin/../lib/gcc/arm-none-eabi/9.3.1/../../../../arm-none-eabi/lib/thumb/v7-m/nofp\libc_nano.a(lib_a-strlen.o)
                              ./Core/Src/Peripheral/app_uart.o (strlen)
c:/st/stm32cubeide_1.7.0/stm32cubeide/plugins/com.st.stm32cube.ide.mcu.externaltools.gnu-tools-for-stm32.9-2020-q2-update.win32_2.0.0.202105311346/tools/bin/../lib/gcc/arm-none-eabi/9.3.1/../../../../arm-none-eabi/lib/thumb/v7-m/nofp\libc_nano.a(lib_a-nano-svfprintf.o)
                              c:/st/stm32cubeide_1.7.0/stm32cubeide/plugins/com.st.stm32cube.ide.mcu.externaltools.gnu-tools-for-stm32.9-2020-q2-update.win32_2.0.0.202105311346/tools/bin/../lib/gcc/arm-none-eabi/9.3.1/../../../../arm-none-eabi/lib/thumb/v7-m/nofp\libc_nano.a(lib_a-sprintf.o) (_svfprintf_r)
c:/st/stm32cubeide_1.7.0/stm32cubeide/plugins/com.st.stm32cube.ide.mcu.externaltools.gnu-tools-for-stm32.9-2020-q2-update.win32_2.0.0.202105311346/tools/bin/../lib/gcc/arm-none-eabi/9.3.1/../../../../arm-none-eabi/lib/thumb/v7-m/nofp\libc_nano.a(lib_a-nano-vfprintf_i.o)
                              c:/st/stm32cubeide_1.7.0/stm32cubeide/plugins/com.st.stm32cube.ide.mcu.externaltools.gnu-tools-for-stm32.9-2020-q2-update.win32_2.0.0.202105311346/tools/bin/../lib/gcc/arm-none-eabi/9.3.1/../../../../arm-none-eabi/lib/thumb/v7-m/nofp\libc_nano.a(lib_a-nano-svfprintf.o) (_printf_i)
c:/st/stm32cubeide_1.7.0/stm32cubeide/plugins/com.st.stm32cube.ide.mcu.externaltools.gnu-tools-for-stm32.9-2020-q2-update.win32_2.0.0.202105311346/tools/bin/../lib/gcc/arm-none-eabi/9.3.1/../../../../arm-none-eabi/lib/thumb/v7-m/nofp\libc_nano.a(lib_a-memchr-stub.o)
                              c:/st/stm32cubeide_1.7.0/stm32cubeide/plugins/com.st.stm32cube.ide.mcu.externaltools.gnu-tools-for-stm32.9-2020-q2-update.win32_2.0.0.202105311346/tools/bin/../lib/gcc/arm-none-eabi/9.3.1/../../../../arm-none-eabi/lib/thumb/v7-m/nofp\libc_nano.a(lib_a-nano-svfprintf.o) (memchr)
[...]
Memory Configuration

Name             Origin             Length             Attributes
RAM              0x0000000020000000 0x0000000000010000 xrw
FLASH            0x000000000801e000 0x000000000000c800 xr
*default*        0x0000000000000000 0xffffffffffffffff

Linker script and memory map

LOAD c:/st/stm32cubeide_1.7.0/stm32cubeide/plugins/com.st.stm32cube.ide.mcu.externaltools.gnu-tools-for-stm32.9-2020-q2-update.win32_2.0.0.202105311346/tools/bin/../lib/gcc/arm-none-eabi/9.3.1/thumb/v7-m/nofp/crti.o
LOAD c:/st/stm32cubeide_1.7.0/stm32cubeide/plugins/com.st.stm32cube.ide.mcu.externaltools.gnu-tools-for-stm32.9-2020-q2-update.win32_2.0.0.202105311346/tools/bin/../lib/gcc/arm-none-eabi/9.3.1/thumb/v7-m/nofp/crtbegin.o
LOAD c:/st/stm32cubeide_1.7.0/stm32cubeide/plugins/com.st.stm32cube.ide.mcu.externaltools.gnu-tools-for-stm32.9-2020-q2-update.win32_2.0.0.202105311346/tools/bin/../lib/gcc/arm-none-eabi/9.3.1/../../../../arm-none-eabi/lib/thumb/v7-m/nofp/crt0.o
LOAD ./Core/Src/Component/app_25LC512.o
LOAD ./Core/Src/Component/app_i2c_lcd.o
LOAD ./Core/Src/Component/app_sim7600.o
LOAD ./Core/Src/Peripheral/app_gpio.o
LOAD ./Core/Src/Peripheral/app_i2c.o
LOAD ./Core/Src/Peripheral/app_spi.o
LOAD ./Core/Src/Peripheral/app_system_clock_config.o
LOAD ./Core/Src/Peripheral/app_timer.o
LOAD ./Core/Src/Peripheral/app_uart.o
LOAD ./Core/Src/ServerCommunication/app_http.o
LOAD ./Core/Src/Utility/app_string.o
LOAD ./Core/Src/app_ATProcessing.o
LOAD ./Core/Src/app_scheduler.o
LOAD ./Core/Src/app_version.o
LOAD ./Core/Src/flash.o
LOAD ./Core/Src/fota_fsm.o
LOAD ./Core/Src/main.o
LOAD ./Core/Src/stm32f1xx_hal_msp.o
LOAD ./Core/Src/stm32f1xx_it.o
LOAD ./Core/Src/syscalls.o
LOAD ./Core/Src/sysmem.o
LOAD ./Core/Src/system_stm32f1xx.o
LOAD ./Core/Startup/startup_stm32f103retx.o
LOAD ./Drivers/STM32F1xx_HAL_Driver/Src/stm32f1xx_hal.o
LOAD ./Drivers/STM32F1xx_HAL_Driver/Src/stm32f1xx_hal_cortex.o
LOAD ./Drivers/STM32F1xx_HAL_Driver/Src/stm32f1xx_hal_dma.o
LOAD ./Drivers/STM32F1xx_HAL_Driver/Src/stm32f1xx_hal_exti.o
LOAD ./Drivers/STM32F1xx_HAL_Driver/Src/stm32f1xx_hal_flash.o
LOAD ./Drivers/STM32F1xx_HAL_Driver/Src/stm32f1xx_hal_flash_ex.o
LOAD ./Drivers/STM32F1xx_HAL_Driver/Src/stm32f1xx_hal_gpio.o
LOAD ./Drivers/STM32F1xx_HAL_Driver/Src/stm32f1xx_hal_gpio_ex.o
LOAD ./Drivers/STM32F1xx_HAL_Driver/Src/stm32f1xx_hal_i2c.o
LOAD ./Drivers/STM32F1xx_HAL_Driver/Src/stm32f1xx_hal_pwr.o
LOAD ./Drivers/STM32F1xx_HAL_Driver/Src/stm32f1xx_hal_rcc.o
LOAD ./Drivers/STM32F1xx_HAL_Driver/Src/stm32f1xx_hal_rcc_ex.o
LOAD ./Drivers/STM32F1xx_HAL_Driver/Src/stm32f1xx_hal_spi.o
LOAD ./Drivers/STM32F1xx_HAL_Driver/Src/stm32f1xx_hal_tim.o
LOAD ./Drivers/STM32F1xx_HAL_Driver/Src/stm32f1xx_hal_tim_ex.o
LOAD ./Drivers/STM32F1xx_HAL_Driver/Src/stm32f1xx_hal_uart.o
START GROUP
LOAD c:/st/stm32cubeide_1.7.0/stm32cubeide/plugins/com.st.stm32cube.ide.mcu.externaltools.gnu-tools-for-stm32.9-2020-q2-update.win32_2.0.0.202105311346/tools/bin/../lib/gcc/arm-none-eabi/9.3.1/../../../../arm-none-eabi/lib/thumb/v7-m/nofp\libc_nano.a
LOAD c:/st/stm32cubeide_1.7.0/stm32cubeide/plugins/com.st.stm32cube.ide.mcu.externaltools.gnu-tools-for-stm32.9-2020-q2-update.win32_2.0.0.202105311346/tools/bin/../lib/gcc/arm-none-eabi/9.3.1/../../../../arm-none-eabi/lib/thumb/v7-m/nofp\libm.a
END GROUP
START GROUP
LOAD c:/st/stm32cubeide_1.7.0/stm32cubeide/plugins/com.st.stm32cube.ide.mcu.externaltools.gnu-tools-for-stm32.9-2020-q2-update.win32_2.0.0.202105311346/tools/bin/../lib/gcc/arm-none-eabi/9.3.1/thumb/v7-m/nofp\libgcc.a
LOAD c:/st/stm32cubeide_1.7.0/stm32cubeide/plugins/com.st.stm32cube.ide.mcu.externaltools.gnu-tools-for-stm32.9-2020-q2-update.win32_2.0.0.202105311346/tools/bin/../lib/gcc/arm-none-eabi/9.3.1/../../../../arm-none-eabi/lib/thumb/v7-m/nofp\libc_nano.a
END GROUP
START GROUP
LOAD c:/st/stm32cubeide_1.7.0/stm32cubeide/plugins/com.st.stm32cube.ide.mcu.externaltools.gnu-tools-for-stm32.9-2020-q2-update.win32_2.0.0.202105311346/tools/bin/../lib/gcc/arm-none-eabi/9.3.1/thumb/v7-m/nofp\libgcc.a
LOAD c:/st/stm32cubeide_1.7.0/stm32cubeide/plugins/com.st.stm32cube.ide.mcu.externaltools.gnu-tools-for-stm32.9-2020-q2-update.win32_2.0.0.202105311346/tools/bin/../lib/gcc/arm-none-eabi/9.3.1/../../../../arm-none-eabi/lib/thumb/v7-m/nofp\libc_nano.a
LOAD c:/st/stm32cubeide_1.7.0/stm32cubeide/plugins/com.st.stm32cube.ide.mcu.externaltools.gnu-tools-for-stm32.9-2020-q2-update.win32_2.0.0.202105311346/tools/bin/../lib/gcc/arm-none-eabi/9.3.1/../../../../arm-none-eabi/lib/thumb/v7-m/nofp\libnosys.a
END GROUP
START GROUP
LOAD c:/st/stm32cubeide_1.7.0/stm32cubeide/plugins/com.st.stm32cube.ide.mcu.externaltools.gnu-tools-for-stm32.9-2020-q2-update.win32_2.0.0.202105311346/tools/bin/../lib/gcc/arm-none-eabi/9.3.1/thumb/v7-m/nofp\libgcc.a
LOAD c:/st/stm32cubeide_1.7.0/stm32cubeide/plugins/com.st.stm32cube.ide.mcu.externaltools.gnu-tools-for-stm32.9-2020-q2-update.win32_2.0.0.202105311346/tools/bin/../lib/gcc/arm-none-eabi/9.3.1/../../../../arm-none-eabi/lib/thumb/v7-m/nofp\libc_nano.a
LOAD c:/st/stm32cubeide_1.7.0/stm32cubeide/plugins/com.st.stm32cube.ide.mcu.externaltools.gnu-tools-for-stm32.9-2020-q2-update.win32_2.0.0.202105311346/tools/bin/../lib/gcc/arm-none-eabi/9.3.1/../../../../arm-none-eabi/lib/thumb/v7-m/nofp\libnosys.a
END GROUP
LOAD c:/st/stm32cubeide_1.7.0/stm32cubeide/plugins/com.st.stm32cube.ide.mcu.externaltools.gnu-tools-for-stm32.9-2020-q2-update.win32_2.0.0.202105311346/tools/bin/../lib/gcc/arm-none-eabi/9.3.1/thumb/v7-m/nofp/crtend.o
LOAD c:/st/stm32cubeide_1.7.0/stm32cubeide/plugins/com.st.stm32cube.ide.mcu.externaltools.gnu-tools-for-stm32.9-2020-q2-update.win32_2.0.0.202105311346/tools/bin/../lib/gcc/arm-none-eabi/9.3.1/thumb/v7-m/nofp/crtn.o
                0x0000000020010000                _estack = (ORIGIN (RAM) + LENGTH (RAM))
                0x0000000000000200                _Min_Heap_Size = 0x200
                0x0000000000000400                _Min_Stack_Size = 0x400

.isr_vector     0x000000000801e000      0x1e4
                0x000000000801e000                . = ALIGN (0x4)
 *(.isr_vector)
 .isr_vector    0x000000000801e000      0x1e4 ./Core/Startup/startup_stm32f103retx.o
                0x000000000801e000                g_pfnVectors
                0x000000000801e1e4                . = ALIGN (0x4)

.text           0x000000000801e1e4     0x6808
                0x000000000801e1e4                . = ALIGN (0x4)
 *(.text)
 .text          0x000000000801e1e4       0x40 c:/st/stm32cubeide_1.7.0/stm32cubeide/plugins/com.st.stm32cube.ide.mcu.externaltools.gnu-tools-for-stm32.9-2020-q2-update.win32_2.0.0.202105311346/tools/bin/../lib/gcc/arm-none-eabi/9.3.1/thumb/v7-m/nofp/crtbegin.o
 .text          0x000000000801e224       0x10 c:/st/stm32cubeide_1.7.0/stm32cubeide/plugins/com.st.stm32cube.ide.mcu.externaltools.gnu-tools-for-stm32.9-2020-q2-update.win32_2.0.0.202105311346/tools/bin/../lib/gcc/arm-none-eabi/9.3.1/../../../../arm-none-eabi/lib/thumb/v7-m/nofp\libc_nano.a(lib_a-strlen.o)
                0x000000000801e224                strlen
 *(.text*)
 .text.MC25LC512_CS
                0x000000000801e234       0x22 ./Core/Src/Component/app_25LC512.o
                0x000000000801e234                MC25LC512_CS
 *fill*         0x000000000801e256        0x2 
 .text.MC25LC512_WriteEnableOrDisable
                0x000000000801e258       0x68 ./Core/Src/Component/app_25LC512.o
                0x000000000801e258                MC25LC512_WriteEnableOrDisable
 .text.MC25LC512_Initialize
                0x000000000801e2c0       0x14 ./Core/Src/Component/app_25LC512.o
                0x000000000801e2c0                MC25LC512_Initialize
 .text.FaBoLCD_PCF8574
                0x000000000801e2d4       0x58 ./Core/Src/Component/app_i2c_lcd.o
                0x000000000801e2d4                FaBoLCD_PCF8574
 .text.init     0x000000000801e32c       0x18 ./Core/Src/Component/app_i2c_lcd.o
                0x000000000801e32c                init
 .text.begin    0x000000000801e344       0xd8 ./Core/Src/Component/app_i2c_lcd.o
                0x000000000801e344                begin
 .text.setRowOffsets
                0x000000000801e41c       0x3c ./Core/Src/Component/app_i2c_lcd.o
                0x000000000801e41c                setRowOffsets
 .text.clear    0x000000000801e458       0x14 ./Core/Src/Component/app_i2c_lcd.o
                0x000000000801e458                clear
 .text.setCursor
                0x000000000801e46c       0x64 ./Core/Src/Component/app_i2c_lcd.o
                0x000000000801e46c                setCursor
 .text.display  0x000000000801e4d0       0x2c ./Core/Src/Component/app_i2c_lcd.o
                0x000000000801e4d0                display
 .text.command  0x000000000801e4fc       0x1c ./Core/Src/Component/app_i2c_lcd.o
                0x000000000801e4fc                command
 .text.write    0x000000000801e518       0x1e ./Core/Src/Component/app_i2c_lcd.o
                0x000000000801e518                write
 .text.send     0x000000000801e536       0x42 ./Core/Src/Component/app_i2c_lcd.o
                0x000000000801e536                send
 .text.pulseEnable
                0x000000000801e578       0x4e ./Core/Src/Component/app_i2c_lcd.o
                0x000000000801e578                pulseEnable
 .text.write4bits
                0x000000000801e5c6       0x22 ./Core/Src/Component/app_i2c_lcd.o
                0x000000000801e5c6                write4bits
 .text.writeI2c
                0x000000000801e5e8       0x44 ./Core/Src/Component/app_i2c_lcd.o
                0x000000000801e5e8                writeI2c
 .text.Lcd_Initialization
                0x000000000801e62c        0xe ./Core/Src/Component/app_i2c_lcd.o
                0x000000000801e62c                Lcd_Initialization
 .text.Lcd_Send_Cmd
                0x000000000801e63a       0x1a ./Core/Src/Component/app_i2c_lcd.o
                0x000000000801e63a                Lcd_Send_Cmd
 .text.Lcd_Send_Data
                0x000000000801e654       0x1a ./Core/Src/Component/app_i2c_lcd.o
                0x000000000801e654                Lcd_Send_Data
 .text.Lcd_Send_String
                0x000000000801e66e       0x2a ./Core/Src/Component/app_i2c_lcd.o
                0x000000000801e66e                Lcd_Send_String
 .text.Lcd_Clear_Display
                0x000000000801e698        0xe ./Core/Src/Component/app_i2c_lcd.o
                0x000000000801e698                Lcd_Clear_Display
 .text.Lcd_Goto_XY
                0x000000000801e6a6       0x22 ./Core/Src/Component/app_i2c_lcd.o
                0x000000000801e6a6                Lcd_Goto_XY
 .text.Lcd_Show_String
                0x000000000801e6c8       0x22 ./Core/Src/Component/app_i2c_lcd.o
                0x000000000801e6c8                Lcd_Show_String
 *fill*         0x000000000801e6ea        0x2 
 .text.is_Sim7600_TimeOutFlag
                0x000000000801e6ec       0x14 ./Core/Src/Component/app_sim7600.o
                0x000000000801e6ec                is_Sim7600_TimeOutFlag
 .text.Set_Sim7600_Timeout_Flag
                0x000000000801e700       0x18 ./Core/Src/Component/app_sim7600.o
                0x000000000801e700                Set_Sim7600_Timeout_Flag
 .text.Clear_Sim7600_Timeout_Flag
                0x000000000801e718       0x18 ./Core/Src/Component/app_sim7600.o
                0x000000000801e718                Clear_Sim7600_Timeout_Flag
 .text.Sim7600_State_Display
                0x000000000801e730       0xe4 ./Core/Src/Component/app_sim7600.o
                0x000000000801e730                Sim7600_State_Display
 .text.Sim7600_Run
                0x000000000801e814       0x3c ./Core/Src/Component/app_sim7600.o
                0x000000000801e814                Sim7600_Run
 .text.Power_Signal_Low
                0x000000000801e850       0x18 ./Core/Src/Component/app_sim7600.o
                0x000000000801e850                Power_Signal_Low
 .text.Power_Signal_High
                0x000000000801e868       0x18 ./Core/Src/Component/app_sim7600.o
                0x000000000801e868                Power_Signal_High
 .text.Reset_Signal_Low
                0x000000000801e880       0x18 ./Core/Src/Component/app_sim7600.o
                0x000000000801e880                Reset_Signal_Low
 .text.Reset_Signal_High
                0x000000000801e898       0x18 ./Core/Src/Component/app_sim7600.o
                0x000000000801e898                Reset_Signal_High
 .text.Sim7600_Power_On
                0x000000000801e8b0       0x40 ./Core/Src/Component/app_sim7600.o
                0x000000000801e8b0                Sim7600_Power_On
 .text.Sim7600_Wait_For_Power_On_Respone
                0x000000000801e8f0       0x1c ./Core/Src/Component/app_sim7600.o
                0x000000000801e8f0                Sim7600_Wait_For_Power_On_Respone
 .text.Sim7600_Reset
                0x000000000801e90c       0x44 ./Core/Src/Component/app_sim7600.o
                0x000000000801e90c                Sim7600_Reset
 .text.Sim7600_Wait_For_Reset_Respone
                0x000000000801e950       0x1c ./Core/Src/Component/app_sim7600.o
                0x000000000801e950                Sim7600_Wait_For_Reset_Respone
 .text.Sim7600_Start_Up
                0x000000000801e96c       0x28 ./Core/Src/Component/app_sim7600.o
                0x000000000801e96c                Sim7600_Start_Up
 .text.Sim7600_Wait_For_Start_Up_Respone
                0x000000000801e994       0x3c ./Core/Src/Component/app_sim7600.o
                0x000000000801e994                Sim7600_Wait_For_Start_Up_Respone
 .text.Sim7600_Setting
                0x000000000801e9d0       0x2c ./Core/Src/Component/app_sim7600.o
                0x000000000801e9d0                Sim7600_Setting
 .text.Sim7600_Wait_For_Setting_Respone
                0x000000000801e9fc       0x88 ./Core/Src/Component/app_sim7600.o
                0x000000000801e9fc                Sim7600_Wait_For_Setting_Respone
 .text.Sim7600_Get_Imei
                0x000000000801ea84       0x1c ./Core/Src/Component/app_sim7600.o
                0x000000000801ea84                Sim7600_Get_Imei
 .text.Sim7600_Wait_For_Get_Imei_Respone
                0x000000000801eaa0       0x4c ./Core/Src/Component/app_sim7600.o
                0x000000000801eaa0                Sim7600_Wait_For_Get_Imei_Respone
 .text.SIM7600_Set_State
                0x000000000801eaec       0x20 ./Core/Src/Component/app_sim7600.o
                0x000000000801eaec                SIM7600_Set_State
 .text.Get_Imei
                0x000000000801eb0c       0x48 ./Core/Src/Component/app_sim7600.o
                0x000000000801eb0c                Get_Imei
 .text.Reset_SimConfiguration_State
                0x000000000801eb54        0xe ./Core/Src/Component/app_sim7600.o
                0x000000000801eb54                Reset_SimConfiguration_State
 *fill*         0x000000000801eb62        0x2 
 .text.GPIO_Init
                0x000000000801eb64       0x78 ./Core/Src/Peripheral/app_gpio.o
                0x000000000801eb64                GPIO_Init
 .text.Sim7600_GPIO_Init
                0x000000000801ebdc       0x64 ./Core/Src/Peripheral/app_gpio.o
                0x000000000801ebdc                Sim7600_GPIO_Init
 .text.I2C_Init
                0x000000000801ec40       0x60 ./Core/Src/Peripheral/app_i2c.o
                0x000000000801ec40                I2C_Init
 .text.SPI2_Init
                0x000000000801eca0       0x84 ./Core/Src/Peripheral/app_spi.o
                0x000000000801eca0                SPI2_Init
 .text.ResetChipSelect
                0x000000000801ed24       0x18 ./Core/Src/Peripheral/app_spi.o
                0x000000000801ed24                ResetChipSelect
 .text.SetChipSelect
                0x000000000801ed3c       0x18 ./Core/Src/Peripheral/app_spi.o
                0x000000000801ed3c                SetChipSelect
 .text.SystemClock_Config
                0x000000000801ed54       0x8c ./Core/Src/Peripheral/app_system_clock_config.o
                0x000000000801ed54                SystemClock_Config
 .text.Timer_Init
                0x000000000801ede0       0x7c ./Core/Src/Peripheral/app_timer.o
                0x000000000801ede0                Timer_Init
 .text.HAL_TIM_PeriodElapsedCallback
                0x000000000801ee5c       0x14 ./Core/Src/Peripheral/app_timer.o
                0x000000000801ee5c                HAL_TIM_PeriodElapsedCallback
 .text.UART_SIM7600_Init
                0x000000000801ee70       0x58 ./Core/Src/Peripheral/app_uart.o
                0x000000000801ee70                UART_SIM7600_Init
 .text.UART_SIM7600_Transmit
                0x000000000801eec8       0x58 ./Core/Src/Peripheral/app_uart.o
                0x000000000801eec8                UART_SIM7600_Transmit
 .text.UART_SIM7600_Received_Buffer_Available
                0x000000000801ef20       0x2c ./Core/Src/Peripheral/app_uart.o
                0x000000000801ef20                UART_SIM7600_Received_Buffer_Available
 .text.UART_SIM7600_Read_Received_Buffer
                0x000000000801ef4c       0x5c ./Core/Src/Peripheral/app_uart.o
                0x000000000801ef4c                UART_SIM7600_Read_Received_Buffer
 .text.UART_DEBUG_Init
                0x000000000801efa8       0x54 ./Core/Src/Peripheral/app_uart.o
                0x000000000801efa8                UART_DEBUG_Init
 .text.UART_DEBUG_Transmit
                0x000000000801effc       0x3c ./Core/Src/Peripheral/app_uart.o
                0x000000000801effc                UART_DEBUG_Transmit
 .text.UART_DEBUG_Transmit_Size
                0x000000000801f038       0x30 ./Core/Src/Peripheral/app_uart.o
                0x000000000801f038                UART_DEBUG_Transmit_Size
 .text.Start_Receive_IT
                0x000000000801f068       0x24 ./Core/Src/Peripheral/app_uart.o
                0x000000000801f068                Start_Receive_IT
 .text.HAL_UART_RxCpltCallback
                0x000000000801f08c       0x60 ./Core/Src/Peripheral/app_uart.o
                0x000000000801f08c                HAL_UART_RxCpltCallback
 .text.HAL_UART_TxCpltCallback
                0x000000000801f0ec       0x1c ./Core/Src/Peripheral/app_uart.o
                0x000000000801f0ec                HAL_UART_TxCpltCallback
 .text.Clear_Reiceive_Buffer
                0x000000000801f108       0x2c ./Core/Src/Peripheral/app_uart.o
                0x000000000801f108                Clear_Reiceive_Buffer
 .text.HTTP_Display_State
                0x000000000801f134       0xec ./Core/Src/ServerCommunication/app_http.o
                0x000000000801f134                HTTP_Display_State
 .text.HTTP_Run
                0x000000000801f220       0x48 ./Core/Src/ServerCommunication/app_http.o
                0x000000000801f220                HTTP_Run
 .text.HTTP_Init
                0x000000000801f268       0x48 ./Core/Src/ServerCommunication/app_http.o
                0x000000000801f268                HTTP_Init
 .text.HTTP_Wait_For_Init
                0x000000000801f2b0       0x34 ./Core/Src/ServerCommunication/app_http.o
                0x000000000801f2b0                HTTP_Wait_For_Init
 .text.HTTP_Para
                0x000000000801f2e4       0x58 ./Core/Src/ServerCommunication/app_http.o
                0x000000000801f2e4                HTTP_Para
 .text.HTTP_Wait_For_Para
                0x000000000801f33c       0x34 ./Core/Src/ServerCommunication/app_http.o
                0x000000000801f33c                HTTP_Wait_For_Para
 .text.HTTP_Action
                0x000000000801f370       0x4c ./Core/Src/ServerCommunication/app_http.o
                0x000000000801f370                HTTP_Action
 .text.HTTP_Wait_For_Action
                0x000000000801f3bc       0xa0 ./Core/Src/ServerCommunication/app_http.o
                0x000000000801f3bc                HTTP_Wait_For_Action
 .text.HTTP_Read
                0x000000000801f45c      0x16c ./Core/Src/ServerCommunication/app_http.o
                0x000000000801f45c                HTTP_Read
 .text.HTTP_Wait_For_Read
                0x000000000801f5c8       0xb0 ./Core/Src/ServerCommunication/app_http.o
                0x000000000801f5c8                HTTP_Wait_For_Read
 .text.HTTP_Term
                0x000000000801f678       0x38 ./Core/Src/ServerCommunication/app_http.o
                0x000000000801f678                HTTP_Term
 .text.HTTP_Wait_For_Term
                0x000000000801f6b0       0x34 ./Core/Src/ServerCommunication/app_http.o
                0x000000000801f6b0                HTTP_Wait_For_Term
 .text.HTTP_Done
                0x000000000801f6e4        0xc ./Core/Src/ServerCommunication/app_http.o
                0x000000000801f6e4                HTTP_Done
 .text.is_Http_TimeOutFlag
                0x000000000801f6f0       0x14 ./Core/Src/ServerCommunication/app_http.o
                0x000000000801f6f0                is_Http_TimeOutFlag
 .text.Set_Http_Timeout_Flag
                0x000000000801f704       0x18 ./Core/Src/ServerCommunication/app_http.o
                0x000000000801f704                Set_Http_Timeout_Flag
 .text.Clear_Http_Timeout_Flag
                0x000000000801f71c       0x18 ./Core/Src/ServerCommunication/app_http.o
                0x000000000801f71c                Clear_Http_Timeout_Flag
 .text.HTTP_Firmware_Version
                0x000000000801f734       0xec ./Core/Src/ServerCommunication/app_http.o
                0x000000000801f734                HTTP_Firmware_Version
 .text.is_Firmware_Line_Data_Correct
                0x000000000801f820       0xcc ./Core/Src/ServerCommunication/app_http.o
                0x000000000801f820                is_Firmware_Line_Data_Correct
 .text.HTTP_Firmware_Data
                0x000000000801f8ec      0x5c8 ./Core/Src/ServerCommunication/app_http.o
                0x000000000801f8ec                HTTP_Firmware_Data
 .text.HTTP_Get_Content_Length
                0x000000000801feb4       0x74 ./Core/Src/ServerCommunication/app_http.o
                0x000000000801feb4                HTTP_Get_Content_Length
 .text.HTTP_Set_State
                0x000000000801ff28       0x20 ./Core/Src/ServerCommunication/app_http.o
                0x000000000801ff28                HTTP_Set_State
 .text.Clear_Http_Command
                0x000000000801ff48       0x18 ./Core/Src/ServerCommunication/app_http.o
                0x000000000801ff48                Clear_Http_Command
 .text.HTTP_Return_Content_Length
                0x000000000801ff60       0x14 ./Core/Src/ServerCommunication/app_http.o
                0x000000000801ff60                HTTP_Return_Content_Length
 .text.isReceiveData
                0x000000000801ff74       0x70 ./Core/Src/Utility/app_string.o
                0x000000000801ff74                isReceiveData
 .text.isReceiveData_New
                0x000000000801ffe4       0x90 ./Core/Src/Utility/app_string.o
                0x000000000801ffe4                isReceiveData_New
 .text.Char2Hex
                0x0000000008020074       0x3c ./Core/Src/Utility/app_string.o
                0x0000000008020074                Char2Hex
 .text.AT_Processing
                0x00000000080200b0      0x224 ./Core/Src/app_ATProcessing.o
                0x00000000080200b0                AT_Processing
 .text.Get_AT_Result
                0x00000000080202d4       0x14 ./Core/Src/app_ATProcessing.o
                0x00000000080202d4                Get_AT_Result
 .text.Clear_AT_Result
                0x00000000080202e8       0x18 ./Core/Src/app_ATProcessing.o
                0x00000000080202e8                Clear_AT_Result
 .text.Get_New_Task_ID
                0x0000000008020300       0x30 ./Core/Src/app_scheduler.o
                0x0000000008020300                Get_New_Task_ID
 .text.SCH_Update
                0x0000000008020330       0x50 ./Core/Src/app_scheduler.o
                0x0000000008020330                SCH_Update
 .text.SCH_Add_Task
                0x0000000008020380      0x2ac ./Core/Src/app_scheduler.o
                0x0000000008020380                SCH_Add_Task
 .text.SCH_Delete_Task
                0x000000000802062c      0x1e8 ./Core/Src/app_scheduler.o
                0x000000000802062c                SCH_Delete_Task
 .text.SCH_Dispatch_Tasks
                0x0000000008020814       0x50 ./Core/Src/app_scheduler.o
                0x0000000008020814                SCH_Dispatch_Tasks
 .text.__NVIC_SystemReset
                0x0000000008020864       0x2c ./Core/Src/app_version.o
 .text.Jump_To_Current_Firmware
                0x0000000008020890       0x1c ./Core/Src/app_version.o
                0x0000000008020890                Jump_To_Current_Firmware
 .text.Jump_To_Factory_Firmware
                0x00000000080208ac       0x1c ./Core/Src/app_version.o
                0x00000000080208ac                Jump_To_Factory_Firmware
 .text.Get_Update_Firmware_Status
                0x00000000080208c8       0x14 ./Core/Src/app_version.o
                0x00000000080208c8                Get_Update_Firmware_Status
 .text.Flash_Lock
                0x00000000080208dc        0xc ./Core/Src/flash.o
                0x00000000080208dc                Flash_Lock
 .text.Flash_Unlock
                0x00000000080208e8        0xc ./Core/Src/flash.o
                0x00000000080208e8                Flash_Unlock
 .text.Flash_Erase
                0x00000000080208f4       0x48 ./Core/Src/flash.o
                0x00000000080208f4                Flash_Erase
 .text.Flash_Write_Int
                0x000000000802093c       0x5c ./Core/Src/flash.o
                0x000000000802093c                Flash_Write_Int
 .text.Flash_Write_Char
                0x0000000008020998       0xa0 ./Core/Src/flash.o
                0x0000000008020998                Flash_Write_Char
 .text.FSM_Display_State
                0x0000000008020a38       0x4c ./Core/Src/fota_fsm.o
                0x0000000008020a38                FSM_Display_State
 .text.FSM_Run  0x0000000008020a84       0x30 ./Core/Src/fota_fsm.o
                0x0000000008020a84                FSM_Run
 .text.Start_Simcom
                0x0000000008020ab4       0x1c ./Core/Src/fota_fsm.o
                0x0000000008020ab4                Start_Simcom
 .text.Version_Checking_Http
                0x0000000008020ad0       0x78 ./Core/Src/fota_fsm.o
                0x0000000008020ad0                Version_Checking_Http
 .text.main     0x0000000008020b48       0x58 ./Core/Src/main.o
                0x0000000008020b48                main
 .text.Error_Handler
                0x0000000008020ba0        0xa ./Core/Src/main.o
                0x0000000008020ba0                Error_Handler
 *fill*         0x0000000008020baa        0x2 
 .text.HAL_MspInit
                0x0000000008020bac       0x64 ./Core/Src/stm32f1xx_hal_msp.o
                0x0000000008020bac                HAL_MspInit
 .text.HAL_I2C_MspInit
                0x0000000008020c10       0x7c ./Core/Src/stm32f1xx_hal_msp.o
                0x0000000008020c10                HAL_I2C_MspInit
 .text.HAL_SPI_MspInit
                0x0000000008020c8c       0x80 ./Core/Src/stm32f1xx_hal_msp.o
                0x0000000008020c8c                HAL_SPI_MspInit
 .text.HAL_TIM_Base_MspInit
                0x0000000008020d0c       0x4c ./Core/Src/stm32f1xx_hal_msp.o
                0x0000000008020d0c                HAL_TIM_Base_MspInit
 .text.HAL_UART_MspInit
                0x0000000008020d58      0x120 ./Core/Src/stm32f1xx_hal_msp.o
                0x0000000008020d58                HAL_UART_MspInit
 .text.NMI_Handler
                0x0000000008020e78        0x6 ./Core/Src/stm32f1xx_it.o
                0x0000000008020e78                NMI_Handler
 .text.HardFault_Handler
                0x0000000008020e7e        0x6 ./Core/Src/stm32f1xx_it.o
                0x0000000008020e7e                HardFault_Handler
 .text.MemManage_Handler
                0x0000000008020e84        0x6 ./Core/Src/stm32f1xx_it.o
                0x0000000008020e84                MemManage_Handler
 .text.BusFault_Handler
                0x0000000008020e8a        0x6 ./Core/Src/stm32f1xx_it.o
                0x0000000008020e8a                BusFault_Handler
 .text.UsageFault_Handler
                0x0000000008020e90        0x6 ./Core/Src/stm32f1xx_it.o
                0x0000000008020e90                UsageFault_Handler
 .text.SVC_Handler
                0x0000000008020e96        0xc ./Core/Src/stm32f1xx_it.o
                0x0000000008020e96                SVC_Handler
 .text.DebugMon_Handler
                0x0000000008020ea2        0xc ./Core/Src/stm32f1xx_it.o
                0x0000000008020ea2                DebugMon_Handler
 .text.PendSV_Handler
                0x0000000008020eae        0xc ./Core/Src/stm32f1xx_it.o
                0x0000000008020eae                PendSV_Handler
 .text.SysTick_Handler
                0x0000000008020eba        0xc ./Core/Src/stm32f1xx_it.o
                0x0000000008020eba                SysTick_Handler
 *fill*         0x0000000008020ec6        0x2 
 .text.TIM3_IRQHandler
                0x0000000008020ec8       0x14 ./Core/Src/stm32f1xx_it.o
                0x0000000008020ec8                TIM3_IRQHandler
 .text.USART1_IRQHandler
                0x0000000008020edc       0x14 ./Core/Src/stm32f1xx_it.o
                0x0000000008020edc                USART1_IRQHandler
 .text._sbrk    0x0000000008020ef0       0x6c ./Core/Src/sysmem.o
                0x0000000008020ef0                _sbrk
 .text.SystemInit
                0x0000000008020f5c       0x1c ./Core/Src/system_stm32f1xx.o
                0x0000000008020f5c                SystemInit
 .text.Reset_Handler
                0x0000000008020f78       0x48 ./Core/Startup/startup_stm32f103retx.o
                0x0000000008020f78                Reset_Handler
 .text.Default_Handler
                0x0000000008020fc0        0x2 ./Core/Startup/startup_stm32f103retx.o
                0x0000000008020fc0                RTC_Alarm_IRQHandler
                0x0000000008020fc0                EXTI2_IRQHandler
                0x0000000008020fc0                TIM8_TRG_COM_IRQHandler
                0x0000000008020fc0                TIM8_CC_IRQHandler
                0x0000000008020fc0                TIM1_CC_IRQHandler
                0x0000000008020fc0                TIM6_IRQHandler
                0x0000000008020fc0                PVD_IRQHandler
                0x0000000008020fc0                SDIO_IRQHandler
                0x0000000008020fc0                EXTI3_IRQHandler
                0x0000000008020fc0                EXTI0_IRQHandler
                0x0000000008020fc0                I2C2_EV_IRQHandler
                0x0000000008020fc0                ADC1_2_IRQHandler
                0x0000000008020fc0                SPI1_IRQHandler
                0x0000000008020fc0                TAMPER_IRQHandler
                0x0000000008020fc0                TIM8_UP_IRQHandler
                0x0000000008020fc0                DMA2_Channel2_IRQHandler
                0x0000000008020fc0                DMA1_Channel4_IRQHandler
                0x0000000008020fc0                USART3_IRQHandler
                0x0000000008020fc0                RTC_IRQHandler
                0x0000000008020fc0                DMA1_Channel7_IRQHandler
                0x0000000008020fc0                CAN1_RX1_IRQHandler
                0x0000000008020fc0                UART5_IRQHandler
                0x0000000008020fc0                ADC3_IRQHandler
                0x0000000008020fc0                TIM4_IRQHandler
                0x0000000008020fc0                DMA2_Channel1_IRQHandler
                0x0000000008020fc0                I2C1_EV_IRQHandler
                0x0000000008020fc0                DMA1_Channel6_IRQHandler
                0x0000000008020fc0                UART4_IRQHandler
                0x0000000008020fc0                RCC_IRQHandler
                0x0000000008020fc0                TIM1_TRG_COM_IRQHandler
                0x0000000008020fc0                DMA1_Channel1_IRQHandler
                0x0000000008020fc0                Default_Handler
                0x0000000008020fc0                EXTI15_10_IRQHandler
                0x0000000008020fc0                TIM7_IRQHandler
                0x0000000008020fc0                TIM5_IRQHandler
                0x0000000008020fc0                EXTI9_5_IRQHandler
                0x0000000008020fc0                SPI2_IRQHandler
                0x0000000008020fc0                DMA1_Channel5_IRQHandler
                0x0000000008020fc0                EXTI4_IRQHandler
                0x0000000008020fc0                USB_LP_CAN1_RX0_IRQHandler
                0x0000000008020fc0                USB_HP_CAN1_TX_IRQHandler
                0x0000000008020fc0                DMA1_Channel3_IRQHandler
                0x0000000008020fc0                FSMC_IRQHandler
                0x0000000008020fc0                TIM1_UP_IRQHandler
                0x0000000008020fc0                WWDG_IRQHandler
                0x0000000008020fc0                TIM2_IRQHandler
                0x0000000008020fc0                TIM1_BRK_IRQHandler
                0x0000000008020fc0                EXTI1_IRQHandler
                0x0000000008020fc0                DMA2_Channel4_5_IRQHandler
                0x0000000008020fc0                USART2_IRQHandler
                0x0000000008020fc0                I2C2_ER_IRQHandler
                0x0000000008020fc0                DMA1_Channel2_IRQHandler
                0x0000000008020fc0                TIM8_BRK_IRQHandler
                0x0000000008020fc0                CAN1_SCE_IRQHandler
                0x0000000008020fc0                FLASH_IRQHandler
                0x0000000008020fc0                SPI3_IRQHandler
                0x0000000008020fc0                I2C1_ER_IRQHandler
                0x0000000008020fc0                USBWakeUp_IRQHandler
                0x0000000008020fc0                DMA2_Channel3_IRQHandler
 *fill*         0x0000000008020fc2        0x2 
 .text.HAL_Init
                0x0000000008020fc4       0x2c ./Drivers/STM32F1xx_HAL_Driver/Src/stm32f1xx_hal.o
                0x0000000008020fc4                HAL_Init
 .text.HAL_InitTick
                0x0000000008020ff0       0x60 ./Drivers/STM32F1xx_HAL_Driver/Src/stm32f1xx_hal.o
                0x0000000008020ff0                HAL_InitTick
 .text.HAL_IncTick
                0x0000000008021050       0x24 ./Drivers/STM32F1xx_HAL_Driver/Src/stm32f1xx_hal.o
                0x0000000008021050                HAL_IncTick
 .text.HAL_GetTick
                0x0000000008021074       0x14 ./Drivers/STM32F1xx_HAL_Driver/Src/stm32f1xx_hal.o
                0x0000000008021074                HAL_GetTick
 .text.HAL_Delay
                0x0000000008021088       0x48 ./Drivers/STM32F1xx_HAL_Driver/Src/stm32f1xx_hal.o
                0x0000000008021088                HAL_Delay
 .text.__NVIC_SetPriorityGrouping
                0x00000000080210d0       0x48 ./Drivers/STM32F1xx_HAL_Driver/Src/stm32f1xx_hal_cortex.o
 .text.__NVIC_GetPriorityGrouping
                0x0000000008021118       0x1c ./Drivers/STM32F1xx_HAL_Driver/Src/stm32f1xx_hal_cortex.o
 .text.__NVIC_EnableIRQ
                0x0000000008021134       0x38 ./Drivers/STM32F1xx_HAL_Driver/Src/stm32f1xx_hal_cortex.o
 .text.__NVIC_SetPriority
                0x000000000802116c       0x54 ./Drivers/STM32F1xx_HAL_Driver/Src/stm32f1xx_hal_cortex.o
 .text.NVIC_EncodePriority
                0x00000000080211c0       0x64 ./Drivers/STM32F1xx_HAL_Driver/Src/stm32f1xx_hal_cortex.o
 .text.SysTick_Config
                0x0000000008021224       0x44 ./Drivers/STM32F1xx_HAL_Driver/Src/stm32f1xx_hal_cortex.o
 .text.HAL_NVIC_SetPriorityGrouping
                0x0000000008021268       0x16 ./Drivers/STM32F1xx_HAL_Driver/Src/stm32f1xx_hal_cortex.o
                0x0000000008021268                HAL_NVIC_SetPriorityGrouping
 .text.HAL_NVIC_SetPriority
                0x000000000802127e       0x38 ./Drivers/STM32F1xx_HAL_Driver/Src/stm32f1xx_hal_cortex.o
                0x000000000802127e                HAL_NVIC_SetPriority
 .text.HAL_NVIC_EnableIRQ
                0x00000000080212b6       0x1c ./Drivers/STM32F1xx_HAL_Driver/Src/stm32f1xx_hal_cortex.o
                0x00000000080212b6                HAL_NVIC_EnableIRQ
 .text.HAL_SYSTICK_Config
                0x00000000080212d2       0x18 ./Drivers/STM32F1xx_HAL_Driver/Src/stm32f1xx_hal_cortex.o
                0x00000000080212d2                HAL_SYSTICK_Config
 .text.HAL_DMA_Abort
                0x00000000080212ea       0x74 ./Drivers/STM32F1xx_HAL_Driver/Src/stm32f1xx_hal_dma.o
                0x00000000080212ea                HAL_DMA_Abort
 *fill*         0x000000000802135e        0x2 
 .text.HAL_DMA_Abort_IT
                0x0000000008021360      0x210 ./Drivers/STM32F1xx_HAL_Driver/Src/stm32f1xx_hal_dma.o
                0x0000000008021360                HAL_DMA_Abort_IT
 .text.HAL_FLASH_Unlock
                0x0000000008021570       0x4c ./Drivers/STM32F1xx_HAL_Driver/Src/stm32f1xx_hal_flash.o
                0x0000000008021570                HAL_FLASH_Unlock
 .text.HAL_FLASH_Lock
                0x00000000080215bc       0x20 ./Drivers/STM32F1xx_HAL_Driver/Src/stm32f1xx_hal_flash.o
                0x00000000080215bc                HAL_FLASH_Lock
 .text.FLASH_WaitForLastOperation
                0x00000000080215dc       0x8c ./Drivers/STM32F1xx_HAL_Driver/Src/stm32f1xx_hal_flash.o
                0x00000000080215dc                FLASH_WaitForLastOperation
 .text.FLASH_SetErrorCode
                0x0000000008021668       0xa0 ./Drivers/STM32F1xx_HAL_Driver/Src/stm32f1xx_hal_flash.o
 .text.HAL_FLASHEx_Erase
                0x0000000008021708       0xd8 ./Drivers/STM32F1xx_HAL_Driver/Src/stm32f1xx_hal_flash_ex.o
                0x0000000008021708                HAL_FLASHEx_Erase
 .text.FLASH_MassErase
                0x00000000080217e0       0x38 ./Drivers/STM32F1xx_HAL_Driver/Src/stm32f1xx_hal_flash_ex.o
 .text.FLASH_PageErase
                0x0000000008021818       0x40 ./Drivers/STM32F1xx_HAL_Driver/Src/stm32f1xx_hal_flash_ex.o
                0x0000000008021818                FLASH_PageErase
 .text.HAL_GPIO_Init
                0x0000000008021858      0x328 ./Drivers/STM32F1xx_HAL_Driver/Src/stm32f1xx_hal_gpio.o
                0x0000000008021858                HAL_GPIO_Init
 .text.HAL_GPIO_WritePin
                0x0000000008021b80       0x30 ./Drivers/STM32F1xx_HAL_Driver/Src/stm32f1xx_hal_gpio.o
                0x0000000008021b80                HAL_GPIO_WritePin
 .text.HAL_I2C_Init
                0x0000000008021bb0      0x288 ./Drivers/STM32F1xx_HAL_Driver/Src/stm32f1xx_hal_i2c.o
                0x0000000008021bb0                HAL_I2C_Init
 .text.HAL_I2C_Master_Transmit
                0x0000000008021e38      0x1fc ./Drivers/STM32F1xx_HAL_Driver/Src/stm32f1xx_hal_i2c.o
                0x0000000008021e38                HAL_I2C_Master_Transmit
 .text.I2C_MasterRequestWrite
                0x0000000008022034      0x104 ./Drivers/STM32F1xx_HAL_Driver/Src/stm32f1xx_hal_i2c.o
 .text.I2C_WaitOnFlagUntilTimeout
                0x0000000008022138       0xae ./Drivers/STM32F1xx_HAL_Driver/Src/stm32f1xx_hal_i2c.o
 .text.I2C_WaitOnMasterAddressFlagUntilTimeout
                0x00000000080221e6       0xfe ./Drivers/STM32F1xx_HAL_Driver/Src/stm32f1xx_hal_i2c.o
 .text.I2C_WaitOnTXEFlagUntilTimeout
                0x00000000080222e4       0x82 ./Drivers/STM32F1xx_HAL_Driver/Src/stm32f1xx_hal_i2c.o
 .text.I2C_WaitOnBTFFlagUntilTimeout
                0x0000000008022366       0x82 ./Drivers/STM32F1xx_HAL_Driver/Src/stm32f1xx_hal_i2c.o
 .text.I2C_IsAcknowledgeFailed
                0x00000000080223e8       0x5c ./Drivers/STM32F1xx_HAL_Driver/Src/stm32f1xx_hal_i2c.o
 .text.HAL_RCC_OscConfig
                0x0000000008022444      0x500 ./Drivers/STM32F1xx_HAL_Driver/Src/stm32f1xx_hal_rcc.o
                0x0000000008022444                HAL_RCC_OscConfig
 .text.HAL_RCC_ClockConfig
                0x0000000008022944      0x1d4 ./Drivers/STM32F1xx_HAL_Driver/Src/stm32f1xx_hal_rcc.o
                0x0000000008022944                HAL_RCC_ClockConfig
 .text.HAL_RCC_GetSysClockFreq
                0x0000000008022b18       0xc0 ./Drivers/STM32F1xx_HAL_Driver/Src/stm32f1xx_hal_rcc.o
                0x0000000008022b18                HAL_RCC_GetSysClockFreq
 .text.HAL_RCC_GetHCLKFreq
                0x0000000008022bd8       0x14 ./Drivers/STM32F1xx_HAL_Driver/Src/stm32f1xx_hal_rcc.o
                0x0000000008022bd8                HAL_RCC_GetHCLKFreq
 .text.HAL_RCC_GetPCLK1Freq
                0x0000000008022bec       0x28 ./Drivers/STM32F1xx_HAL_Driver/Src/stm32f1xx_hal_rcc.o
                0x0000000008022bec                HAL_RCC_GetPCLK1Freq
 .text.HAL_RCC_GetPCLK2Freq
                0x0000000008022c14       0x28 ./Drivers/STM32F1xx_HAL_Driver/Src/stm32f1xx_hal_rcc.o
                0x0000000008022c14                HAL_RCC_GetPCLK2Freq
 .text.RCC_Delay
                0x0000000008022c3c       0x3c ./Drivers/STM32F1xx_HAL_Driver/Src/stm32f1xx_hal_rcc.o
 .text.HAL_SPI_Init
                0x0000000008022c78      0x108 ./Drivers/STM32F1xx_HAL_Driver/Src/stm32f1xx_hal_spi.o
                0x0000000008022c78                HAL_SPI_Init
 .text.HAL_SPI_Transmit
                0x0000000008022d80      0x278 ./Drivers/STM32F1xx_HAL_Driver/Src/stm32f1xx_hal_spi.o
                0x0000000008022d80                HAL_SPI_Transmit
 .text.SPI_WaitFlagStateUntilTimeout
                0x0000000008022ff8      0x110 ./Drivers/STM32F1xx_HAL_Driver/Src/stm32f1xx_hal_spi.o
 .text.SPI_EndRxTxTransaction
                0x0000000008023108       0x3c ./Drivers/STM32F1xx_HAL_Driver/Src/stm32f1xx_hal_spi.o
 .text.HAL_TIM_Base_Init
                0x0000000008023144       0x9e ./Drivers/STM32F1xx_HAL_Driver/Src/stm32f1xx_hal_tim.o
                0x0000000008023144                HAL_TIM_Base_Init
 *fill*         0x00000000080231e2        0x2 
 .text.HAL_TIM_Base_Start_IT
                0x00000000080231e4       0xc0 ./Drivers/STM32F1xx_HAL_Driver/Src/stm32f1xx_hal_tim.o
                0x00000000080231e4                HAL_TIM_Base_Start_IT
 .text.HAL_TIM_IRQHandler
                0x00000000080232a4      0x210 ./Drivers/STM32F1xx_HAL_Driver/Src/stm32f1xx_hal_tim.o
                0x00000000080232a4                HAL_TIM_IRQHandler
 .text.HAL_TIM_OC_DelayElapsedCallback
                0x00000000080234b4       0x12 ./Drivers/STM32F1xx_HAL_Driver/Src/stm32f1xx_hal_tim.o
                0x00000000080234b4                HAL_TIM_OC_DelayElapsedCallback
 .text.HAL_TIM_IC_CaptureCallback
                0x00000000080234c6       0x12 ./Drivers/STM32F1xx_HAL_Driver/Src/stm32f1xx_hal_tim.o
                0x00000000080234c6                HAL_TIM_IC_CaptureCallback
 .text.HAL_TIM_PWM_PulseFinishedCallback
                0x00000000080234d8       0x12 ./Drivers/STM32F1xx_HAL_Driver/Src/stm32f1xx_hal_tim.o
                0x00000000080234d8                HAL_TIM_PWM_PulseFinishedCallback
 .text.HAL_TIM_TriggerCallback
                0x00000000080234ea       0x12 ./Drivers/STM32F1xx_HAL_Driver/Src/stm32f1xx_hal_tim.o
                0x00000000080234ea                HAL_TIM_TriggerCallback
 .text.TIM_Base_SetConfig
                0x00000000080234fc       0xf4 ./Drivers/STM32F1xx_HAL_Driver/Src/stm32f1xx_hal_tim.o
                0x00000000080234fc                TIM_Base_SetConfig
 .text.HAL_TIMEx_CommutCallback
                0x00000000080235f0       0x12 ./Drivers/STM32F1xx_HAL_Driver/Src/stm32f1xx_hal_tim_ex.o
                0x00000000080235f0                HAL_TIMEx_CommutCallback
 .text.HAL_TIMEx_BreakCallback
                0x0000000008023602       0x12 ./Drivers/STM32F1xx_HAL_Driver/Src/stm32f1xx_hal_tim_ex.o
                0x0000000008023602                HAL_TIMEx_BreakCallback
 .text.HAL_UART_Init
                0x0000000008023614       0x9a ./Drivers/STM32F1xx_HAL_Driver/Src/stm32f1xx_hal_uart.o
                0x0000000008023614                HAL_UART_Init
 .text.HAL_UART_Transmit
                0x00000000080236ae      0x124 ./Drivers/STM32F1xx_HAL_Driver/Src/stm32f1xx_hal_uart.o
                0x00000000080236ae                HAL_UART_Transmit
 .text.HAL_UART_Transmit_IT
                0x00000000080237d2       0x88 ./Drivers/STM32F1xx_HAL_Driver/Src/stm32f1xx_hal_uart.o
                0x00000000080237d2                HAL_UART_Transmit_IT
 .text.HAL_UART_Receive_IT
                0x000000000802385a       0x60 ./Drivers/STM32F1xx_HAL_Driver/Src/stm32f1xx_hal_uart.o
                0x000000000802385a                HAL_UART_Receive_IT
 *fill*         0x00000000080238ba        0x2 
 .text.HAL_UART_IRQHandler
                0x00000000080238bc      0x354 ./Drivers/STM32F1xx_HAL_Driver/Src/stm32f1xx_hal_uart.o
                0x00000000080238bc                HAL_UART_IRQHandler
 .text.HAL_UART_ErrorCallback
                0x0000000008023c10       0x12 ./Drivers/STM32F1xx_HAL_Driver/Src/stm32f1xx_hal_uart.o
                0x0000000008023c10                HAL_UART_ErrorCallback
 .text.HAL_UARTEx_RxEventCallback
                0x0000000008023c22       0x16 ./Drivers/STM32F1xx_HAL_Driver/Src/stm32f1xx_hal_uart.o
                0x0000000008023c22                HAL_UARTEx_RxEventCallback
 .text.UART_WaitOnFlagUntilTimeout
                0x0000000008023c38       0x94 ./Drivers/STM32F1xx_HAL_Driver/Src/stm32f1xx_hal_uart.o
 .text.UART_Start_Receive_IT
                0x0000000008023ccc       0x72 ./Drivers/STM32F1xx_HAL_Driver/Src/stm32f1xx_hal_uart.o
                0x0000000008023ccc                UART_Start_Receive_IT
 .text.UART_EndRxTransfer
                0x0000000008023d3e       0x58 ./Drivers/STM32F1xx_HAL_Driver/Src/stm32f1xx_hal_uart.o
 .text.UART_DMAAbortOnError
                0x0000000008023d96       0x28 ./Drivers/STM32F1xx_HAL_Driver/Src/stm32f1xx_hal_uart.o
 .text.UART_Transmit_IT
                0x0000000008023dbe       0x9e ./Drivers/STM32F1xx_HAL_Driver/Src/stm32f1xx_hal_uart.o
 .text.UART_EndTransmit_IT
                0x0000000008023e5c       0x30 ./Drivers/STM32F1xx_HAL_Driver/Src/stm32f1xx_hal_uart.o
 .text.UART_Receive_IT
                0x0000000008023e8c      0x152 ./Drivers/STM32F1xx_HAL_Driver/Src/stm32f1xx_hal_uart.o
 *fill*         0x0000000008023fde        0x2 
 .text.UART_SetConfig
                0x0000000008023fe0      0x11c ./Drivers/STM32F1xx_HAL_Driver/Src/stm32f1xx_hal_uart.o
 .text.__errno  0x00000000080240fc        0xc c:/st/stm32cubeide_1.7.0/stm32cubeide/plugins/com.st.stm32cube.ide.mcu.externaltools.gnu-tools-for-stm32.9-2020-q2-update.win32_2.0.0.202105311346/tools/bin/../lib/gcc/arm-none-eabi/9.3.1/../../../../arm-none-eabi/lib/thumb/v7-m/nofp\libc_nano.a(lib_a-errno.o)
                0x00000000080240fc                __errno
 .text.__libc_init_array
                0x0000000008024108       0x48 c:/st/stm32cubeide_1.7.0/stm32cubeide/plugins/com.st.stm32cube.ide.mcu.externaltools.gnu-tools-for-stm32.9-2020-q2-update.win32_2.0.0.202105311346/tools/bin/../lib/gcc/arm-none-eabi/9.3.1/../../../../arm-none-eabi/lib/thumb/v7-m/nofp\libc_nano.a(lib_a-init.o)
                0x0000000008024108                __libc_init_array
 .text.memset   0x0000000008024150       0x10 c:/st/stm32cubeide_1.7.0/stm32cubeide/plugins/com.st.stm32cube.ide.mcu.externaltools.gnu-tools-for-stm32.9-2020-q2-update.win32_2.0.0.202105311346/tools/bin/../lib/gcc/arm-none-eabi/9.3.1/../../../../arm-none-eabi/lib/thumb/v7-m/nofp\libc_nano.a(lib_a-memset.o)
                0x0000000008024150                memset
 .text.sprintf  0x0000000008024160       0x40 c:/st/stm32cubeide_1.7.0/stm32cubeide/plugins/com.st.stm32cube.ide.mcu.externaltools.gnu-tools-for-stm32.9-2020-q2-update.win32_2.0.0.202105311346/tools/bin/../lib/gcc/arm-none-eabi/9.3.1/../../../../arm-none-eabi/lib/thumb/v7-m/nofp\libc_nano.a(lib_a-sprintf.o)
                0x0000000008024160                siprintf
                0x0000000008024160                sprintf
 .text.__ssputs_r
                0x00000000080241a0       0xb6 c:/st/stm32cubeide_1.7.0/stm32cubeide/plugins/com.st.stm32cube.ide.mcu.externaltools.gnu-tools-for-stm32.9-2020-q2-update.win32_2.0.0.202105311346/tools/bin/../lib/gcc/arm-none-eabi/9.3.1/../../../../arm-none-eabi/lib/thumb/v7-m/nofp\libc_nano.a(lib_a-nano-svfprintf.o)
                0x00000000080241a0                __ssputs_r
 *fill*         0x0000000008024256        0x2 
 .text._svfprintf_r
                0x0000000008024258      0x200 c:/st/stm32cubeide_1.7.0/stm32cubeide/plugins/com.st.stm32cube.ide.mcu.externaltools.gnu-tools-for-stm32.9-2020-q2-update.win32_2.0.0.202105311346/tools/bin/../lib/gcc/arm-none-eabi/9.3.1/../../../../arm-none-eabi/lib/thumb/v7-m/nofp\libc_nano.a(lib_a-nano-svfprintf.o)
                0x0000000008024258                _svfiprintf_r
                0x0000000008024258                _svfprintf_r
 .text._printf_common
                0x0000000008024458       0xde c:/st/stm32cubeide_1.7.0/stm32cubeide/plugins/com.st.stm32cube.ide.mcu.externaltools.gnu-tools-for-stm32.9-2020-q2-update.win32_2.0.0.202105311346/tools/bin/../lib/gcc/arm-none-eabi/9.3.1/../../../../arm-none-eabi/lib/thumb/v7-m/nofp\libc_nano.a(lib_a-nano-vfprintf_i.o)
                0x0000000008024458                _printf_common
 *fill*         0x0000000008024536        0x2 
 .text._printf_i
                0x0000000008024538      0x24c c:/st/stm32cubeide_1.7.0/stm32cubeide/plugins/com.st.stm32cube.ide.mcu.externaltools.gnu-tools-for-stm32.9-2020-q2-update.win32_2.0.0.202105311346/tools/bin/../lib/gcc/arm-none-eabi/9.3.1/../../../../arm-none-eabi/lib/thumb/v7-m/nofp\libc_nano.a(lib_a-nano-vfprintf_i.o)
                0x0000000008024538                _printf_i
 .text.memchr   0x0000000008024784       0x1c c:/st/stm32cubeide_1.7.0/stm32cubeide/plugins/com.st.stm32cube.ide.mcu.externaltools.gnu-tools-for-stm32.9-2020-q2-update.win32_2.0.0.202105311346/tools/bin/../lib/gcc/arm-none-eabi/9.3.1/../../../../arm-none-eabi/lib/thumb/v7-m/nofp\libc_nano.a(lib_a-memchr-stub.o)
                0x0000000008024784                memchr
 .text.memcpy   0x00000000080247a0       0x1c c:/st/stm32cubeide_1.7.0/stm32cubeide/plugins/com.st.stm32cube.ide.mcu.externaltools.gnu-tools-for-stm32.9-2020-q2-update.win32_2.0.0.202105311346/tools/bin/../lib/gcc/arm-none-eabi/9.3.1/../../../../arm-none-eabi/lib/thumb/v7-m/nofp\libc_nano.a(lib_a-memcpy-stub.o)
                0x00000000080247a0                memcpy
 .text.memmove  0x00000000080247bc       0x34 c:/st/stm32cubeide_1.7.0/stm32cubeide/plugins/com.st.stm32cube.ide.mcu.externaltools.gnu-tools-for-stm32.9-2020-q2-update.win32_2.0.0.202105311346/tools/bin/../lib/gcc/arm-none-eabi/9.3.1/../../../../arm-none-eabi/lib/thumb/v7-m/nofp\libc_nano.a(lib_a-memmove.o)
                0x00000000080247bc                memmove
 .text._free_r  0x00000000080247f0       0x98 c:/st/stm32cubeide_1.7.0/stm32cubeide/plugins/com.st.stm32cube.ide.mcu.externaltools.gnu-tools-for-stm32.9-2020-q2-update.win32_2.0.0.202105311346/tools/bin/../lib/gcc/arm-none-eabi/9.3.1/../../../../arm-none-eabi/lib/thumb/v7-m/nofp\libc_nano.a(lib_a-nano-freer.o)
                0x00000000080247f0                _free_r
 .text._malloc_r
                0x0000000008024888       0xb4 c:/st/stm32cubeide_1.7.0/stm32cubeide/plugins/com.st.stm32cube.ide.mcu.externaltools.gnu-tools-for-stm32.9-2020-q2-update.win32_2.0.0.202105311346/tools/bin/../lib/gcc/arm-none-eabi/9.3.1/../../../../arm-none-eabi/lib/thumb/v7-m/nofp\libc_nano.a(lib_a-nano-mallocr.o)
                0x0000000008024888                _malloc_r
 .text._realloc_r
                0x000000000802493c       0x4c c:/st/stm32cubeide_1.7.0/stm32cubeide/plugins/com.st.stm32cube.ide.mcu.externaltools.gnu-tools-for-stm32.9-2020-q2-update.win32_2.0.0.202105311346/tools/bin/../lib/gcc/arm-none-eabi/9.3.1/../../../../arm-none-eabi/lib/thumb/v7-m/nofp\libc_nano.a(lib_a-nano-reallocr.o)
                0x000000000802493c                _realloc_r
 .text._sbrk_r  0x0000000008024988       0x20 c:/st/stm32cubeide_1.7.0/stm32cubeide/plugins/com.st.stm32cube.ide.mcu.externaltools.gnu-tools-for-stm32.9-2020-q2-update.win32_2.0.0.202105311346/tools/bin/../lib/gcc/arm-none-eabi/9.3.1/../../../../arm-none-eabi/lib/thumb/v7-m/nofp\libc_nano.a(lib_a-sbrkr.o)
                0x0000000008024988                _sbrk_r
 .text.__malloc_lock
                0x00000000080249a8        0xc c:/st/stm32cubeide_1.7.0/stm32cubeide/plugins/com.st.stm32cube.ide.mcu.externaltools.gnu-tools-for-stm32.9-2020-q2-update.win32_2.0.0.202105311346/tools/bin/../lib/gcc/arm-none-eabi/9.3.1/../../../../arm-none-eabi/lib/thumb/v7-m/nofp\libc_nano.a(lib_a-mlock.o)
                0x00000000080249a8                __malloc_lock
 .text.__malloc_unlock
                0x00000000080249b4        0xc c:/st/stm32cubeide_1.7.0/stm32cubeide/plugins/com.st.stm32cube.ide.mcu.externaltools.gnu-tools-for-stm32.9-2020-q2-update.win32_2.0.0.202105311346/tools/bin/../lib/gcc/arm-none-eabi/9.3.1/../../../../arm-none-eabi/lib/thumb/v7-m/nofp\libc_nano.a(lib_a-mlock.o)
                0x00000000080249b4                __malloc_unlock
 .text._malloc_usable_size_r
                0x00000000080249c0       0x10 c:/st/stm32cubeide_1.7.0/stm32cubeide/plugins/com.st.stm32cube.ide.mcu.externaltools.gnu-tools-for-stm32.9-2020-q2-update.win32_2.0.0.202105311346/tools/bin/../lib/gcc/arm-none-eabi/9.3.1/../../../../arm-none-eabi/lib/thumb/v7-m/nofp\libc_nano.a(lib_a-nano-msizer.o)
                0x00000000080249c0                _malloc_usable_size_r
 .text.__retarget_lock_acquire_recursive
                0x00000000080249d0        0x2 c:/st/stm32cubeide_1.7.0/stm32cubeide/plugins/com.st.stm32cube.ide.mcu.externaltools.gnu-tools-for-stm32.9-2020-q2-update.win32_2.0.0.202105311346/tools/bin/../lib/gcc/arm-none-eabi/9.3.1/../../../../arm-none-eabi/lib/thumb/v7-m/nofp\libc_nano.a(lib_a-lock.o)
                0x00000000080249d0                __retarget_lock_acquire_recursive
 .text.__retarget_lock_release_recursive
                0x00000000080249d2        0x2 c:/st/stm32cubeide_1.7.0/stm32cubeide/plugins/com.st.stm32cube.ide.mcu.externaltools.gnu-tools-for-stm32.9-2020-q2-update.win32_2.0.0.202105311346/tools/bin/../lib/gcc/arm-none-eabi/9.3.1/../../../../arm-none-eabi/lib/thumb/v7-m/nofp\libc_nano.a(lib_a-lock.o)
                0x00000000080249d2                __retarget_lock_release_recursive
 *(.glue_7)
 .glue_7        0x00000000080249d4        0x0 linker stubs
 *(.glue_7t)
 .glue_7t       0x00000000080249d4        0x0 linker stubs
 *(.eh_frame)
 .eh_frame      0x00000000080249d4        0x0 c:/st/stm32cubeide_1.7.0/stm32cubeide/plugins/com.st.stm32cube.ide.mcu.externaltools.gnu-tools-for-stm32.9-2020-q2-update.win32_2.0.0.202105311346/tools/bin/../lib/gcc/arm-none-eabi/9.3.1/thumb/v7-m/nofp/crtbegin.o
 *(.init)
 .init          0x00000000080249d4        0x4 c:/st/stm32cubeide_1.7.0/stm32cubeide/plugins/com.st.stm32cube.ide.mcu.externaltools.gnu-tools-for-stm32.9-2020-q2-update.win32_2.0.0.202105311346/tools/bin/../lib/gcc/arm-none-eabi/9.3.1/thumb/v7-m/nofp/crti.o
                0x00000000080249d4                _init
 .init          0x00000000080249d8        0x8 c:/st/stm32cubeide_1.7.0/stm32cubeide/plugins/com.st.stm32cube.ide.mcu.externaltools.gnu-tools-for-stm32.9-2020-q2-update.win32_2.0.0.202105311346/tools/bin/../lib/gcc/arm-none-eabi/9.3.1/thumb/v7-m/nofp/crtn.o
 *(.fini)
 .fini          0x00000000080249e0        0x4 c:/st/stm32cubeide_1.7.0/stm32cubeide/plugins/com.st.stm32cube.ide.mcu.externaltools.gnu-tools-for-stm32.9-2020-q2-update.win32_2.0.0.202105311346/tools/bin/../lib/gcc/arm-none-eabi/9.3.1/thumb/v7-m/nofp/crti.o
                0x00000000080249e0                _fini
 .fini          0x00000000080249e4        0x8 c:/st/stm32cubeide_1.7.0/stm32cubeide/plugins/com.st.stm32cube.ide.mcu.externaltools.gnu-tools-for-stm32.9-2020-q2-update.win32_2.0.0.202105311346/tools/bin/../lib/gcc/arm-none-eabi/9.3.1/thumb/v7-m/nofp/crtn.o
                0x00000000080249ec                . = ALIGN (0x4)
                0x00000000080249ec                _etext = .

.vfp11_veneer   0x00000000080249ec        0x0
 .vfp11_veneer  0x00000000080249ec        0x0 linker stubs

.v4_bx          0x00000000080249ec        0x0
 .v4_bx         0x00000000080249ec        0x0 linker stubs

.iplt           0x00000000080249ec        0x0
 .iplt          0x00000000080249ec        0x0 c:/st/stm32cubeide_1.7.0/stm32cubeide/plugins/com.st.stm32cube.ide.mcu.externaltools.gnu-tools-for-stm32.9-2020-q2-update.win32_2.0.0.202105311346/tools/bin/../lib/gcc/arm-none-eabi/9.3.1/thumb/v7-m/nofp/crtbegin.o

.rodata         0x00000000080249ec      0x6e8
                0x00000000080249ec                . = ALIGN (0x4)
 *(.rodata)
 .rodata        0x00000000080249ec      0x209 ./Core/Src/Component/app_sim7600.o
 *fill*         0x0000000008024bf5        0x3 
 .rodata        0x0000000008024bf8      0x2c7 ./Core/Src/ServerCommunication/app_http.o
 *fill*         0x0000000008024ebf        0x1 
 .rodata        0x0000000008024ec0       0xae ./Core/Src/app_ATProcessing.o
 *fill*         0x0000000008024f6e        0x2 
 .rodata        0x0000000008024f70       0x2b ./Core/Src/flash.o
 *fill*         0x0000000008024f9b        0x1 
 .rodata        0x0000000008024f9c       0x72 ./Core/Src/fota_fsm.o
 *fill*         0x000000000802500e        0x2 
 .rodata        0x0000000008025010       0x1b ./Core/Src/main.o
 *fill*         0x000000000802502b        0x1 
 .rodata        0x000000000802502c       0x10 ./Drivers/STM32F1xx_HAL_Driver/Src/stm32f1xx_hal_rcc.o
 *(.rodata*)
 .rodata.PB_DONE
                0x000000000802503c        0x8 ./Core/Src/app_ATProcessing.o
                0x000000000802503c                PB_DONE
 .rodata.ERROR_1
                0x0000000008025044        0x6 ./Core/Src/app_ATProcessing.o
                0x0000000008025044                ERROR_1
 *fill*         0x000000000802504a        0x2 
 .rodata.IMEI_CHECK
                0x000000000802504c        0x9 ./Core/Src/app_ATProcessing.o
                0x000000000802504c                IMEI_CHECK
 *fill*         0x0000000008025055        0x3 
 .rodata.RECEIVE_RESPONSE
                0x0000000008025058        0xd ./Core/Src/app_ATProcessing.o
                0x0000000008025058                RECEIVE_RESPONSE
 *fill*         0x0000000008025065        0x3 
 .rodata.FIRMWARE_VERSION
                0x0000000008025068        0xc ./Core/Src/app_ATProcessing.o
                0x0000000008025068                FIRMWARE_VERSION
 .rodata.FIRMWARE_CHECKSUM
                0x0000000008025074        0x9 ./Core/Src/app_ATProcessing.o
                0x0000000008025074                FIRMWARE_CHECKSUM
 *fill*         0x000000000802507d        0x3 
 .rodata.FIRMWARE_DATA
                0x0000000008025080        0x8 ./Core/Src/app_ATProcessing.o
                0x0000000008025080                FIRMWARE_DATA
 .rodata.AHBPrescTable
                0x0000000008025088       0x10 ./Core/Src/system_stm32f1xx.o
                0x0000000008025088                AHBPrescTable
 .rodata.APBPrescTable
                0x0000000008025098        0x8 ./Core/Src/system_stm32f1xx.o
                0x0000000008025098                APBPrescTable
 .rodata._svfprintf_r.str1.1
                0x00000000080250a0       0x11 c:/st/stm32cubeide_1.7.0/stm32cubeide/plugins/com.st.stm32cube.ide.mcu.externaltools.gnu-tools-for-stm32.9-2020-q2-update.win32_2.0.0.202105311346/tools/bin/../lib/gcc/arm-none-eabi/9.3.1/../../../../arm-none-eabi/lib/thumb/v7-m/nofp\libc_nano.a(lib_a-nano-svfprintf.o)
 .rodata._printf_i.str1.1
                0x00000000080250b1       0x22 c:/st/stm32cubeide_1.7.0/stm32cubeide/plugins/com.st.stm32cube.ide.mcu.externaltools.gnu-tools-for-stm32.9-2020-q2-update.win32_2.0.0.202105311346/tools/bin/../lib/gcc/arm-none-eabi/9.3.1/../../../../arm-none-eabi/lib/thumb/v7-m/nofp\libc_nano.a(lib_a-nano-vfprintf_i.o)
                0x00000000080250d4                . = ALIGN (0x4)
 *fill*         0x00000000080250d3        0x1 

.rel.dyn        0x00000000080250d4        0x0
 .rel.iplt      0x00000000080250d4        0x0 c:/st/stm32cubeide_1.7.0/stm32cubeide/plugins/com.st.stm32cube.ide.mcu.externaltools.gnu-tools-for-stm32.9-2020-q2-update.win32_2.0.0.202105311346/tools/bin/../lib/gcc/arm-none-eabi/9.3.1/thumb/v7-m/nofp/crtbegin.o

.ARM.extab      0x00000000080250d4        0x0
                0x00000000080250d4                . = ALIGN (0x4)
 *(.ARM.extab* .gnu.linkonce.armextab.*)
                0x00000000080250d4                . = ALIGN (0x4)

.ARM            0x00000000080250d4        0x0
                0x00000000080250d4                . = ALIGN (0x4)
                0x00000000080250d4                __exidx_start = .
 *(.ARM.exidx*)
                0x00000000080250d4                __exidx_end = .
                0x00000000080250d4                . = ALIGN (0x4)

.preinit_array  0x00000000080250d4        0x0
                0x00000000080250d4                . = ALIGN (0x4)
                0x00000000080250d4                PROVIDE (__preinit_array_start = .)
 *(.preinit_array*)
                0x00000000080250d4                PROVIDE (__preinit_array_end = .)
                0x00000000080250d4                . = ALIGN (0x4)

.init_array     0x00000000080250d4        0x4
                0x00000000080250d4                . = ALIGN (0x4)
                0x00000000080250d4                PROVIDE (__init_array_start = .)
 *(SORT_BY_NAME(.init_array.*))
 *(.init_array*)
 .init_array    0x00000000080250d4        0x4 c:/st/stm32cubeide_1.7.0/stm32cubeide/plugins/com.st.stm32cube.ide.mcu.externaltools.gnu-tools-for-stm32.9-2020-q2-update.win32_2.0.0.202105311346/tools/bin/../lib/gcc/arm-none-eabi/9.3.1/thumb/v7-m/nofp/crtbegin.o
                0x00000000080250d8                PROVIDE (__init_array_end = .)
                0x00000000080250d8                . = ALIGN (0x4)

.fini_array     0x00000000080250d8        0x4
                0x00000000080250d8                . = ALIGN (0x4)
                [!provide]                        PROVIDE (__fini_array_start = .)
 *(SORT_BY_NAME(.fini_array.*))
 *(.fini_array*)
 .fini_array    0x00000000080250d8        0x4 c:/st/stm32cubeide_1.7.0/stm32cubeide/plugins/com.st.stm32cube.ide.mcu.externaltools.gnu-tools-for-stm32.9-2020-q2-update.win32_2.0.0.202105311346/tools/bin/../lib/gcc/arm-none-eabi/9.3.1/thumb/v7-m/nofp/crtbegin.o
                [!provide]                        PROVIDE (__fini_array_end = .)
                0x00000000080250dc                . = ALIGN (0x4)
                0x00000000080250dc                _sidata = LOADADDR (.data)

.data           0x0000000020000000      0x16c load address 0x00000000080250dc
                0x0000000020000000                . = ALIGN (0x4)
                0x0000000020000000                _sdata = .
 *(.data)
 *(.data*)
 .data.sim7600_state
                0x0000000020000000        0x1 ./Core/Src/Component/app_sim7600.o
                0x0000000020000000                sim7600_state
 *fill*         0x0000000020000001        0x3 
 .data.setting_command
                0x0000000020000004       0x24 ./Core/Src/Component/app_sim7600.o
                0x0000000020000004                setting_command
 .data.Sim7600_State_Machine
                0x0000000020000028       0x50 ./Core/Src/Component/app_sim7600.o
                0x0000000020000028                Sim7600_State_Machine
 .data.UartTransmitReady
                0x0000000020000078        0x1 ./Core/Src/Peripheral/app_uart.o
                0x0000000020000078                UartTransmitReady
 .data.http_timeout_flag
                0x0000000020000079        0x1 ./Core/Src/ServerCommunication/app_http.o
                0x0000000020000079                http_timeout_flag
 .data.default_atcommand
                0x000000002000007a        0x1 ./Core/Src/ServerCommunication/app_http.o
                0x000000002000007a                default_atcommand
 .data.fota_check_version
                0x000000002000007b        0x1 ./Core/Src/ServerCommunication/app_http.o
                0x000000002000007b                fota_check_version
 .data.checksum_correct
                0x000000002000007c        0x1 ./Core/Src/ServerCommunication/app_http.o
                0x000000002000007c                checksum_correct
 *fill*         0x000000002000007d        0x3 
 .data.firmware_address
                0x0000000020000080        0x4 ./Core/Src/ServerCommunication/app_http.o
                0x0000000020000080                firmware_address
 .data.firmware_address_prev_offet
                0x0000000020000084        0x2 ./Core/Src/ServerCommunication/app_http.o
                0x0000000020000084                firmware_address_prev_offet
 .data.firmware_address_curr_offet
                0x0000000020000086        0x2 ./Core/Src/ServerCommunication/app_http.o
                0x0000000020000086                firmware_address_curr_offet
 .data.prev_num_byte
                0x0000000020000088        0x1 ./Core/Src/ServerCommunication/app_http.o
                0x0000000020000088                prev_num_byte
 *fill*         0x0000000020000089        0x3 
 .data.http_state_machine
                0x000000002000008c       0x58 ./Core/Src/ServerCommunication/app_http.o
                0x000000002000008c                http_state_machine
 .data.first_http_read
                0x00000000200000e4        0x1 ./Core/Src/ServerCommunication/app_http.o
                0x00000000200000e4                first_http_read
 .data.at_result
                0x00000000200000e5        0x1 ./Core/Src/app_ATProcessing.o
                0x00000000200000e5                at_result
 *fill*         0x00000000200000e6        0x2 
 .data.OK       0x00000000200000e8        0x4 ./Core/Src/app_ATProcessing.o
                0x00000000200000e8                OK
 .data.fsm_state_machine
                0x00000000200000ec       0x10 ./Core/Src/fota_fsm.o
                0x00000000200000ec                fsm_state_machine
 .data.SystemCoreClock
                0x00000000200000fc        0x4 ./Core/Src/system_stm32f1xx.o
                0x00000000200000fc                SystemCoreClock
 .data.uwTickPrio
                0x0000000020000100        0x4 ./Drivers/STM32F1xx_HAL_Driver/Src/stm32f1xx_hal.o
                0x0000000020000100                uwTickPrio
 .data.uwTickFreq
                0x0000000020000104        0x1 ./Drivers/STM32F1xx_HAL_Driver/Src/stm32f1xx_hal.o
                0x0000000020000104                uwTickFreq
 *fill*         0x0000000020000105        0x3 
 .data._impure_ptr
                0x0000000020000108        0x4 c:/st/stm32cubeide_1.7.0/stm32cubeide/plugins/com.st.stm32cube.ide.mcu.externaltools.gnu-tools-for-stm32.9-2020-q2-update.win32_2.0.0.202105311346/tools/bin/../lib/gcc/arm-none-eabi/9.3.1/../../../../arm-none-eabi/lib/thumb/v7-m/nofp\libc_nano.a(lib_a-impure.o)
                0x0000000020000108                _impure_ptr
 .data.impure_data
                0x000000002000010c       0x60 c:/st/stm32cubeide_1.7.0/stm32cubeide/plugins/com.st.stm32cube.ide.mcu.externaltools.gnu-tools-for-stm32.9-2020-q2-update.win32_2.0.0.202105311346/tools/bin/../lib/gcc/arm-none-eabi/9.3.1/../../../../arm-none-eabi/lib/thumb/v7-m/nofp\libc_nano.a(lib_a-impure.o)
 *(.RamFunc)
 *(.RamFunc*)
                0x000000002000016c                . = ALIGN (0x4)
                0x000000002000016c                _edata = .

.igot.plt       0x000000002000016c        0x0 load address 0x0000000008025248
 .igot.plt      0x000000002000016c        0x0 c:/st/stm32cubeide_1.7.0/stm32cubeide/plugins/com.st.stm32cube.ide.mcu.externaltools.gnu-tools-for-stm32.9-2020-q2-update.win32_2.0.0.202105311346/tools/bin/../lib/gcc/arm-none-eabi/9.3.1/thumb/v7-m/nofp/crtbegin.o
                0x000000002000016c                . = ALIGN (0x4)

.bss            0x0000000020000170     0x41b8 load address 0x0000000008025248
                0x0000000020000170                _sbss = .
                0x0000000020000170                __bss_start__ = _sbss
 *(.bss)
 .bss           0x0000000020000170       0x1c c:/st/stm32cubeide_1.7.0/stm32cubeide/plugins/com.st.stm32cube.ide.mcu.externaltools.gnu-tools-for-stm32.9-2020-q2-update.win32_2.0.0.202105311346/tools/bin/../lib/gcc/arm-none-eabi/9.3.1/thumb/v7-m/nofp/crtbegin.o
 *(.bss*)
 .bss.imei_count
                0x000000002000018c        0x1 ./Core/Src/Component/app_sim7600.o
                0x000000002000018c                imei_count
 .bss.sim7600_timeout_flag
                0x000000002000018d        0x1 ./Core/Src/Component/app_sim7600.o
                0x000000002000018d                sim7600_timeout_flag
 .bss.setting_index
                0x000000002000018e        0x1 ./Core/Src/Component/app_sim7600.o
                0x000000002000018e                setting_index
 *fill*         0x000000002000018f        0x1 
 .bss.uwPrescalerValue
                0x0000000020000190        0x4 ./Core/Src/Peripheral/app_timer.o
                0x0000000020000190                uwPrescalerValue
 .bss.receiveBufferIndexHead
                0x0000000020000194        0x2 ./Core/Src/Peripheral/app_uart.o
                0x0000000020000194                receiveBufferIndexHead
 .bss.receiveBufferIndexTail
                0x0000000020000196        0x2 ./Core/Src/Peripheral/app_uart.o
                0x0000000020000196                receiveBufferIndexTail
 .bss.version_index
                0x0000000020000198        0x1 ./Core/Src/ServerCommunication/app_http.o
                0x0000000020000198                version_index
 .bss.http_num_ignore
                0x0000000020000199        0x1 ./Core/Src/ServerCommunication/app_http.o
                0x0000000020000199                http_num_ignore
 *fill*         0x000000002000019a        0x2 
 .bss.content_length
                0x000000002000019c        0x4 ./Core/Src/ServerCommunication/app_http.o
                0x000000002000019c                content_length
 .bss.prev_http_state
                0x00000000200001a0        0x1 ./Core/Src/ServerCommunication/app_http.o
                0x00000000200001a0                prev_http_state
 .bss.http_state
                0x00000000200001a1        0x1 ./Core/Src/ServerCommunication/app_http.o
                0x00000000200001a1                http_state
 .bss.checksum  0x00000000200001a2        0x1 ./Core/Src/ServerCommunication/app_http.o
                0x00000000200001a2                checksum
 *fill*         0x00000000200001a3        0x1 
 .bss.http_response_remain
                0x00000000200001a4        0x4 ./Core/Src/ServerCommunication/app_http.o
                0x00000000200001a4                http_response_remain
 .bss.firmware_index
                0x00000000200001a8        0x2 ./Core/Src/ServerCommunication/app_http.o
                0x00000000200001a8                firmware_index
 *fill*         0x00000000200001aa        0x2 
 .bss.firmware_size
                0x00000000200001ac        0x4 ./Core/Src/ServerCommunication/app_http.o
                0x00000000200001ac                firmware_size
 .bss.temp_version_name_index
                0x00000000200001b0        0x1 ./Core/Src/ServerCommunication/app_http.o
                0x00000000200001b0                temp_version_name_index
 .bss.prepare_record_version_name
                0x00000000200001b1        0x1 ./Core/Src/ServerCommunication/app_http.o
                0x00000000200001b1                prepare_record_version_name
 .bss.start_record_version_name
                0x00000000200001b2        0x1 ./Core/Src/ServerCommunication/app_http.o
                0x00000000200001b2                start_record_version_name
 .bss.prepare_record_firmware_data
                0x00000000200001b3        0x1 ./Core/Src/ServerCommunication/app_http.o
                0x00000000200001b3                prepare_record_firmware_data
 .bss.start_record_firmware_data
                0x00000000200001b4        0x1 ./Core/Src/ServerCommunication/app_http.o
                0x00000000200001b4                start_record_firmware_data
 *fill*         0x00000000200001b5        0x1 
 .bss.temp_at_response_index
                0x00000000200001b6        0x2 ./Core/Src/ServerCommunication/app_http.o
                0x00000000200001b6                temp_at_response_index
 .bss.num_show_lcd.7884
                0x00000000200001b8        0x1 ./Core/Src/ServerCommunication/app_http.o
 *fill*         0x00000000200001b9        0x3 
 .bss.data_respone
                0x00000000200001bc     0x1000 ./Core/Src/app_ATProcessing.o
 .bss.data_respone_length
                0x00000000200011bc        0x1 ./Core/Src/app_ATProcessing.o
 .bss.data_respone_index
                0x00000000200011bd        0x1 ./Core/Src/app_ATProcessing.o
 *fill*         0x00000000200011be        0x2 
 .bss.newTaskID
                0x00000000200011c0        0x4 ./Core/Src/app_scheduler.o
 .bss.count_SCH_Update
                0x00000000200011c4        0x4 ./Core/Src/app_scheduler.o
                0x00000000200011c4                count_SCH_Update
 .bss.fsm_curr_state
                0x00000000200011c8        0x1 ./Core/Src/fota_fsm.o
                0x00000000200011c8                fsm_curr_state
 .bss.fsm_prev_state
                0x00000000200011c9        0x1 ./Core/Src/fota_fsm.o
                0x00000000200011c9                fsm_prev_state
 .bss.ret       0x00000000200011ca        0x1 ./Core/Src/fota_fsm.o
 *fill*         0x00000000200011cb        0x1 
 .bss.__sbrk_heap_end
                0x00000000200011cc        0x4 ./Core/Src/sysmem.o
 .bss.__malloc_free_list
                0x00000000200011d0        0x4 c:/st/stm32cubeide_1.7.0/stm32cubeide/plugins/com.st.stm32cube.ide.mcu.externaltools.gnu-tools-for-stm32.9-2020-q2-update.win32_2.0.0.202105311346/tools/bin/../lib/gcc/arm-none-eabi/9.3.1/../../../../arm-none-eabi/lib/thumb/v7-m/nofp\libc_nano.a(lib_a-nano-mallocr.o)
                0x00000000200011d0                __malloc_free_list
 .bss.__malloc_sbrk_start
                0x00000000200011d4        0x4 c:/st/stm32cubeide_1.7.0/stm32cubeide/plugins/com.st.stm32cube.ide.mcu.externaltools.gnu-tools-for-stm32.9-2020-q2-update.win32_2.0.0.202105311346/tools/bin/../lib/gcc/arm-none-eabi/9.3.1/../../../../arm-none-eabi/lib/thumb/v7-m/nofp\libc_nano.a(lib_a-nano-mallocr.o)
                0x00000000200011d4                __malloc_sbrk_start
 *(COMMON)
 COMMON         0x00000000200011d8       0x3c ./Core/Src/Component/app_i2c_lcd.o
                0x00000000200011d8                _row_offsets
                0x00000000200011dc                _backlight
                0x00000000200011dd                _displaycontrol
                0x00000000200011de                _numlines
                0x00000000200011df                _i2caddr
                0x00000000200011e0                strpcf
                0x0000000020001212                _displaymode
                0x0000000020001213                _displayfunction
 COMMON         0x0000000020001214       0x28 ./Core/Src/Component/app_sim7600.o
                0x0000000020001214                phone_number_buffer
                0x0000000020001220                deposit_buffer
                0x000000002000122a                prev_sim7600_state
                0x000000002000122c                imei_buffer
 COMMON         0x000000002000123c       0x54 ./Core/Src/Peripheral/app_i2c.o
                0x000000002000123c                I2cHandle
 COMMON         0x0000000020001290       0x62 ./Core/Src/Peripheral/app_spi.o
                0x0000000020001290                Spi2Handle
                0x00000000200012e8                aSPIRxBuffer
 *fill*         0x00000000200012f2        0x2 
 COMMON         0x00000000200012f4       0x48 ./Core/Src/Peripheral/app_timer.o
                0x00000000200012f4                htim3
 COMMON         0x000000002000133c     0x108c ./Core/Src/Peripheral/app_uart.o
                0x000000002000133c                huart3
                0x0000000020001380                temp
                0x0000000020001384                aUART_RxBuffer
                0x0000000020002384                huart1
 COMMON         0x00000000200023c8     0x1be2 ./Core/Src/ServerCommunication/app_http.o
                0x00000000200023c8                log
                0x00000000200023fc                temp_at_response_buffer
                0x0000000020002528                update_status
                0x000000002000252c                version
                0x0000000020002534                firmware_index_end
                0x0000000020002538                temp_hex_2
                0x000000002000253c                new_log
                0x0000000020002548                firmware_data
                0x0000000020003548                firmware_version_check
                0x000000002000354c                http_at_command
                0x00000000200035e2                line_buffer_index
                0x00000000200035e4                temp_char
                0x00000000200035e5                temp_hex_1
                0x00000000200035e6                total_cabinet
                0x00000000200035e8                line_buffer
                0x0000000020003714                temp_firmware_data_buffer
                0x0000000020003f14                temp_version_name_buffer
                0x0000000020003f78                logMsg
 *fill*         0x0000000020003faa        0x2 
 COMMON         0x0000000020003fac      0x348 ./Core/Src/app_scheduler.o
                0x0000000020003fac                array_Of_Task_ID
                0x0000000020003fd4                SCH_tasks_G
 COMMON         0x00000000200042f4        0x4 ./Drivers/STM32F1xx_HAL_Driver/Src/stm32f1xx_hal.o
                0x00000000200042f4                uwTick
 COMMON         0x00000000200042f8       0x20 ./Drivers/STM32F1xx_HAL_Driver/Src/stm32f1xx_hal_flash.o
                0x00000000200042f8                pFlash
 COMMON         0x0000000020004318        0x4 c:/st/stm32cubeide_1.7.0/stm32cubeide/plugins/com.st.stm32cube.ide.mcu.externaltools.gnu-tools-for-stm32.9-2020-q2-update.win32_2.0.0.202105311346/tools/bin/../lib/gcc/arm-none-eabi/9.3.1/../../../../arm-none-eabi/lib/thumb/v7-m/nofp\libc_nano.a(lib_a-reent.o)
                0x0000000020004318                errno
 COMMON         0x000000002000431c        0x9 c:/st/stm32cubeide_1.7.0/stm32cubeide/plugins/com.st.stm32cube.ide.mcu.externaltools.gnu-tools-for-stm32.9-2020-q2-update.win32_2.0.0.202105311346/tools/bin/../lib/gcc/arm-none-eabi/9.3.1/../../../../arm-none-eabi/lib/thumb/v7-m/nofp\libc_nano.a(lib_a-lock.o)
                0x000000002000431c                __lock___atexit_recursive_mutex
                0x000000002000431d                __lock___arc4random_mutex
                0x000000002000431e                __lock___env_recursive_mutex
                0x000000002000431f                __lock___sinit_recursive_mutex
                0x0000000020004320                __lock___malloc_recursive_mutex
                0x0000000020004321                __lock___at_quick_exit_mutex
                0x0000000020004322                __lock___dd_hash_mutex
                0x0000000020004323                __lock___tz_mutex
                0x0000000020004324                __lock___sfp_recursive_mutex
                0x0000000020004328                . = ALIGN (0x4)
 *fill*         0x0000000020004325        0x3 
                0x0000000020004328                _ebss = .
                0x0000000020004328                __bss_end__ = _ebss

._user_heap_stack
                0x0000000020004328      0x600 load address 0x0000000008025248
                0x0000000020004328                . = ALIGN (0x8)
                [!provide]                        PROVIDE (end = .)
                0x0000000020004328                PROVIDE (_end = .)
                0x0000000020004528                . = (. + _Min_Heap_Size)
 *fill*         0x0000000020004328      0x200 
                0x0000000020004928                . = (. + _Min_Stack_Size)
 *fill*         0x0000000020004528      0x400 
                0x0000000020004928                . = ALIGN (0x8)

/DISCARD/
 libc.a(*)
 libm.a(*)
 libgcc.a(*)

.ARM.attributes
                0x0000000000000000       0x29
 *(.ARM.attributes)
 .ARM.attributes
                0x0000000000000000       0x1d c:/st/stm32cubeide_1.7.0/stm32cubeide/plugins/com.st.stm32cube.ide.mcu.externaltools.gnu-tools-for-stm32.9-2020-q2-update.win32_2.0.0.202105311346/tools/bin/../lib/gcc/arm-none-eabi/9.3.1/thumb/v7-m/nofp/crti.o
 .ARM.attributes
                0x000000000000001d       0x2d c:/st/stm32cubeide_1.7.0/stm32cubeide/plugins/com.st.stm32cube.ide.mcu.externaltools.gnu-tools-for-stm32.9-2020-q2-update.win32_2.0.0.202105311346/tools/bin/../lib/gcc/arm-none-eabi/9.3.1/thumb/v7-m/nofp/crtbegin.o
 .ARM.attributes
                0x000000000000004a       0x2d ./Core/Src/Component/app_25LC512.o
 .ARM.attributes
                0x0000000000000077       0x2d ./Core/Src/Component/app_i2c_lcd.o
 .ARM.attributes
                0x00000000000000a4       0x2d ./Core/Src/Component/app_sim7600.o
 .ARM.attributes
                0x00000000000000d1       0x2d ./Core/Src/Peripheral/app_gpio.o
 .ARM.attributes
                0x00000000000000fe       0x2d ./Core/Src/Peripheral/app_i2c.o
 .ARM.attributes
                0x000000000000012b       0x2d ./Core/Src/Peripheral/app_spi.o
 .ARM.attributes
                0x0000000000000158       0x2d ./Core/Src/Peripheral/app_system_clock_config.o
 .ARM.attributes
                0x0000000000000185       0x2d ./Core/Src/Peripheral/app_timer.o
 .ARM.attributes
                0x00000000000001b2       0x2d ./Core/Src/Peripheral/app_uart.o
 .ARM.attributes
                0x00000000000001df       0x2d ./Core/Src/ServerCommunication/app_http.o
 .ARM.attributes
                0x000000000000020c       0x2d ./Core/Src/Utility/app_string.o
 .ARM.attributes
                0x0000000000000239       0x2d ./Core/Src/app_ATProcessing.o
 .ARM.attributes
                0x0000000000000266       0x2d ./Core/Src/app_scheduler.o
 .ARM.attributes
                0x0000000000000293       0x2d ./Core/Src/app_version.o
 .ARM.attributes
                0x00000000000002c0       0x2d ./Core/Src/flash.o
 .ARM.attributes
                0x00000000000002ed       0x2d ./Core/Src/fota_fsm.o
 .ARM.attributes
                0x000000000000031a       0x2d ./Core/Src/main.o
 .ARM.attributes
                0x0000000000000347       0x2d ./Core/Src/stm32f1xx_hal_msp.o
 .ARM.attributes
                0x0000000000000374       0x2d ./Core/Src/stm32f1xx_it.o
 .ARM.attributes
                0x00000000000003a1       0x2d ./Core/Src/sysmem.o
 .ARM.attributes
                0x00000000000003ce       0x2d ./Core/Src/system_stm32f1xx.o
 .ARM.attributes
                0x00000000000003fb       0x21 ./Core/Startup/startup_stm32f103retx.o
 .ARM.attributes
                0x000000000000041c       0x2d ./Drivers/STM32F1xx_HAL_Driver/Src/stm32f1xx_hal.o
 .ARM.attributes
                0x0000000000000449       0x2d ./Drivers/STM32F1xx_HAL_Driver/Src/stm32f1xx_hal_cortex.o
 .ARM.attributes
                0x0000000000000476       0x2d ./Drivers/STM32F1xx_HAL_Driver/Src/stm32f1xx_hal_dma.o
 .ARM.attributes
                0x00000000000004a3       0x2d ./Drivers/STM32F1xx_HAL_Driver/Src/stm32f1xx_hal_flash.o
 .ARM.attributes
                0x00000000000004d0       0x2d ./Drivers/STM32F1xx_HAL_Driver/Src/stm32f1xx_hal_flash_ex.o
 .ARM.attributes
                0x00000000000004fd       0x2d ./Drivers/STM32F1xx_HAL_Driver/Src/stm32f1xx_hal_gpio.o
 .ARM.attributes
                0x000000000000052a       0x2d ./Drivers/STM32F1xx_HAL_Driver/Src/stm32f1xx_hal_i2c.o
 .ARM.attributes
                0x0000000000000557       0x2d ./Drivers/STM32F1xx_HAL_Driver/Src/stm32f1xx_hal_rcc.o
 .ARM.attributes
                0x0000000000000584       0x2d ./Drivers/STM32F1xx_HAL_Driver/Src/stm32f1xx_hal_spi.o
 .ARM.attributes
                0x00000000000005b1       0x2d ./Drivers/STM32F1xx_HAL_Driver/Src/stm32f1xx_hal_tim.o
 .ARM.attributes
                0x00000000000005de       0x2d ./Drivers/STM32F1xx_HAL_Driver/Src/stm32f1xx_hal_tim_ex.o
 .ARM.attributes
                0x000000000000060b       0x2d ./Drivers/STM32F1xx_HAL_Driver/Src/stm32f1xx_hal_uart.o
 .ARM.attributes
                0x0000000000000638       0x2d c:/st/stm32cubeide_1.7.0/stm32cubeide/plugins/com.st.stm32cube.ide.mcu.externaltools.gnu-tools-for-stm32.9-2020-q2-update.win32_2.0.0.202105311346/tools/bin/../lib/gcc/arm-none-eabi/9.3.1/../../../../arm-none-eabi/lib/thumb/v7-m/nofp\libc_nano.a(lib_a-errno.o)
 .ARM.attributes
                0x0000000000000665       0x2d c:/st/stm32cubeide_1.7.0/stm32cubeide/plugins/com.st.stm32cube.ide.mcu.externaltools.gnu-tools-for-stm32.9-2020-q2-update.win32_2.0.0.202105311346/tools/bin/../lib/gcc/arm-none-eabi/9.3.1/../../../../arm-none-eabi/lib/thumb/v7-m/nofp\libc_nano.a(lib_a-impure.o)
 .ARM.attributes
                0x0000000000000692       0x2d c:/st/stm32cubeide_1.7.0/stm32cubeide/plugins/com.st.stm32cube.ide.mcu.externaltools.gnu-tools-for-stm32.9-2020-q2-update.win32_2.0.0.202105311346/tools/bin/../lib/gcc/arm-none-eabi/9.3.1/../../../../arm-none-eabi/lib/thumb/v7-m/nofp\libc_nano.a(lib_a-init.o)
 .ARM.attributes
                0x00000000000006bf       0x2d c:/st/stm32cubeide_1.7.0/stm32cubeide/plugins/com.st.stm32cube.ide.mcu.externaltools.gnu-tools-for-stm32.9-2020-q2-update.win32_2.0.0.202105311346/tools/bin/../lib/gcc/arm-none-eabi/9.3.1/../../../../arm-none-eabi/lib/thumb/v7-m/nofp\libc_nano.a(lib_a-memset.o)
 .ARM.attributes
                0x00000000000006ec       0x2d c:/st/stm32cubeide_1.7.0/stm32cubeide/plugins/com.st.stm32cube.ide.mcu.externaltools.gnu-tools-for-stm32.9-2020-q2-update.win32_2.0.0.202105311346/tools/bin/../lib/gcc/arm-none-eabi/9.3.1/../../../../arm-none-eabi/lib/thumb/v7-m/nofp\libc_nano.a(lib_a-sprintf.o)
 .ARM.attributes
                0x0000000000000719       0x17 c:/st/stm32cubeide_1.7.0/stm32cubeide/plugins/com.st.stm32cube.ide.mcu.externaltools.gnu-tools-for-stm32.9-2020-q2-update.win32_2.0.0.202105311346/tools/bin/../lib/gcc/arm-none-eabi/9.3.1/../../../../arm-none-eabi/lib/thumb/v7-m/nofp\libc_nano.a(lib_a-strlen.o)
 .ARM.attributes
                0x0000000000000730       0x2d c:/st/stm32cubeide_1.7.0/stm32cubeide/plugins/com.st.stm32cube.ide.mcu.externaltools.gnu-tools-for-stm32.9-2020-q2-update.win32_2.0.0.202105311346/tools/bin/../lib/gcc/arm-none-eabi/9.3.1/../../../../arm-none-eabi/lib/thumb/v7-m/nofp\libc_nano.a(lib_a-nano-svfprintf.o)
 .ARM.attributes
                0x000000000000075d       0x2d c:/st/stm32cubeide_1.7.0/stm32cubeide/plugins/com.st.stm32cube.ide.mcu.externaltools.gnu-tools-for-stm32.9-2020-q2-update.win32_2.0.0.202105311346/tools/bin/../lib/gcc/arm-none-eabi/9.3.1/../../../../arm-none-eabi/lib/thumb/v7-m/nofp\libc_nano.a(lib_a-nano-vfprintf_i.o)
 .ARM.attributes
                0x000000000000078a       0x2d c:/st/stm32cubeide_1.7.0/stm32cubeide/plugins/com.st.stm32cube.ide.mcu.externaltools.gnu-tools-for-stm32.9-2020-q2-update.win32_2.0.0.202105311346/tools/bin/../lib/gcc/arm-none-eabi/9.3.1/../../../../arm-none-eabi/lib/thumb/v7-m/nofp\libc_nano.a(lib_a-memchr-stub.o)
 .ARM.attributes
                0x00000000000007b7       0x2d c:/st/stm32cubeide_1.7.0/stm32cubeide/plugins/com.st.stm32cube.ide.mcu.externaltools.gnu-tools-for-stm32.9-2020-q2-update.win32_2.0.0.202105311346/tools/bin/../lib/gcc/arm-none-eabi/9.3.1/../../../../arm-none-eabi/lib/thumb/v7-m/nofp\libc_nano.a(lib_a-memcpy-stub.o)
 .ARM.attributes
                0x00000000000007e4       0x2d c:/st/stm32cubeide_1.7.0/stm32cubeide/plugins/com.st.stm32cube.ide.mcu.externaltools.gnu-tools-for-stm32.9-2020-q2-update.win32_2.0.0.202105311346/tools/bin/../lib/gcc/arm-none-eabi/9.3.1/../../../../arm-none-eabi/lib/thumb/v7-m/nofp\libc_nano.a(lib_a-memmove.o)
 .ARM.attributes
                0x0000000000000811       0x2d c:/st/stm32cubeide_1.7.0/stm32cubeide/plugins/com.st.stm32cube.ide.mcu.externaltools.gnu-tools-for-stm32.9-2020-q2-update.win32_2.0.0.202105311346/tools/bin/../lib/gcc/arm-none-eabi/9.3.1/../../../../arm-none-eabi/lib/thumb/v7-m/nofp\libc_nano.a(lib_a-nano-freer.o)
 .ARM.attributes
                0x000000000000083e       0x2d c:/st/stm32cubeide_1.7.0/stm32cubeide/plugins/com.st.stm32cube.ide.mcu.externaltools.gnu-tools-for-stm32.9-2020-q2-update.win32_2.0.0.202105311346/tools/bin/../lib/gcc/arm-none-eabi/9.3.1/../../../../arm-none-eabi/lib/thumb/v7-m/nofp\libc_nano.a(lib_a-nano-mallocr.o)
 .ARM.attributes
                0x000000000000086b       0x2d c:/st/stm32cubeide_1.7.0/stm32cubeide/plugins/com.st.stm32cube.ide.mcu.externaltools.gnu-tools-for-stm32.9-2020-q2-update.win32_2.0.0.202105311346/tools/bin/../lib/gcc/arm-none-eabi/9.3.1/../../../../arm-none-eabi/lib/thumb/v7-m/nofp\libc_nano.a(lib_a-nano-reallocr.o)
 .ARM.attributes
                0x0000000000000898       0x2d c:/st/stm32cubeide_1.7.0/stm32cubeide/plugins/com.st.stm32cube.ide.mcu.externaltools.gnu-tools-for-stm32.9-2020-q2-update.win32_2.0.0.202105311346/tools/bin/../lib/gcc/arm-none-eabi/9.3.1/../../../../arm-none-eabi/lib/thumb/v7-m/nofp\libc_nano.a(lib_a-sbrkr.o)
 .ARM.attributes
                0x00000000000008c5       0x2d c:/st/stm32cubeide_1.7.0/stm32cubeide/plugins/com.st.stm32cube.ide.mcu.externaltools.gnu-tools-for-stm32.9-2020-q2-update.win32_2.0.0.202105311346/tools/bin/../lib/gcc/arm-none-eabi/9.3.1/../../../../arm-none-eabi/lib/thumb/v7-m/nofp\libc_nano.a(lib_a-mlock.o)
 .ARM.attributes
                0x00000000000008f2       0x2d c:/st/stm32cubeide_1.7.0/stm32cubeide/plugins/com.st.stm32cube.ide.mcu.externaltools.gnu-tools-for-stm32.9-2020-q2-update.win32_2.0.0.202105311346/tools/bin/../lib/gcc/arm-none-eabi/9.3.1/../../../../arm-none-eabi/lib/thumb/v7-m/nofp\libc_nano.a(lib_a-nano-msizer.o)
 .ARM.attributes
                0x000000000000091f       0x2d c:/st/stm32cubeide_1.7.0/stm32cubeide/plugins/com.st.stm32cube.ide.mcu.externaltools.gnu-tools-for-stm32.9-2020-q2-update.win32_2.0.0.202105311346/tools/bin/../lib/gcc/arm-none-eabi/9.3.1/../../../../arm-none-eabi/lib/thumb/v7-m/nofp\libc_nano.a(lib_a-reent.o)
 .ARM.attributes
                0x000000000000094c       0x2d c:/st/stm32cubeide_1.7.0/stm32cubeide/plugins/com.st.stm32cube.ide.mcu.externaltools.gnu-tools-for-stm32.9-2020-q2-update.win32_2.0.0.202105311346/tools/bin/../lib/gcc/arm-none-eabi/9.3.1/../../../../arm-none-eabi/lib/thumb/v7-m/nofp\libc_nano.a(lib_a-lock.o)
 .ARM.attributes
                0x0000000000000979       0x1d c:/st/stm32cubeide_1.7.0/stm32cubeide/plugins/com.st.stm32cube.ide.mcu.externaltools.gnu-tools-for-stm32.9-2020-q2-update.win32_2.0.0.202105311346/tools/bin/../lib/gcc/arm-none-eabi/9.3.1/thumb/v7-m/nofp/crtn.o
OUTPUT(fota-f103.elf elf32-littlearm)
LOAD linker stubs
LOAD c:/st/stm32cubeide_1.7.0/stm32cubeide/plugins/com.st.stm32cube.ide.mcu.externaltools.gnu-tools-for-stm32.9-2020-q2-update.win32_2.0.0.202105311346/tools/bin/../lib/gcc/arm-none-eabi/9.3.1/../../../../arm-none-eabi/lib/thumb/v7-m/nofp\libc.a
LOAD c:/st/stm32cubeide_1.7.0/stm32cubeide/plugins/com.st.stm32cube.ide.mcu.externaltools.gnu-tools-for-stm32.9-2020-q2-update.win32_2.0.0.202105311346/tools/bin/../lib/gcc/arm-none-eabi/9.3.1/../../../../arm-none-eabi/lib/thumb/v7-m/nofp\libm.a
LOAD c:/st/stm32cubeide_1.7.0/stm32cubeide/plugins/com.st.stm32cube.ide.mcu.externaltools.gnu-tools-for-stm32.9-2020-q2-update.win32_2.0.0.202105311346/tools/bin/../lib/gcc/arm-none-eabi/9.3.1/thumb/v7-m/nofp\libgcc.a

.debug_info     0x0000000000000000    0x19f13
 .debug_info    0x0000000000000000      0xb3a ./Core/Src/Component/app_25LC512.o
 .debug_info    0x0000000000000b3a     0x1611 ./Core/Src/Component/app_i2c_lcd.o
 .debug_info    0x000000000000214b      0x641 ./Core/Src/Component/app_sim7600.o
 .debug_info    0x000000000000278c      0x5ec ./Core/Src/Peripheral/app_gpio.o
 .debug_info    0x0000000000002d78      0x6d4 ./Core/Src/Peripheral/app_i2c.o
 .debug_info    0x000000000000344c      0x7ae ./Core/Src/Peripheral/app_spi.o
 .debug_info    0x0000000000003bfa      0x2fd ./Core/Src/Peripheral/app_system_clock_config.o
 .debug_info    0x0000000000003ef7      0x78d ./Core/Src/Peripheral/app_timer.o
 .debug_info    0x0000000000004684     0x11e1 ./Core/Src/Peripheral/app_uart.o
 .debug_info    0x0000000000005865     0x15da ./Core/Src/ServerCommunication/app_http.o
 .debug_info    0x0000000000006e3f      0xbff ./Core/Src/Utility/app_string.o
 .debug_info    0x0000000000007a3e      0x49c ./Core/Src/app_ATProcessing.o
 .debug_info    0x0000000000007eda      0x3d4 ./Core/Src/app_scheduler.o
 .debug_info    0x00000000000082ae      0xd29 ./Core/Src/app_version.o
 .debug_info    0x0000000000008fd7      0xd82 ./Core/Src/flash.o
 .debug_info    0x0000000000009d59      0x3c7 ./Core/Src/fota_fsm.o
 .debug_info    0x000000000000a120      0x261 ./Core/Src/main.o
 .debug_info    0x000000000000a381     0x14cd ./Core/Src/stm32f1xx_hal_msp.o
 .debug_info    0x000000000000b84e      0xa22 ./Core/Src/stm32f1xx_it.o
 .debug_info    0x000000000000c270      0xa25 ./Core/Src/sysmem.o
 .debug_info    0x000000000000cc95      0x479 ./Core/Src/system_stm32f1xx.o
 .debug_info    0x000000000000d10e       0x22 ./Core/Startup/startup_stm32f103retx.o
 .debug_info    0x000000000000d130      0x7d0 ./Drivers/STM32F1xx_HAL_Driver/Src/stm32f1xx_hal.o
 .debug_info    0x000000000000d900      0xc42 ./Drivers/STM32F1xx_HAL_Driver/Src/stm32f1xx_hal_cortex.o
 .debug_info    0x000000000000e542      0x81e ./Drivers/STM32F1xx_HAL_Driver/Src/stm32f1xx_hal_dma.o
 .debug_info    0x000000000000ed60      0x5f3 ./Drivers/STM32F1xx_HAL_Driver/Src/stm32f1xx_hal_flash.o
 .debug_info    0x000000000000f353      0x8a2 ./Drivers/STM32F1xx_HAL_Driver/Src/stm32f1xx_hal_flash_ex.o
 .debug_info    0x000000000000fbf5      0x701 ./Drivers/STM32F1xx_HAL_Driver/Src/stm32f1xx_hal_gpio.o
 .debug_info    0x00000000000102f6     0x278e ./Drivers/STM32F1xx_HAL_Driver/Src/stm32f1xx_hal_i2c.o
 .debug_info    0x0000000000012a84      0x88e ./Drivers/STM32F1xx_HAL_Driver/Src/stm32f1xx_hal_rcc.o
 .debug_info    0x0000000000013312     0x16cd ./Drivers/STM32F1xx_HAL_Driver/Src/stm32f1xx_hal_spi.o
 .debug_info    0x00000000000149df     0x2a45 ./Drivers/STM32F1xx_HAL_Driver/Src/stm32f1xx_hal_tim.o
 .debug_info    0x0000000000017424     0x14d5 ./Drivers/STM32F1xx_HAL_Driver/Src/stm32f1xx_hal_tim_ex.o
 .debug_info    0x00000000000188f9     0x161a ./Drivers/STM32F1xx_HAL_Driver/Src/stm32f1xx_hal_uart.o

.debug_abbrev   0x0000000000000000     0x4705
 .debug_abbrev  0x0000000000000000      0x220 ./Core/Src/Component/app_25LC512.o
 .debug_abbrev  0x0000000000000220      0x396 ./Core/Src/Component/app_i2c_lcd.o
 .debug_abbrev  0x00000000000005b6      0x25f ./Core/Src/Component/app_sim7600.o
 .debug_abbrev  0x0000000000000815      0x1ec ./Core/Src/Peripheral/app_gpio.o