app_sim7600.c:128:12:is_Sim7600_TimeOutFlag	4	static
app_sim7600.c:139:6:Set_Sim7600_Timeout_Flag	4	static
app_sim7600.c:150:6:Clear_Sim7600_Timeout_Flag	4	static
app_sim7600.c:159:6:Sim7600_State_Display	8	static
app_sim7600.c:207:9:Sim7600_Run	8	static
app_sim7600.c:225:6:Power_Signal_Low	8	static
app_sim7600.c:236:6:Power_Signal_High	8	static
app_sim7600.c:247:6:Reset_Signal_Low	8	static
app_sim7600.c:259:6:Reset_Signal_High	8	static
app_sim7600.c:271:6:Sim7600_Init	4	static
app_sim7600.c:282:6:Sim7600_Power_On	8	static
app_sim7600.c:296:6:Sim7600_Wait_For_Power_On_Respone	8	static
app_sim7600.c:309:6:Sim7600_Reset	8	static
app_sim7600.c:324:6:Sim7600_Wait_For_Reset_Respone	8	static
app_sim7600.c:336:6:Sim7600_Start_Up	8	static
app_sim7600.c:351:6:Sim7600_Wait_For_Start_Up_Respone	8	static
app_sim7600.c:376:6:Sim7600_Setting	8	static
app_sim7600.c:389:6:Sim7600_Wait_For_Setting_Respone	8	static
app_sim7600.c:423:6:Sim7600_Get_Imei	8	static
app_sim7600.c:436:6:Sim7600_Wait_For_Get_Imei_Respone	8	static
app_sim7600.c:462:6:SIM7600_Set_State	16	static
app_sim7600.c:474:15:Sim7600_Get_State	4	static
app_sim7600.c:484:10:Sim7600_Get_IMEI	4	static
app_sim7600.c:494:12:Get_Imei	16	static
app_sim7600.c:505:6:Reset_SimConfiguration_State	8	static
