app_gpio.c:37:6:GPIO_Init	24	static
app_gpio.c:61:6:urgent_init	24	static
app_gpio.c:81:6:LED_Init	24	static
app_gpio.c:99:6:Switch_Init	24	static
app_gpio.c:120:6:Buzzer_Init	24	static
app_gpio.c:131:6:Sim7600_GPIO_Init	24	static
app_gpio.c:155:6:Read_BoardID	8	static
app_gpio.c:167:9:Get_BoardID	4	static
app_gpio.c:175:6:SPI_CS_Init	24	static
app_gpio.c:191:6:Turn_On_Buzzer	8	static
app_gpio.c:200:6:Turn_Off_Buzzer	8	static
app_gpio.c:209:6:Turn_On_Led2	8	static
app_gpio.c:218:6:Turn_Off_Led2	8	static
app_gpio.c:227:6:Led2_Init_Mode_Done	8	static
app_gpio.c:239:6:Led2_Init_Mode_Error	8	static
app_gpio.c:252:6:Led2_Normal_Working	8	static
app_gpio.c:262:6:Led2_Error_Working	8	static
app_gpio.c:272:6:Led2_Open_Cabinet	8	static
app_gpio.c:284:6:Led2_Close_Cabinet	8	static
app_gpio.c:294:6:Led2_Publish_Data	8	static
app_gpio.c:305:6:Led2_MainB_Send_To_SubB	8	static
app_gpio.c:320:6:Led2_MainB_Recv_From_SubB	8	static
app_gpio.c:333:6:Led2_SubB_Send_To_MainB	8	static
app_gpio.c:346:6:Led2_SubB_Recv_From_MainB	8	static
