stm32f1xx_hal_uart.c:315:19:HAL_UART_Init	16	static
stm32f1xx_hal_uart.c:392:19:HAL_HalfDuplex_Init	16	static
stm32f1xx_hal_uart.c:467:19:HAL_LIN_Init	16	static
stm32f1xx_hal_uart.c:550:19:HAL_MultiProcessor_Init	24	static
stm32f1xx_hal_uart.c:629:19:HAL_UART_DeInit	16	static
stm32f1xx_hal_uart.c:673:13:HAL_UART_MspInit	16	static
stm32f1xx_hal_uart.c:688:13:HAL_UART_MspDeInit	16	static
stm32f1xx_hal_uart.c:1028:19:HAL_UART_Transmit	40	static
stm32f1xx_hal_uart.c:1113:19:HAL_UART_Receive	40	static
stm32f1xx_hal_uart.c:1204:19:HAL_UART_Transmit_IT	24	static
stm32f1xx_hal_uart.c:1249:19:HAL_UART_Receive_IT	24	static
stm32f1xx_hal_uart.c:1300:19:HAL_UART_Transmit_DMA	32	static
stm32f1xx_hal_uart.c:1368:19:HAL_UART_Receive_DMA	32	static
stm32f1xx_hal_uart.c:1435:19:HAL_UART_DMAPause	24	static
stm32f1xx_hal_uart.c:1472:19:HAL_UART_DMAResume	24	static
stm32f1xx_hal_uart.c:1508:19:HAL_UART_DMAStop	24	static
stm32f1xx_hal_uart.c:1560:19:HAL_UART_Abort	16	static
stm32f1xx_hal_uart.c:1642:19:HAL_UART_AbortTransmit	16	static
stm32f1xx_hal_uart.c:1693:19:HAL_UART_AbortReceive	16	static
stm32f1xx_hal_uart.c:1747:19:HAL_UART_Abort_IT	24	static
stm32f1xx_hal_uart.c:1875:19:HAL_UART_AbortTransmit_IT	16	static
stm32f1xx_hal_uart.c:1952:19:HAL_UART_AbortReceive_IT	16	static
stm32f1xx_hal_uart.c:2022:6:HAL_UART_IRQHandler	40	static
stm32f1xx_hal_uart.c:2168:13:HAL_UART_TxCpltCallback	16	static
stm32f1xx_hal_uart.c:2183:13:HAL_UART_TxHalfCpltCallback	16	static
stm32f1xx_hal_uart.c:2198:13:HAL_UART_RxCpltCallback	16	static
stm32f1xx_hal_uart.c:2213:13:HAL_UART_RxHalfCpltCallback	16	static
stm32f1xx_hal_uart.c:2228:13:HAL_UART_ErrorCallback	16	static
stm32f1xx_hal_uart.c:2242:13:HAL_UART_AbortCpltCallback	16	static
stm32f1xx_hal_uart.c:2257:13:HAL_UART_AbortTransmitCpltCallback	16	static
stm32f1xx_hal_uart.c:2272:13:HAL_UART_AbortReceiveCpltCallback	16	static
stm32f1xx_hal_uart.c:2311:19:HAL_LIN_SendBreak	16	static
stm32f1xx_hal_uart.c:2338:19:HAL_MultiProcessor_EnterMuteMode	16	static
stm32f1xx_hal_uart.c:2365:19:HAL_MultiProcessor_ExitMuteMode	16	static
stm32f1xx_hal_uart.c:2392:19:HAL_HalfDuplex_EnableTransmitter	24	static
stm32f1xx_hal_uart.c:2427:19:HAL_HalfDuplex_EnableReceiver	24	static
stm32f1xx_hal_uart.c:2484:23:HAL_UART_GetState	24	static
stm32f1xx_hal_uart.c:2499:10:HAL_UART_GetError	16	static
stm32f1xx_hal_uart.c:2543:13:UART_DMATransmitCplt	24	static
stm32f1xx_hal_uart.c:2578:13:UART_DMATxHalfCplt	24	static
stm32f1xx_hal_uart.c:2597:13:UART_DMAReceiveCplt	24	static
stm32f1xx_hal_uart.c:2631:13:UART_DMARxHalfCplt	24	static
stm32f1xx_hal_uart.c:2650:13:UART_DMAError	24	static
stm32f1xx_hal_uart.c:2691:26:UART_WaitOnFlagUntilTimeout	24	static
stm32f1xx_hal_uart.c:2723:13:UART_EndTxTransfer	16	static
stm32f1xx_hal_uart.c:2737:13:UART_EndRxTransfer	16	static
stm32f1xx_hal_uart.c:2754:13:UART_DMAAbortOnError	24	static
stm32f1xx_hal_uart.c:2778:13:UART_DMATxAbortCallback	24	static
stm32f1xx_hal_uart.c:2823:13:UART_DMARxAbortCallback	24	static
stm32f1xx_hal_uart.c:2868:13:UART_DMATxOnlyAbortCallback	24	static
stm32f1xx_hal_uart.c:2896:13:UART_DMARxOnlyAbortCallback	24	static
stm32f1xx_hal_uart.c:2921:26:UART_Transmit_IT	24	static
stm32f1xx_hal_uart.c:2968:26:UART_EndTransmit_IT	16	static
stm32f1xx_hal_uart.c:2993:26:UART_Receive_IT	24	static
stm32f1xx_hal_uart.c:3066:13:UART_SetConfig	24	static
