app_http.c:98:6:HTTP_Display_State	8	static
app_http.c:147:9:HTTP_Run	8	static
app_http.c:167:6:HTTP_Init	8	static
app_http.c:183:6:HTTP_Wait_For_Init	8	static
app_http.c:204:6:HTTP_Para	8	static
app_http.c:223:6:HTTP_Wait_For_Para	8	static
app_http.c:245:6:HTTP_Action	8	static
app_http.c:264:6:HTTP_Wait_For_Action	8	static
app_http.c:298:6:HTTP_Read	16	static
app_http.c:352:6:HTTP_Wait_For_Read	16	static
app_http.c:402:6:HTTP_Term	8	static
app_http.c:419:6:HTTP_Wait_For_Term	8	static
app_http.c:440:6:HTTP_Done	4	static
app_http.c:450:12:is_Http_TimeOutFlag	4	static
app_http.c:460:6:Set_Http_Timeout_Flag	4	static
app_http.c:470:6:Clear_Http_Timeout_Flag	4	static
app_http.c:481:10:Get_IntegerValue_From_HTTP_Respone	16	static
app_http.c:513:12:HTTP_Firmware_Version	16	static
app_http.c:546:12:is_Firmware_Line_Data_Correct	32	static
app_http.c:583:12:HTTP_Firmware_Data	48	static
app_http.c:740:12:HTTP_Get_Content_Length	8	static
app_http.c:762:12:HTTP_Get_State	4	static
app_http.c:772:6:HTTP_Set_State	16	static
app_http.c:776:6:Reset_Result	4	static
app_http.c:780:6:Reset_HttpConfiguration_State	8	static
app_http.c:785:6:Clear_Http_Command	4	static
app_http.c:789:6:Set_Http_Command	16	static
app_http.c:794:10:HTTP_Return_Content_Length	4	static
app_http.c:798:10:Get_Firmware_Size	4	static
