app_http.c:99:6:HTTP_Display_State	8	static
app_http.c:148:9:HTTP_Run	8	static
app_http.c:168:6:HTTP_Init	8	static
app_http.c:184:6:HTTP_Wait_For_Init	8	static
app_http.c:205:6:HTTP_Para	8	static
app_http.c:224:6:HTTP_Wait_For_Para	8	static
app_http.c:246:6:HTTP_Action	8	static
app_http.c:265:6:HTTP_Wait_For_Action	8	static
app_http.c:299:6:HTTP_Read	16	static
app_http.c:353:6:HTTP_Wait_For_Read	16	static
app_http.c:431:6:HTTP_Term	8	static
app_http.c:448:6:HTTP_Wait_For_Term	8	static
app_http.c:469:6:HTTP_Done	4	static
app_http.c:479:12:is_Http_TimeOutFlag	4	static
app_http.c:489:6:Set_Http_Timeout_Flag	4	static
app_http.c:499:6:Clear_Http_Timeout_Flag	4	static
app_http.c:510:10:Get_IntegerValue_From_HTTP_Respone	16	static
app_http.c:542:12:HTTP_Firmware_Version	16	static
app_http.c:575:12:is_Firmware_Line_Data_Correct	32	static
app_http.c:614:21:HTTP_Firmware_Data	32	static
app_http.c:812:12:HTTP_Get_Content_Length	8	static
app_http.c:834:12:HTTP_Get_State	4	static
app_http.c:844:6:HTTP_Set_State	16	static
app_http.c:848:6:Reset_Result	4	static
app_http.c:852:6:Reset_HttpConfiguration_State	8	static
app_http.c:857:6:Clear_Http_Command	4	static
app_http.c:861:6:Set_Http_Command	16	static
app_http.c:866:10:HTTP_Return_Content_Length	4	static
app_http.c:870:10:Get_Firmware_Size	4	static
