app_http.c:98:6:HTTP_Display_State	8	static
app_http.c:147:9:HTTP_Run	8	static
app_http.c:167:6:HTTP_Init	8	static
app_http.c:183:6:HTTP_Wait_For_Init	8	static
app_http.c:204:6:HTTP_Para	8	static
app_http.c:223:6:HTTP_Wait_For_Para	8	static
app_http.c:245:6:HTTP_Action	8	static
app_http.c:264:6:HTTP_Wait_For_Action	8	static
app_http.c:297:6:HTTP_Read	16	static
app_http.c:339:6:HTTP_Wait_For_Read	16	static
app_http.c:389:6:HTTP_Term	8	static
app_http.c:406:6:HTTP_Wait_For_Term	8	static
app_http.c:427:6:HTTP_Done	4	static
app_http.c:437:12:is_Http_TimeOutFlag	4	static
app_http.c:447:6:Set_Http_Timeout_Flag	4	static
app_http.c:457:6:Clear_Http_Timeout_Flag	4	static
app_http.c:468:10:Get_IntegerValue_From_HTTP_Respone	16	static
app_http.c:500:12:HTTP_Firmware_Version	16	static
app_http.c:533:12:is_Firmware_Line_Data_Correct	32	static
app_http.c:570:12:HTTP_Firmware_Data	48	static
app_http.c:727:12:HTTP_Get_Content_Length	8	static
app_http.c:749:12:HTTP_Get_State	4	static
app_http.c:759:6:HTTP_Set_State	16	static
app_http.c:763:6:Reset_Result	4	static
app_http.c:767:6:Reset_HttpConfiguration_State	8	static
app_http.c:772:6:Clear_Http_Command	4	static
app_http.c:776:6:Set_Http_Command	16	static
app_http.c:781:10:HTTP_Return_Content_Length	4	static
app_http.c:785:10:Get_Firmware_Size	4	static
