app_http.c:101:6:HTTP_Display_State	8	static
app_http.c:150:9:HTTP_Run	8	static
app_http.c:170:6:HTTP_Init	8	static
app_http.c:186:6:HTTP_Wait_For_Init	8	static
app_http.c:207:6:HTTP_Para	8	static
app_http.c:226:6:HTTP_Wait_For_Para	8	static
app_http.c:248:6:HTTP_Action	8	static
app_http.c:267:6:HTTP_Wait_For_Action	8	static
app_http.c:301:6:HTTP_Read	16	static
app_http.c:357:6:HTTP_Wait_For_Read	16	static
app_http.c:440:6:HTTP_Term	8	static
app_http.c:457:6:HTTP_Wait_For_Term	8	static
app_http.c:478:6:HTTP_Done	4	static
app_http.c:488:12:is_Http_TimeOutFlag	4	static
app_http.c:498:6:Set_Http_Timeout_Flag	4	static
app_http.c:508:6:Clear_Http_Timeout_Flag	4	static
app_http.c:519:10:Get_IntegerValue_From_HTTP_Respone	16	static
app_http.c:551:12:HTTP_Firmware_Version	16	static
app_http.c:584:12:is_Firmware_Line_Data_Correct	32	static
app_http.c:623:21:HTTP_Firmware_Data	32	static
app_http.c:820:12:HTTP_Get_Content_Length	8	static
app_http.c:842:12:HTTP_Get_State	4	static
app_http.c:852:6:HTTP_Set_State	16	static
app_http.c:856:6:Reset_Result	4	static
app_http.c:860:6:Reset_HttpConfiguration_State	8	static
app_http.c:865:6:Clear_Http_Command	4	static
app_http.c:869:6:Set_Http_Command	16	static
app_http.c:874:10:HTTP_Return_Content_Length	4	static
app_http.c:878:10:Get_Firmware_Size	4	static
