app_http.c:87:6:HTTP_Display_State	8	static
app_http.c:136:9:HTTP_Run	8	static
app_http.c:156:6:HTTP_Init	8	static
app_http.c:172:6:HTTP_Wait_For_Init	8	static
app_http.c:193:6:HTTP_Para	32	static
app_http.c:207:6:HTTP_Wait_For_Para	8	static
app_http.c:229:6:HTTP_Action	8	static
app_http.c:248:6:HTTP_Wait_For_Action	8	static
app_http.c:281:6:HTTP_Read	16	static
app_http.c:314:6:HTTP_Wait_For_Read	24	static
app_http.c:426:6:HTTP_Term	8	static
app_http.c:443:6:HTTP_Wait_For_Term	8	static
app_http.c:464:6:HTTP_Done	4	static
app_http.c:474:12:is_Http_TimeOutFlag	4	static
app_http.c:484:6:Set_Http_Timeout_Flag	4	static
app_http.c:494:6:Clear_Http_Timeout_Flag	4	static
app_http.c:505:10:Get_IntegerValue_From_HTTP_Respone	16	static
app_http.c:544:12:HTTP_Firmware_Data	40	static
app_http.c:705:12:HTTP_Get_Content_Length	8	static
app_http.c:727:12:HTTP_Get_State	4	static
app_http.c:737:6:HTTP_Set_State	16	static
app_http.c:741:6:Reset_Result	4	static
app_http.c:745:6:Reset_HttpConfiguration_State	8	static
app_http.c:750:6:Clear_Http_Command	4	static
app_http.c:754:6:Set_Http_Command	16	static
app_http.c:759:10:HTTP_Return_Content_Length	4	static
app_http.c:763:10:Get_Firmware_Size	4	static
