app_sim5320MQTT.c:152:9:MQTT_Run	8	static
app_sim5320MQTT.c:162:6:MQTT_State_Display	8	static
app_sim5320MQTT.c:208:6:Mqtt_Clear_Timeout_Flag	4	static
app_sim5320MQTT.c:211:6:Mqtt_Command_Timeout	4	static
app_sim5320MQTT.c:214:9:is_Mqtt_Command_Timeout	4	static
app_sim5320MQTT.c:218:6:Mqtt_Clear_Subscribe_Timeout_Flag	4	static
app_sim5320MQTT.c:221:6:Mqtt_Subscribe_Timeout	4	static
app_sim5320MQTT.c:224:9:is_Mqtt_Subscribe_Timeout	4	static
app_sim5320MQTT.c:228:6:Set_Mqtt_State	16	static
app_sim5320MQTT.c:231:12:Get_Mqtt_State	4	static
app_sim5320MQTT.c:235:6:Clear_Mqtt_Message_Buffer	16	static
app_sim5320MQTT.c:242:6:SM_Send_Data	24	static
app_sim5320MQTT.c:279:6:SM_Mqtt_Open	8	static
app_sim5320MQTT.c:289:6:SM_Mqtt_Wait_For_Response_From_Open_State	8	static
app_sim5320MQTT.c:301:6:SM_Mqtt_Connect	8	static
app_sim5320MQTT.c:308:6:SM_Mqtt_Receive_Greater_Than_Symbol_Connect_State	8	static
app_sim5320MQTT.c:320:6:SM_Mqtt_Wait_For_Response_From_Connect_State	8	static
app_sim5320MQTT.c:333:6:SM_Mqtt_Subscribe	8	static
app_sim5320MQTT.c:347:6:SM_Mqtt_Receive_Greater_Than_Symbol_Subscribe_State	8	static
app_sim5320MQTT.c:364:6:SM_Mqtt_Wait_For_Response_From_Subscribe_State	8	static
app_sim5320MQTT.c:386:6:SM_Wait_For_New_Command	4	static
app_sim5320MQTT.c:398:6:SM_Mqtt_Publish	8	static
app_sim5320MQTT.c:405:6:SM_Mqtt_Receive_Greater_Than_Symbol_Publish_State	8	static
app_sim5320MQTT.c:417:6:SM_Mqtt_Wait_For_Response_From_Publish_State	8	static
app_sim5320MQTT.c:431:6:SM_Mqtt_Disconnect	8	static
app_sim5320MQTT.c:438:6:SM_Wait_For_Response_From_Disconnect_State	8	static
app_sim5320MQTT.c:452:6:SM_Mqtt_Ping_Request	8	static
app_sim5320MQTT.c:460:6:SM_Mqtt_Receive_Greater_Than_Symbol_Ping_Request_State	8	static
app_sim5320MQTT.c:471:6:SM_Wait_For_Mqtt_Ping_Resquest_Response	8	static
app_sim5320MQTT.c:483:6:Setup_Mqtt_Connect_Message	16	static
app_sim5320MQTT.c:669:6:Setup_Mqtt_Subscribe_Message	24	static
app_sim5320MQTT.c:699:6:Setup_Mqtt_Publish_Message	32	static
app_sim5320MQTT.c:727:6:Setup_Mqtt_Ping_Request_Message	8	static
