app_sim3g.c:175:6:TestSendATcommand	16	static
app_sim3g.c:184:9:Sim3g_Run	8	static
app_sim3g.c:193:9:isSim3g_Run_Finished	4	static
app_sim3g.c:196:6:Sim3g_State_Display	4	static
app_sim3g.c:234:6:Set_Sim3G_State	16	static
app_sim3g.c:237:13:Get_Sim3G_State	4	static
app_sim3g.c:242:6:Sim3g_Init	8	static
app_sim3g.c:255:6:Sim3g_GPIO_Init	24	static
app_sim3g.c:277:6:Sim3g_Disable	8	static
app_sim3g.c:280:6:Sim3g_Enable	8	static
app_sim3g.c:285:6:Sim3g_WakeUp	8	static
app_sim3g.c:290:6:Power_Signal_Low	8	static
app_sim3g.c:293:6:Power_Signal_High	8	static
app_sim3g.c:296:6:Reset_Signal_Low	8	static
app_sim3g.c:299:6:Reset_Signal_High	8	static
app_sim3g.c:303:6:Sim3g_Clear_Timeout_Flag	4	static
app_sim3g.c:306:6:Sim3g_Command_Timeout	4	static
app_sim3g.c:309:9:is_Sim3g_Command_Timeout	4	static
app_sim3g.c:313:6:SM_Power_On_Sim3g	8	static
app_sim3g.c:321:6:SM_Wait_For_Sim3g_Power_On	8	static
app_sim3g.c:327:6:SM_Reset_Sim3g	8	static
app_sim3g.c:335:6:SM_Wait_For_Sim3g_Reset	8	static
app_sim3g.c:340:6:SM_Power_Off_Sim3g	8	static
app_sim3g.c:348:6:SM_Wait_For_Sim3g_Power_Off	8	static
app_sim3g.c:356:6:Setting_Up_Timeout	8	static
app_sim3g.c:363:6:SM_Sim3g_Startup	4	static
app_sim3g.c:367:6:SM_Wait_For_Sim3g_Startup_Response	4	static
app_sim3g.c:381:6:SM_Sim3g_Setting	8	static
app_sim3g.c:386:6:SM_Wait_For_Sim3g_Setting_Response	8	static
app_sim3g.c:410:12:isReceivedData	24	static
app_sim3g.c:421:12:isReceivedDataFromServer	16	static
app_sim3g.c:428:6:Processing_Received_Data	24	static
app_sim3g.c:445:6:FSM_Process_Data_Received_From_Sim3g	8	static
app_sim3g.c:520:6:Clear_Sim3gDataProcessingBuffer	16	static
app_sim3g.c:527:6:UART3_SendReceivedBuffer	8	static
app_sim3g.c:533:12:isRecvFrom	4	static
app_sim3g.c:537:12:isIPClose	4	static
app_sim3g.c:540:12:isSendOK	4	static
app_sim3g.c:544:6:Set_Is_Receive_Data_From_Server	16	static
app_sim3g.c:547:12:Get_Is_Receive_Data_From_Server	4	static
