app_led_display.c:46:6:Led_Display_Init	24	static
app_led_display.c:70:13:Latch_Enable	16	static
app_led_display.c:76:13:Latch_Disable	16	static
app_led_display.c:82:13:Output_Enable	8	static
app_led_display.c:88:13:Clock_On	16	static
app_led_display.c:95:13:Clock_Off	16	static
app_led_display.c:102:13:Data_Out	16	static
app_led_display.c:106:6:Led_Display	16	static
app_led_display.c:120:6:Led_Update_Status_Buffer	16	static
app_led_display.c:152:6:Led_Display_Color	24	static
app_led_display.c:162:6:Led_Display_Clear_All	16	static
app_led_display.c:168:6:Led_Display_Set_All	24	static
app_led_display.c:174:6:Test_Led_Display	4	static
app_led_display.c:180:6:LED_Display_FSM	16	static
