app_fsm.c:68:6:Clear_Ping_Request_Timeout_Flag	4	static
app_fsm.c:71:6:Set_Ping_Request_Timeout_Flag	4	static
app_fsm.c:74:9:is_Ping_Request_Timeout	4	static
app_fsm.c:78:6:Clear_Publish_Message_Timeout_Flag	4	static
app_fsm.c:81:6:Set_Publish_Message_Timeout_Flag	4	static
app_fsm.c:84:9:is_Publish_Message_Timeout	4	static
app_fsm.c:88:6:Update_Power_Consumption	16	static
app_fsm.c:98:6:Update_Publish_Power_Message	24	static
app_fsm.c:147:6:Update_Publish_Power_Message_All_Outlets	72	static
app_fsm.c:237:6:Update_Publish_Status_Message	16	static
app_fsm.c:265:6:Led_Status_Display	8	static
app_fsm.c:291:6:Server_Communication	8	static
