app_uart.c:37:6:UART1_Init	8	static
app_uart.c:60:6:UART2_Init	8	static
app_uart.c:83:6:UART3_Init	8	static
app_uart.c:102:19:Sim3g_Receive_Setup	8	static
app_uart.c:109:6:HAL_UART_TxCpltCallback	16	static
app_uart.c:115:6:HAL_UART_ErrorCallback	16	static
app_uart.c:121:6:UART3_SendToHost	24	static
app_uart.c:127:6:UART3_Transmit	16	static
app_uart.c:139:6:UART1_Transmit	24	static
app_uart.c:152:6:Sim3g_Transmit	16	static
app_uart.c:166:19:Custom_UART_Receive_IT	16	static
app_uart.c:181:9:Uart1_Received_Buffer_Available	4	static
app_uart.c:188:9:Uart1_Read_Received_Buffer	16	static
app_uart.c:196:6:ATcommandSending	16	static
app_uart.c:202:6:MQTTCommandSending	16	static
app_uart.c:209:10:isSim3gReceiveReady	4	static
app_uart.c:218:10:isSim3gTransmissionReady	4	static
