stm32f1xx_it.c:35:6:NMI_Handler	4	static
stm32f1xx_it.c:43:6:HardFault_Handler	4	static
stm32f1xx_it.c:58:6:MemManage_Handler	4	static
stm32f1xx_it.c:73:6:BusFault_Handler	4	static
stm32f1xx_it.c:88:6:UsageFault_Handler	4	static
stm32f1xx_it.c:103:6:SVC_Handler	4	static
stm32f1xx_it.c:116:6:DebugMon_Handler	4	static
stm32f1xx_it.c:129:6:PendSV_Handler	4	static
stm32f1xx_it.c:142:6:SysTick_Handler	8	static
stm32f1xx_it.c:157:6:EXTI15_10_IRQHandler	8	static
stm32f1xx_it.c:167:6:TIM3_IRQHandler	8	static
stm32f1xx_it.c:173:6:USART1_IRQHandler	8	static
stm32f1xx_it.c:182:6:DMA1_Channel1_IRQHandler	8	static
