stm32f1xx_nucleo.c:163:10:BSP_GetVersion	4	static
stm32f1xx_nucleo.c:178:6:BSP_LED_Init	40	static
stm32f1xx_nucleo.c:204:6:BSP_LED_DeInit	32	static
stm32f1xx_nucleo.c:221:6:BSP_LED_On	16	static
stm32f1xx_nucleo.c:232:6:BSP_LED_Off	16	static
stm32f1xx_nucleo.c:243:6:BSP_LED_Toggle	16	static
stm32f1xx_nucleo.c:266:6:BSP_PB_Init	40	static
stm32f1xx_nucleo.c:303:6:BSP_PB_DeInit	32	static
stm32f1xx_nucleo.c:318:10:BSP_PB_GetState	16	static
stm32f1xx_nucleo.c:341:13:SPIx_MspInit	40	static
stm32f1xx_nucleo.c:372:13:SPIx_Init	8	static
stm32f1xx_nucleo.c:407:13:SPIx_WriteReadData	40	static
stm32f1xx_nucleo.c:426:13:SPIx_WriteData	24	static
stm32f1xx_nucleo.c:444:13:SPIx_Write	32	static
stm32f1xx_nucleo.c:462:13:SPIx_Error	8	static
stm32f1xx_nucleo.c:480:6:SD_IO_Init	32	static
stm32f1xx_nucleo.c:522:6:SD_IO_CSState	16	static
stm32f1xx_nucleo.c:540:6:SD_IO_WriteReadData	24	static
stm32f1xx_nucleo.c:551:9:SD_IO_WriteByte	24	static
stm32f1xx_nucleo.c:565:6:SD_IO_ReadData	16	static
stm32f1xx_nucleo.c:576:6:SD_IO_WriteData	16	static
stm32f1xx_nucleo.c:586:6:LCD_IO_Init	32	static
stm32f1xx_nucleo.c:616:6:LCD_IO_WriteReg	16	static
stm32f1xx_nucleo.c:636:6:LCD_IO_WriteMultipleData	24	static
stm32f1xx_nucleo.c:687:6:LCD_Delay	16	static
stm32f1xx_nucleo.c:699:13:ADCx_MspInit	40	static
stm32f1xx_nucleo.c:723:13:ADCx_MspDeInit	32	static
stm32f1xx_nucleo.c:742:26:ADCx_Init	8	static
stm32f1xx_nucleo.c:780:13:ADCx_DeInit	8	static
stm32f1xx_nucleo.c:795:9:BSP_JOY_Init	8	static
stm32f1xx_nucleo.c:815:6:BSP_JOY_DeInit	8	static
stm32f1xx_nucleo.c:832:18:BSP_JOY_GetState	16	static
